/*C23*/SET SCHEMA PUBLIC
DISCONNECT
/*C24*/SET SCHEMA PUBLIC
DISCONNECT
/*C25*/SET SCHEMA PUBLIC
INSERT INTO RECORDED_INSTANCE VALUES('uuid:6bc859b0-7681-44cc-b51c-674cae87cd5f','instances\u005cuuid6bc859b0-7681-44cc-b51c-674cae87cd5f')
COMMIT
INSERT INTO RECORDED_INSTANCE VALUES('uuid:9ccb61a8-36fe-49ac-8d4a-43ee96eaa322','instances\u005cuuid9ccb61a8-36fe-49ac-8d4a-43ee96eaa322')
COMMIT
INSERT INTO RECORDED_INSTANCE VALUES('uuid:f9eb10a6-b459-49e4-8f36-c1bba20209f5','instances\u005cuuidf9eb10a6-b459-49e4-8f36-c1bba20209f5')
COMMIT
INSERT INTO RECORDED_INSTANCE VALUES('uuid:2ca9d57a-1e22-427d-bbdc-224aadd4b027','instances\u005cuuid2ca9d57a-1e22-427d-bbdc-224aadd4b027')
COMMIT
DISCONNECT
/*C26*/SET SCHEMA PUBLIC
DISCONNECT
/*C27*/SET SCHEMA PUBLIC
DISCONNECT
/*C28*/SET SCHEMA PUBLIC
INSERT INTO RECORDED_INSTANCE VALUES('uuid:0fc333f0-7522-401a-872c-07f27c5e82be','instances\u005cuuid0fc333f0-7522-401a-872c-07f27c5e82be')
COMMIT
INSERT INTO RECORDED_INSTANCE VALUES('uuid:2bbcc01a-8136-4560-a3e2-615b7219a707','instances\u005cuuid2bbcc01a-8136-4560-a3e2-615b7219a707')
COMMIT
INSERT INTO RECORDED_INSTANCE VALUES('uuid:8595fff7-9448-4b01-95a2-e4a163105cd6','instances\u005cuuid8595fff7-9448-4b01-95a2-e4a163105cd6')
COMMIT
/*C29*/SET SCHEMA PUBLIC
INSERT INTO RECORDED_INSTANCE VALUES('uuid:21e10661-3ca6-4776-a721-7b2a21e40ce9','instances\u005cuuid21e10661-3ca6-4776-a721-7b2a21e40ce9')
COMMIT
/*C28*/INSERT INTO RECORDED_INSTANCE VALUES('uuid:35323fed-450d-4ba1-8995-f04263a91748','instances\u005cuuid35323fed-450d-4ba1-8995-f04263a91748')
COMMIT
INSERT INTO RECORDED_INSTANCE VALUES('uuid:297e5a4b-c870-45fa-849f-6ac9bc5cec0c','instances\u005cuuid297e5a4b-c870-45fa-849f-6ac9bc5cec0c')
COMMIT
INSERT INTO RECORDED_INSTANCE VALUES('uuid:91ec61df-01d2-4127-97b0-aeef09c6a7a5','instances\u005cuuid91ec61df-01d2-4127-97b0-aeef09c6a7a5')
COMMIT
INSERT INTO RECORDED_INSTANCE VALUES('uuid:975f9d2e-6a58-4b50-bfff-94ac10a1eca1','instances\u005cuuid975f9d2e-6a58-4b50-bfff-94ac10a1eca1')
COMMIT
/*C29*/INSERT INTO RECORDED_INSTANCE VALUES('uuid:112f8d0e-a39c-4de9-9af9-4c64c6d32721','instances\u005cuuid112f8d0e-a39c-4de9-9af9-4c64c6d32721')
COMMIT
/*C28*/INSERT INTO RECORDED_INSTANCE VALUES('uuid:912cebc0-c9e8-4e00-843b-085253e167c3','instances\u005cuuid912cebc0-c9e8-4e00-843b-085253e167c3')
COMMIT
INSERT INTO RECORDED_INSTANCE VALUES('uuid:89f036a9-3155-47e1-98fc-31027edaed1a','instances\u005cuuid89f036a9-3155-47e1-98fc-31027edaed1a')
COMMIT
INSERT INTO RECORDED_INSTANCE VALUES('uuid:85f4ad25-c95c-4978-bf1b-db16aada3123','instances\u005cuuid85f4ad25-c95c-4978-bf1b-db16aada3123')
COMMIT
INSERT INTO RECORDED_INSTANCE VALUES('uuid:a0f56952-b7f3-432d-bccd-f82c56d27b06','instances\u005cuuida0f56952-b7f3-432d-bccd-f82c56d27b06')
COMMIT
INSERT INTO RECORDED_INSTANCE VALUES('uuid:8d425a48-f801-4f0c-8881-6e3d7069027f','instances\u005cuuid8d425a48-f801-4f0c-8881-6e3d7069027f')
COMMIT
/*C29*/INSERT INTO RECORDED_INSTANCE VALUES('uuid:d8b702dc-8a7e-4c1e-a0a3-92be87df5716','instances\u005cuuidd8b702dc-8a7e-4c1e-a0a3-92be87df5716')
COMMIT
DISCONNECT
/*C28*/INSERT INTO RECORDED_INSTANCE VALUES('uuid:9e14d3eb-d93c-43dc-997e-b02a63071223','instances\u005cuuid9e14d3eb-d93c-43dc-997e-b02a63071223')
COMMIT
INSERT INTO RECORDED_INSTANCE VALUES('uuid:62067cd2-4a30-4e6a-85d5-1c1d26d43296','instances\u005cuuid62067cd2-4a30-4e6a-85d5-1c1d26d43296')
COMMIT
INSERT INTO RECORDED_INSTANCE VALUES('uuid:6cbd989c-8be0-4536-8726-445bfc0707a0','instances\u005cuuid6cbd989c-8be0-4536-8726-445bfc0707a0')
COMMIT
INSERT INTO RECORDED_INSTANCE VALUES('uuid:d880b6d2-f080-4067-a717-89f9799a6e2b','instances\u005cuuidd880b6d2-f080-4067-a717-89f9799a6e2b')
COMMIT
INSERT INTO RECORDED_INSTANCE VALUES('uuid:f48287d0-77b1-4a84-93e9-b2d95fa68d6a','instances\u005cuuidf48287d0-77b1-4a84-93e9-b2d95fa68d6a')
COMMIT
INSERT INTO RECORDED_INSTANCE VALUES('uuid:fba8d88f-c70c-4968-ac0b-f7f75828f28f','instances\u005cuuidfba8d88f-c70c-4968-ac0b-f7f75828f28f')
COMMIT
INSERT INTO RECORDED_INSTANCE VALUES('uuid:2f192197-200b-4f37-bda0-f784b5398c0d','instances\u005cuuid2f192197-200b-4f37-bda0-f784b5398c0d')
COMMIT
INSERT INTO RECORDED_INSTANCE VALUES('uuid:f2140f62-e72c-48d1-a093-de2fdae98933','instances\u005cuuidf2140f62-e72c-48d1-a093-de2fdae98933')
COMMIT
INSERT INTO RECORDED_INSTANCE VALUES('uuid:22a54cec-afb2-47bd-98bb-71f8d4685b13','instances\u005cuuid22a54cec-afb2-47bd-98bb-71f8d4685b13')
COMMIT
INSERT INTO RECORDED_INSTANCE VALUES('uuid:11fa1722-f6c6-4a32-9770-ba9716c1b2d4','instances\u005cuuid11fa1722-f6c6-4a32-9770-ba9716c1b2d4')
COMMIT
INSERT INTO RECORDED_INSTANCE VALUES('uuid:4cae8c1d-7b04-40bf-be87-2b4b1ba11794','instances\u005cuuid4cae8c1d-7b04-40bf-be87-2b4b1ba11794')
COMMIT
INSERT INTO RECORDED_INSTANCE VALUES('uuid:46fae4fe-3f1e-45b4-8c5d-565d5a1b0ce5','instances\u005cuuid46fae4fe-3f1e-45b4-8c5d-565d5a1b0ce5')
COMMIT
INSERT INTO RECORDED_INSTANCE VALUES('uuid:5d9593d5-68bf-4f24-8cb5-63e25d57d58a','instances\u005cuuid5d9593d5-68bf-4f24-8cb5-63e25d57d58a')
COMMIT
INSERT INTO RECORDED_INSTANCE VALUES('uuid:352160aa-2817-4efa-bf8c-2f4325e7a03b','instances\u005cuuid352160aa-2817-4efa-bf8c-2f4325e7a03b')
COMMIT
INSERT INTO RECORDED_INSTANCE VALUES('uuid:5df3db8c-222b-460e-a488-495c16ad0b19','instances\u005cuuid5df3db8c-222b-460e-a488-495c16ad0b19')
COMMIT
INSERT INTO RECORDED_INSTANCE VALUES('uuid:c493b051-4b9b-469e-a890-b04167e3d830','instances\u005cuuidc493b051-4b9b-469e-a890-b04167e3d830')
COMMIT
INSERT INTO RECORDED_INSTANCE VALUES('uuid:d7c9a9f4-2099-4c5d-a9c3-42109fee90fd','instances\u005cuuidd7c9a9f4-2099-4c5d-a9c3-42109fee90fd')
COMMIT
INSERT INTO RECORDED_INSTANCE VALUES('uuid:5699887a-55e0-41c3-8536-e78c3605ccf7','instances\u005cuuid5699887a-55e0-41c3-8536-e78c3605ccf7')
COMMIT
INSERT INTO RECORDED_INSTANCE VALUES('uuid:21515c6e-17cf-4e8e-ba6e-e6511c023c92','instances\u005cuuid21515c6e-17cf-4e8e-ba6e-e6511c023c92')
COMMIT
INSERT INTO RECORDED_INSTANCE VALUES('uuid:091ba331-88ee-4e1a-9db0-f745840bd4b7','instances\u005cuuid091ba331-88ee-4e1a-9db0-f745840bd4b7')
COMMIT
INSERT INTO RECORDED_INSTANCE VALUES('uuid:438f6f30-6221-4bff-8847-7feb40b033c6','instances\u005cuuid438f6f30-6221-4bff-8847-7feb40b033c6')
COMMIT
INSERT INTO RECORDED_INSTANCE VALUES('uuid:5bd85a02-176c-43e6-849b-fc713f138311','instances\u005cuuid5bd85a02-176c-43e6-849b-fc713f138311')
COMMIT
INSERT INTO RECORDED_INSTANCE VALUES('uuid:d94e08e1-13c4-439b-b1e7-875f21aef7ee','instances\u005cuuidd94e08e1-13c4-439b-b1e7-875f21aef7ee')
COMMIT
INSERT INTO RECORDED_INSTANCE VALUES('uuid:9e38f82e-674f-407a-9542-fbde004cb141','instances\u005cuuid9e38f82e-674f-407a-9542-fbde004cb141')
COMMIT
INSERT INTO RECORDED_INSTANCE VALUES('uuid:6af923fa-5043-4379-b1f5-8e9ec0dde4d2','instances\u005cuuid6af923fa-5043-4379-b1f5-8e9ec0dde4d2')
COMMIT
INSERT INTO RECORDED_INSTANCE VALUES('uuid:b9248b5f-4320-4b90-b749-e0ebc4ade60b','instances\u005cuuidb9248b5f-4320-4b90-b749-e0ebc4ade60b')
COMMIT
INSERT INTO RECORDED_INSTANCE VALUES('uuid:2567646b-af3a-482e-a776-c32d6ca10b0c','instances\u005cuuid2567646b-af3a-482e-a776-c32d6ca10b0c')
COMMIT
INSERT INTO RECORDED_INSTANCE VALUES('uuid:f656d162-35d7-4264-9db6-2d5490e0f994','instances\u005cuuidf656d162-35d7-4264-9db6-2d5490e0f994')
COMMIT
INSERT INTO RECORDED_INSTANCE VALUES('uuid:bc3106cd-e2be-47d9-ace8-20ebef4bee9f','instances\u005cuuidbc3106cd-e2be-47d9-ace8-20ebef4bee9f')
COMMIT
INSERT INTO RECORDED_INSTANCE VALUES('uuid:89e39233-4f40-49f5-a454-1254d30f70f9','instances\u005cuuid89e39233-4f40-49f5-a454-1254d30f70f9')
COMMIT
INSERT INTO RECORDED_INSTANCE VALUES('uuid:82689863-36c1-4967-9fb6-19c7b64a4f0b','instances\u005cuuid82689863-36c1-4967-9fb6-19c7b64a4f0b')
COMMIT
INSERT INTO RECORDED_INSTANCE VALUES('uuid:221181c4-502e-4540-8ed8-1cd43bae1ec1','instances\u005cuuid221181c4-502e-4540-8ed8-1cd43bae1ec1')
COMMIT
INSERT INTO RECORDED_INSTANCE VALUES('uuid:b1fc8430-0738-4e34-b274-6e956ff4a79e','instances\u005cuuidb1fc8430-0738-4e34-b274-6e956ff4a79e')
COMMIT
DISCONNECT
/*C30*/SET SCHEMA PUBLIC
DISCONNECT
/*C31*/SET SCHEMA PUBLIC
DISCONNECT
/*C32*/SET SCHEMA PUBLIC
INSERT INTO RECORDED_INSTANCE VALUES('uuid:ba3ecd72-104f-432e-9eab-7afd21304bd7','instances\u005cuuidba3ecd72-104f-432e-9eab-7afd21304bd7')
COMMIT
INSERT INTO RECORDED_INSTANCE VALUES('uuid:460ba0ca-fbc5-4891-b52c-5e458c15629e','instances\u005cuuid460ba0ca-fbc5-4891-b52c-5e458c15629e')
COMMIT
INSERT INTO RECORDED_INSTANCE VALUES('uuid:2bb1802f-7d7f-407d-9e7b-690ce059e58e','instances\u005cuuid2bb1802f-7d7f-407d-9e7b-690ce059e58e')
COMMIT
DISCONNECT
/*C33*/SET SCHEMA PUBLIC
DISCONNECT
/*C35*/SET SCHEMA PUBLIC
DISCONNECT
/*C34*/SET SCHEMA PUBLIC
INSERT INTO RECORDED_INSTANCE VALUES('uuid:b78464ff-2916-4b88-8257-a978b6b10f54','instances\u005cuuidb78464ff-2916-4b88-8257-a978b6b10f54')
COMMIT
INSERT INTO RECORDED_INSTANCE VALUES('uuid:367da793-ec07-46ab-a0d5-b4e7e18272e8','instances\u005cuuid367da793-ec07-46ab-a0d5-b4e7e18272e8')
COMMIT
INSERT INTO RECORDED_INSTANCE VALUES('uuid:565eacb1-7219-47f6-a8cc-81f50dc8970b','instances\u005cuuid565eacb1-7219-47f6-a8cc-81f50dc8970b')
COMMIT
INSERT INTO RECORDED_INSTANCE VALUES('uuid:efd78bff-466e-4b18-a0d1-249ba68d3b4e','instances\u005cuuidefd78bff-466e-4b18-a0d1-249ba68d3b4e')
COMMIT
INSERT INTO RECORDED_INSTANCE VALUES('uuid:15f29475-863b-4819-b1fb-a6580a953db9','instances\u005cuuid15f29475-863b-4819-b1fb-a6580a953db9')
COMMIT
INSERT INTO RECORDED_INSTANCE VALUES('uuid:f578c187-dc16-4064-9cad-8d5943a757fd','instances\u005cuuidf578c187-dc16-4064-9cad-8d5943a757fd')
COMMIT
INSERT INTO RECORDED_INSTANCE VALUES('uuid:b300df95-0db2-4374-98d8-80c87d0a6079','instances\u005cuuidb300df95-0db2-4374-98d8-80c87d0a6079')
COMMIT
INSERT INTO RECORDED_INSTANCE VALUES('uuid:a76409ab-45ba-42f7-8048-e2f71f5ff3fd','instances\u005cuuida76409ab-45ba-42f7-8048-e2f71f5ff3fd')
COMMIT
INSERT INTO RECORDED_INSTANCE VALUES('uuid:99b620ee-d4f4-496e-a487-6721475bb0c6','instances\u005cuuid99b620ee-d4f4-496e-a487-6721475bb0c6')
COMMIT
DISCONNECT
/*C36*/SET SCHEMA PUBLIC
DISCONNECT
/*C37*/SET SCHEMA PUBLIC
DISCONNECT
/*C38*/SET SCHEMA PUBLIC
DISCONNECT
/*C39*/SET SCHEMA PUBLIC
DISCONNECT
/*C40*/SET SCHEMA PUBLIC
INSERT INTO RECORDED_INSTANCE VALUES('uuid:b90b016a-6bca-47ad-8399-bbfa1a752108','instances\u005cuuidb90b016a-6bca-47ad-8399-bbfa1a752108')
COMMIT
INSERT INTO RECORDED_INSTANCE VALUES('uuid:58b6c47a-af1a-489f-8534-66efc3ce207f','instances\u005cuuid58b6c47a-af1a-489f-8534-66efc3ce207f')
COMMIT
INSERT INTO RECORDED_INSTANCE VALUES('uuid:4738d5fc-afe0-4b2d-98e6-ce206d7cf912','instances\u005cuuid4738d5fc-afe0-4b2d-98e6-ce206d7cf912')
COMMIT
INSERT INTO RECORDED_INSTANCE VALUES('uuid:b67a74fb-899e-4c2a-b66a-d28cba6a3d80','instances\u005cuuidb67a74fb-899e-4c2a-b66a-d28cba6a3d80')
COMMIT
INSERT INTO RECORDED_INSTANCE VALUES('uuid:e74cf385-594f-4905-9bd2-12fc2e11e3f8','instances\u005cuuide74cf385-594f-4905-9bd2-12fc2e11e3f8')
COMMIT
INSERT INTO RECORDED_INSTANCE VALUES('uuid:a31385c0-57ff-4679-a983-a0278738fb0e','instances\u005cuuida31385c0-57ff-4679-a983-a0278738fb0e')
COMMIT
INSERT INTO RECORDED_INSTANCE VALUES('uuid:14234435-7b07-4f49-b202-1d21c24b8b5d','instances\u005cuuid14234435-7b07-4f49-b202-1d21c24b8b5d')
COMMIT
INSERT INTO RECORDED_INSTANCE VALUES('uuid:ca1106cf-40ea-44a7-8d7c-06a967580b14','instances\u005cuuidca1106cf-40ea-44a7-8d7c-06a967580b14')
COMMIT
INSERT INTO RECORDED_INSTANCE VALUES('uuid:859ebcb5-affe-4231-8d18-77c6be13a349','instances\u005cuuid859ebcb5-affe-4231-8d18-77c6be13a349')
COMMIT
INSERT INTO RECORDED_INSTANCE VALUES('uuid:d7d8ca1c-ba64-4c75-83cd-40e9db9f1864','instances\u005cuuidd7d8ca1c-ba64-4c75-83cd-40e9db9f1864')
COMMIT
INSERT INTO RECORDED_INSTANCE VALUES('uuid:510bd7d5-ed5a-4bd3-a0e7-397be9ae494e','instances\u005cuuid510bd7d5-ed5a-4bd3-a0e7-397be9ae494e')
COMMIT
INSERT INTO RECORDED_INSTANCE VALUES('uuid:61f5cc20-53be-4846-bc8f-3f2c59183a0c','instances\u005cuuid61f5cc20-53be-4846-bc8f-3f2c59183a0c')
COMMIT
INSERT INTO RECORDED_INSTANCE VALUES('uuid:5d7583bc-4b01-4da9-b5d8-e3e75551c897','instances\u005cuuid5d7583bc-4b01-4da9-b5d8-e3e75551c897')
COMMIT
INSERT INTO RECORDED_INSTANCE VALUES('uuid:929abbfc-ab72-46c3-b3cd-573e8b8b958b','instances\u005cuuid929abbfc-ab72-46c3-b3cd-573e8b8b958b')
COMMIT
INSERT INTO RECORDED_INSTANCE VALUES('uuid:6b7288a5-6e64-4249-a138-b12305d82312','instances\u005cuuid6b7288a5-6e64-4249-a138-b12305d82312')
COMMIT
INSERT INTO RECORDED_INSTANCE VALUES('uuid:c8b01a01-8f92-4fc7-9aca-29f52ded63f7','instances\u005cuuidc8b01a01-8f92-4fc7-9aca-29f52ded63f7')
COMMIT
/*C41*/SET SCHEMA PUBLIC
DISCONNECT
/*C40*/INSERT INTO RECORDED_INSTANCE VALUES('uuid:2f53d38f-f818-4580-b685-08b9ba7c4b92','instances\u005cuuid2f53d38f-f818-4580-b685-08b9ba7c4b92')
COMMIT
INSERT INTO RECORDED_INSTANCE VALUES('uuid:ea9e33dc-6594-47c1-b829-47bacb594991','instances\u005cuuidea9e33dc-6594-47c1-b829-47bacb594991')
COMMIT
INSERT INTO RECORDED_INSTANCE VALUES('uuid:a0ed3bd8-6a05-48b1-ac00-f1a890932f51','instances\u005cuuida0ed3bd8-6a05-48b1-ac00-f1a890932f51')
COMMIT
DISCONNECT
/*C42*/SET SCHEMA PUBLIC
DISCONNECT
/*C43*/SET SCHEMA PUBLIC
DISCONNECT
/*C44*/SET SCHEMA PUBLIC
DISCONNECT
/*C45*/SET SCHEMA PUBLIC
DISCONNECT
/*C46*/SET SCHEMA PUBLIC
DISCONNECT
/*C47*/SET SCHEMA PUBLIC
DISCONNECT
/*C48*/SET SCHEMA PUBLIC
DISCONNECT
/*C49*/SET SCHEMA PUBLIC
DISCONNECT
/*C50*/SET SCHEMA PUBLIC
DISCONNECT
/*C51*/SET SCHEMA PUBLIC
DISCONNECT
/*C52*/SET SCHEMA PUBLIC
DISCONNECT
/*C53*/SET SCHEMA PUBLIC
DISCONNECT
/*C54*/SET SCHEMA PUBLIC
DISCONNECT
/*C55*/SET SCHEMA PUBLIC
DISCONNECT
/*C56*/SET SCHEMA PUBLIC
DISCONNECT
/*C57*/SET SCHEMA PUBLIC
DISCONNECT
/*C58*/SET SCHEMA PUBLIC
DISCONNECT
/*C59*/SET SCHEMA PUBLIC
DISCONNECT
/*C60*/SET SCHEMA PUBLIC
DISCONNECT
/*C61*/SET SCHEMA PUBLIC
DISCONNECT
/*C62*/SET SCHEMA PUBLIC
DISCONNECT
/*C63*/SET SCHEMA PUBLIC
DISCONNECT
/*C64*/SET SCHEMA PUBLIC
DISCONNECT
/*C65*/SET SCHEMA PUBLIC
DISCONNECT
/*C66*/SET SCHEMA PUBLIC
DISCONNECT
/*C67*/SET SCHEMA PUBLIC
DISCONNECT
/*C68*/SET SCHEMA PUBLIC
DISCONNECT
/*C69*/SET SCHEMA PUBLIC
DISCONNECT
/*C70*/SET SCHEMA PUBLIC
DISCONNECT
/*C71*/SET SCHEMA PUBLIC
DISCONNECT
/*C72*/SET SCHEMA PUBLIC
DISCONNECT
/*C73*/SET SCHEMA PUBLIC
DISCONNECT
/*C74*/SET SCHEMA PUBLIC
INSERT INTO RECORDED_INSTANCE VALUES('uuid:ec8932a4-d146-4b57-bec5-98836d4b3338','instances\u005cuuidec8932a4-d146-4b57-bec5-98836d4b3338')
COMMIT
/*C75*/SET SCHEMA PUBLIC
DISCONNECT
/*C76*/SET SCHEMA PUBLIC
DISCONNECT
/*C74*/INSERT INTO RECORDED_INSTANCE VALUES('uuid:3a6e6ad7-cd7f-40da-a2bd-bd70188b93d9','instances\u005cuuid3a6e6ad7-cd7f-40da-a2bd-bd70188b93d9')
COMMIT
INSERT INTO RECORDED_INSTANCE VALUES('uuid:2aee3e3e-cd71-4687-a812-282596663d7a','instances\u005cuuid2aee3e3e-cd71-4687-a812-282596663d7a')
COMMIT
INSERT INTO RECORDED_INSTANCE VALUES('uuid:89fe8de9-89d4-4a0c-ab5d-92be3c2e2a4f','instances\u005cuuid89fe8de9-89d4-4a0c-ab5d-92be3c2e2a4f')
COMMIT
INSERT INTO RECORDED_INSTANCE VALUES('uuid:8cbff601-7a8b-4d68-b9c1-89516ccbd978','instances\u005cuuid8cbff601-7a8b-4d68-b9c1-89516ccbd978')
COMMIT
DISCONNECT
/*C77*/SET SCHEMA PUBLIC
INSERT INTO RECORDED_INSTANCE VALUES('uuid:0278ae17-2d47-469b-89db-fe61b02761da','instances\u005cuuid0278ae17-2d47-469b-89db-fe61b02761da')
COMMIT
INSERT INTO RECORDED_INSTANCE VALUES('uuid:4b35444f-08a3-437e-8914-a1b46de68e58','instances\u005cuuid4b35444f-08a3-437e-8914-a1b46de68e58')
COMMIT
INSERT INTO RECORDED_INSTANCE VALUES('uuid:3276c2e4-6ab4-4fa7-b86d-556837ec0070','instances\u005cuuid3276c2e4-6ab4-4fa7-b86d-556837ec0070')
COMMIT
DISCONNECT
/*C78*/SET SCHEMA PUBLIC
INSERT INTO RECORDED_INSTANCE VALUES('uuid:af4a3446-0835-4144-b2a6-634bea92cbf7','instances\u005cuuidaf4a3446-0835-4144-b2a6-634bea92cbf7')
COMMIT
INSERT INTO RECORDED_INSTANCE VALUES('uuid:47489150-0522-45a8-961a-61c9fb21d837','instances\u005cuuid47489150-0522-45a8-961a-61c9fb21d837')
COMMIT
INSERT INTO RECORDED_INSTANCE VALUES('uuid:3efd3a82-12b0-4d6e-9908-4942fa4b8709','instances\u005cuuid3efd3a82-12b0-4d6e-9908-4942fa4b8709')
COMMIT
INSERT INTO RECORDED_INSTANCE VALUES('uuid:6e886150-59e9-49c0-8ba1-0a999807f32a','instances\u005cuuid6e886150-59e9-49c0-8ba1-0a999807f32a')
COMMIT
INSERT INTO RECORDED_INSTANCE VALUES('uuid:37fa448c-eab3-4ff4-bbd8-18110a7b143f','instances\u005cuuid37fa448c-eab3-4ff4-bbd8-18110a7b143f')
COMMIT
INSERT INTO RECORDED_INSTANCE VALUES('uuid:e5a6fd3a-e940-41dc-b0c1-7955ff47a91e','instances\u005cuuide5a6fd3a-e940-41dc-b0c1-7955ff47a91e')
COMMIT
INSERT INTO RECORDED_INSTANCE VALUES('uuid:d7d7cafd-e66a-4697-ab8b-24ffa429bef8','instances\u005cuuidd7d7cafd-e66a-4697-ab8b-24ffa429bef8')
COMMIT
INSERT INTO RECORDED_INSTANCE VALUES('uuid:35b87dd6-c0d0-4eb2-8f72-8678a866871a','instances\u005cuuid35b87dd6-c0d0-4eb2-8f72-8678a866871a')
COMMIT
INSERT INTO RECORDED_INSTANCE VALUES('uuid:5ec036fc-0e5b-4655-af63-2513fc3ad9d2','instances\u005cuuid5ec036fc-0e5b-4655-af63-2513fc3ad9d2')
COMMIT
INSERT INTO RECORDED_INSTANCE VALUES('uuid:f353ac90-45b2-451a-a89b-116a00930850','instances\u005cuuidf353ac90-45b2-451a-a89b-116a00930850')
COMMIT
INSERT INTO RECORDED_INSTANCE VALUES('uuid:549936de-b09d-4a9e-a1dc-b525bdf524b9','instances\u005cuuid549936de-b09d-4a9e-a1dc-b525bdf524b9')
COMMIT
DISCONNECT
/*C79*/SET SCHEMA PUBLIC
DISCONNECT
/*C80*/SET SCHEMA PUBLIC
DISCONNECT
/*C81*/SET SCHEMA PUBLIC
DISCONNECT
/*C82*/SET SCHEMA PUBLIC
DISCONNECT
/*C83*/SET SCHEMA PUBLIC
INSERT INTO RECORDED_INSTANCE VALUES('uuid:6cec2ab1-d8f4-4582-99ef-0c77da9abfce','instances\u005cuuid6cec2ab1-d8f4-4582-99ef-0c77da9abfce')
COMMIT
INSERT INTO RECORDED_INSTANCE VALUES('uuid:4c3175c4-5e22-4478-827e-c15860cf41d5','instances\u005cuuid4c3175c4-5e22-4478-827e-c15860cf41d5')
COMMIT
INSERT INTO RECORDED_INSTANCE VALUES('uuid:d41d4adc-83f6-4f12-a71c-a11ee3f5d772','instances\u005cuuidd41d4adc-83f6-4f12-a71c-a11ee3f5d772')
COMMIT
INSERT INTO RECORDED_INSTANCE VALUES('uuid:311d27af-1675-486a-b7f9-dc9a09bc0328','instances\u005cuuid311d27af-1675-486a-b7f9-dc9a09bc0328')
COMMIT
INSERT INTO RECORDED_INSTANCE VALUES('uuid:3d7ddb3b-dbd3-4ef5-bb2a-a17a5219641d','instances\u005cuuid3d7ddb3b-dbd3-4ef5-bb2a-a17a5219641d')
COMMIT
INSERT INTO RECORDED_INSTANCE VALUES('uuid:8b76022f-5468-4d84-9fea-b5bd3e86a59b','instances\u005cuuid8b76022f-5468-4d84-9fea-b5bd3e86a59b')
COMMIT
DISCONNECT
/*C84*/SET SCHEMA PUBLIC
DISCONNECT
/*C85*/SET SCHEMA PUBLIC
INSERT INTO RECORDED_INSTANCE VALUES('uuid:c23a3108-1a1d-407e-8a6e-7fdbdbc2a459','instances\u005cuuidc23a3108-1a1d-407e-8a6e-7fdbdbc2a459')
COMMIT
INSERT INTO RECORDED_INSTANCE VALUES('uuid:a6b15339-3cd3-4ce8-be0a-4d9d0fe3cb28','instances\u005cuuida6b15339-3cd3-4ce8-be0a-4d9d0fe3cb28')
COMMIT
INSERT INTO RECORDED_INSTANCE VALUES('uuid:5a2b1c71-00bb-4ce6-9d35-186ea61b4b1e','instances\u005cuuid5a2b1c71-00bb-4ce6-9d35-186ea61b4b1e')
COMMIT
INSERT INTO RECORDED_INSTANCE VALUES('uuid:76a947b9-6fdb-4708-b5c1-ecda10c3fe1a','instances\u005cuuid76a947b9-6fdb-4708-b5c1-ecda10c3fe1a')
COMMIT
INSERT INTO RECORDED_INSTANCE VALUES('uuid:fb8573ca-6d5f-4c4f-beea-ebb618bb6a64','instances\u005cuuidfb8573ca-6d5f-4c4f-beea-ebb618bb6a64')
COMMIT
INSERT INTO RECORDED_INSTANCE VALUES('uuid:bec8dc48-eccb-4019-8cf5-fba74055ec08','instances\u005cuuidbec8dc48-eccb-4019-8cf5-fba74055ec08')
COMMIT
INSERT INTO RECORDED_INSTANCE VALUES('uuid:c43743f7-68e0-482a-8959-f29ee00e8b82','instances\u005cuuidc43743f7-68e0-482a-8959-f29ee00e8b82')
COMMIT
INSERT INTO RECORDED_INSTANCE VALUES('uuid:3ef8d5f8-7634-4be3-ac88-7f420d7f62cb','instances\u005cuuid3ef8d5f8-7634-4be3-ac88-7f420d7f62cb')
COMMIT
INSERT INTO RECORDED_INSTANCE VALUES('uuid:a6b9a8df-6aff-4c0f-89cf-fc40580a9af1','instances\u005cuuida6b9a8df-6aff-4c0f-89cf-fc40580a9af1')
COMMIT
INSERT INTO RECORDED_INSTANCE VALUES('uuid:6cecdf0c-ec30-4207-b8b5-cec9a6194a20','instances\u005cuuid6cecdf0c-ec30-4207-b8b5-cec9a6194a20')
COMMIT
INSERT INTO RECORDED_INSTANCE VALUES('uuid:a49722ad-7d94-453d-8bb4-bf232ba3f9db','instances\u005cuuida49722ad-7d94-453d-8bb4-bf232ba3f9db')
COMMIT
INSERT INTO RECORDED_INSTANCE VALUES('uuid:c414c327-85ef-4a5b-be53-329b4bdb6bf6','instances\u005cuuidc414c327-85ef-4a5b-be53-329b4bdb6bf6')
COMMIT
INSERT INTO RECORDED_INSTANCE VALUES('uuid:96424ee9-9c79-436d-aa36-72db6478d788','instances\u005cuuid96424ee9-9c79-436d-aa36-72db6478d788')
COMMIT
INSERT INTO RECORDED_INSTANCE VALUES('uuid:af42b2ca-088c-4663-ad4b-14c05b0cf27a','instances\u005cuuidaf42b2ca-088c-4663-ad4b-14c05b0cf27a')
COMMIT
INSERT INTO RECORDED_INSTANCE VALUES('uuid:f3811183-414e-4301-87bd-da06c74ef013','instances\u005cuuidf3811183-414e-4301-87bd-da06c74ef013')
COMMIT
INSERT INTO RECORDED_INSTANCE VALUES('uuid:ffca7c64-a6dc-4731-bd90-59db00d5aa55','instances\u005cuuidffca7c64-a6dc-4731-bd90-59db00d5aa55')
COMMIT
INSERT INTO RECORDED_INSTANCE VALUES('uuid:97c62f60-4801-4dc2-8b49-0165b4b8452e','instances\u005cuuid97c62f60-4801-4dc2-8b49-0165b4b8452e')
COMMIT
INSERT INTO RECORDED_INSTANCE VALUES('uuid:087c047f-8fc5-4082-820c-820e94521958','instances\u005cuuid087c047f-8fc5-4082-820c-820e94521958')
COMMIT
INSERT INTO RECORDED_INSTANCE VALUES('uuid:fe82ccf6-288d-4e1e-90a1-a4e7ab52b3f9','instances\u005cuuidfe82ccf6-288d-4e1e-90a1-a4e7ab52b3f9')
COMMIT
INSERT INTO RECORDED_INSTANCE VALUES('uuid:d039c952-3563-40df-9551-f0804170d0b1','instances\u005cuuidd039c952-3563-40df-9551-f0804170d0b1')
COMMIT
INSERT INTO RECORDED_INSTANCE VALUES('uuid:f38cc414-5328-46c0-aa6a-bcd8e24bb716','instances\u005cuuidf38cc414-5328-46c0-aa6a-bcd8e24bb716')
COMMIT
INSERT INTO RECORDED_INSTANCE VALUES('uuid:dafd33d9-d91d-4fd6-a15d-f1384d24b4e9','instances\u005cuuiddafd33d9-d91d-4fd6-a15d-f1384d24b4e9')
COMMIT
INSERT INTO RECORDED_INSTANCE VALUES('uuid:d064b02a-ab09-42a3-b8cb-e8d4dd4bb169','instances\u005cuuidd064b02a-ab09-42a3-b8cb-e8d4dd4bb169')
COMMIT
INSERT INTO RECORDED_INSTANCE VALUES('uuid:b62f5735-3b0d-405d-8f69-636e24566937','instances\u005cuuidb62f5735-3b0d-405d-8f69-636e24566937')
COMMIT
INSERT INTO RECORDED_INSTANCE VALUES('uuid:35174572-79d8-4bfe-95b0-09b0f4aea5b2','instances\u005cuuid35174572-79d8-4bfe-95b0-09b0f4aea5b2')
COMMIT
INSERT INTO RECORDED_INSTANCE VALUES('uuid:0be6722b-72fe-48c2-810f-7f3aaa5f51c3','instances\u005cuuid0be6722b-72fe-48c2-810f-7f3aaa5f51c3')
COMMIT
DISCONNECT
/*C86*/SET SCHEMA PUBLIC
DISCONNECT
/*C87*/SET SCHEMA PUBLIC
DISCONNECT
/*C88*/SET SCHEMA PUBLIC
DISCONNECT
/*C89*/SET SCHEMA PUBLIC
DISCONNECT
/*C90*/SET SCHEMA PUBLIC
DISCONNECT
/*C91*/SET SCHEMA PUBLIC
DISCONNECT
/*C92*/SET SCHEMA PUBLIC
DISCONNECT
/*C93*/SET SCHEMA PUBLIC
DISCONNECT
/*C94*/SET SCHEMA PUBLIC
DISCONNECT
/*C95*/SET SCHEMA PUBLIC
INSERT INTO RECORDED_INSTANCE VALUES('uuid:ae5174a0-47f5-4e00-a1a9-d91d7a560e58','instances\u005cuuidae5174a0-47f5-4e00-a1a9-d91d7a560e58')
COMMIT
INSERT INTO RECORDED_INSTANCE VALUES('uuid:1a8fc328-ba7d-404b-88ac-99a7e772003b','instances\u005cuuid1a8fc328-ba7d-404b-88ac-99a7e772003b')
COMMIT
INSERT INTO RECORDED_INSTANCE VALUES('uuid:c50078a6-798e-47a6-a9a9-f59e4c4551d4','instances\u005cuuidc50078a6-798e-47a6-a9a9-f59e4c4551d4')
COMMIT
DISCONNECT
/*C96*/SET SCHEMA PUBLIC
DISCONNECT
/*C97*/SET SCHEMA PUBLIC
INSERT INTO RECORDED_INSTANCE VALUES('uuid:4e0097b6-ae43-45fe-b0ff-c2258cbe648c','instances\u005cuuid4e0097b6-ae43-45fe-b0ff-c2258cbe648c')
COMMIT
/*C98*/SET SCHEMA PUBLIC
INSERT INTO RECORDED_INSTANCE VALUES('uuid:341771e2-ec4a-4815-bbda-9683009c3570','instances\u005cuuid341771e2-ec4a-4815-bbda-9683009c3570')
COMMIT
INSERT INTO RECORDED_INSTANCE VALUES('uuid:10c10bf0-2718-4f31-be0b-40267bf61f4a','instances\u005cuuid10c10bf0-2718-4f31-be0b-40267bf61f4a')
COMMIT
/*C97*/INSERT INTO RECORDED_INSTANCE VALUES('uuid:c0e43ff4-072e-4741-bd9a-87e2b56c0bc9','instances\u005cuuidc0e43ff4-072e-4741-bd9a-87e2b56c0bc9')
COMMIT
/*C98*/INSERT INTO RECORDED_INSTANCE VALUES('uuid:9a8542b2-054b-48eb-bbe7-8902c0608d82','instances\u005cuuid9a8542b2-054b-48eb-bbe7-8902c0608d82')
COMMIT
/*C97*/INSERT INTO RECORDED_INSTANCE VALUES('uuid:f075396a-0fd3-4344-823f-14b1fd6666a8','instances\u005cuuidf075396a-0fd3-4344-823f-14b1fd6666a8')
COMMIT
/*C98*/INSERT INTO RECORDED_INSTANCE VALUES('uuid:b0ba54cf-9025-4659-8f9b-4b490e317f3b','instances\u005cuuidb0ba54cf-9025-4659-8f9b-4b490e317f3b')
COMMIT
DISCONNECT
/*C97*/INSERT INTO RECORDED_INSTANCE VALUES('uuid:15ac5f62-81b1-45ed-9161-2d2e3c5f629f','instances\u005cuuid15ac5f62-81b1-45ed-9161-2d2e3c5f629f')
COMMIT
DISCONNECT
/*C99*/SET SCHEMA PUBLIC
DISCONNECT
/*C100*/SET SCHEMA PUBLIC
DISCONNECT
/*C101*/SET SCHEMA PUBLIC
DISCONNECT
/*C102*/SET SCHEMA PUBLIC
DISCONNECT
/*C103*/SET SCHEMA PUBLIC
DISCONNECT
/*C104*/SET SCHEMA PUBLIC
DISCONNECT
/*C105*/SET SCHEMA PUBLIC
DISCONNECT
/*C106*/SET SCHEMA PUBLIC
DISCONNECT
/*C107*/SET SCHEMA PUBLIC
DISCONNECT
/*C108*/SET SCHEMA PUBLIC
DISCONNECT
/*C110*/SET SCHEMA PUBLIC
DISCONNECT
/*C109*/SET SCHEMA PUBLIC
DISCONNECT
/*C111*/SET SCHEMA PUBLIC
DISCONNECT
/*C112*/SET SCHEMA PUBLIC
DISCONNECT
/*C113*/SET SCHEMA PUBLIC
INSERT INTO RECORDED_INSTANCE VALUES('uuid:4d006144-0455-47dd-8477-ccaa900b19b0','instances\u005cuuid4d006144-0455-47dd-8477-ccaa900b19b0')
COMMIT
INSERT INTO RECORDED_INSTANCE VALUES('uuid:a0407a87-a54f-43f6-a4f6-45d70250a572','instances\u005cuuida0407a87-a54f-43f6-a4f6-45d70250a572')
COMMIT
INSERT INTO RECORDED_INSTANCE VALUES('uuid:bf48b95c-8540-4c5c-98ce-bb43a70635e8','instances\u005cuuidbf48b95c-8540-4c5c-98ce-bb43a70635e8')
COMMIT
INSERT INTO RECORDED_INSTANCE VALUES('uuid:189e1802-7e7c-4bd7-a1bd-ec1eeb426ce9','instances\u005cuuid189e1802-7e7c-4bd7-a1bd-ec1eeb426ce9')
COMMIT
INSERT INTO RECORDED_INSTANCE VALUES('uuid:18e6a192-13d9-44ec-b18f-2fc5d5983a4b','instances\u005cuuid18e6a192-13d9-44ec-b18f-2fc5d5983a4b')
COMMIT
INSERT INTO RECORDED_INSTANCE VALUES('uuid:53074e49-e326-422a-955f-f8b73f918220','instances\u005cuuid53074e49-e326-422a-955f-f8b73f918220')
COMMIT
INSERT INTO RECORDED_INSTANCE VALUES('uuid:c11d5e79-372c-457c-8624-acd1d2928ec7','instances\u005cuuidc11d5e79-372c-457c-8624-acd1d2928ec7')
COMMIT
INSERT INTO RECORDED_INSTANCE VALUES('uuid:1dccfaca-0c9b-41c8-8eb8-99daac25283c','instances\u005cuuid1dccfaca-0c9b-41c8-8eb8-99daac25283c')
COMMIT
DISCONNECT
