2026-03-02 10:47:39,001 [ForkJoinPool-24-worker-4] INFO  o.o.b.p.a.PullFromAggregateTracker - Pull Formulário da Vigilancia Comunitaria - Start pulling form and submissions
2026-03-02 10:47:38,998 [ForkJoinPool-24-worker-2] INFO  o.o.b.p.a.PullFromAggregateTracker - Pull Formulário da Vigilancia Hospitalar - Laboratório - Start pulling form and submissions
2026-03-02 10:47:38,999 [ForkJoinPool-24-worker-11] INFO  o.o.b.p.a.PullFromAggregateTracker - Pull Formulário da Vigilancia Hospitalar - Start pulling form and submissions
2026-03-02 10:47:39,001 [ForkJoinPool-24-worker-13] INFO  o.o.b.p.a.PullFromAggregateTracker - Pull VIGILÂNCIA  AMBIENTAL - Start pulling form and submissions
2026-03-02 10:47:39,003 [ForkJoinPool-24-worker-15] INFO  o.o.b.p.a.PullFromAggregateTracker - Pull Formulário da Recepção da Amostra - Start pulling form and submissions
2026-03-02 10:47:39,001 [ForkJoinPool-24-worker-6] INFO  o.o.b.p.a.PullFromAggregateTracker - Pull Resultados de testagem das vigilâncias - Start pulling form and submissions
2026-03-02 10:47:39,004 [ForkJoinPool-24-worker-10] INFO  o.o.b.p.a.PullFromAggregateTracker - Pull Formulário da Vigilancia Comunitaria - Start pulling form and submissions
2026-03-02 10:47:38,998 [ForkJoinPool-24-worker-9] INFO  o.o.b.p.a.PullFromAggregateTracker - Pull Formulário da Vigilancia Hospitalar - Start pulling form and submissions
2026-03-02 10:47:39,003 [ForkJoinPool-24-worker-1] INFO  o.o.b.p.a.PullFromAggregateTracker - Pull Formulario da  Componente  Genomica (IDS) - Start pulling form and submissions
2026-03-02 10:47:39,003 [ForkJoinPool-24-worker-8] INFO  o.o.b.p.a.PullFromAggregateTracker - Pull Formulário da Vigilancia Hospitalar - Start pulling form and submissions
2026-03-02 10:47:39,004 [ForkJoinPool-24-worker-3] INFO  o.o.b.p.a.PullFromAggregateTracker - Pull Formulário da Vigilancia Hospitalar - Laboratório - Start pulling form and submissions
2026-03-02 10:47:39,021 [ForkJoinPool-24-worker-15] INFO  o.o.b.p.a.PullFromAggregateTracker - Pull Formulário da Recepção da Amostra - Start downloading form
2026-03-02 10:47:39,021 [ForkJoinPool-24-worker-11] INFO  o.o.b.p.a.PullFromAggregateTracker - Pull Formulário da Vigilancia Hospitalar - Start downloading form
2026-03-02 10:47:39,022 [ForkJoinPool-24-worker-2] INFO  o.o.b.p.a.PullFromAggregateTracker - Pull Formulário da Vigilancia Hospitalar - Laboratório - Start downloading form
2026-03-02 10:47:39,024 [ForkJoinPool-24-worker-6] INFO  o.o.b.p.a.PullFromAggregateTracker - Pull Resultados de testagem das vigilâncias - Start downloading form
2026-03-02 10:47:39,024 [ForkJoinPool-24-worker-9] INFO  o.o.b.p.a.PullFromAggregateTracker - Pull Formulário da Vigilancia Hospitalar - Start downloading form
2026-03-02 10:47:39,024 [ForkJoinPool-24-worker-4] INFO  o.o.b.p.a.PullFromAggregateTracker - Pull Formulário da Vigilancia Comunitaria - Start downloading form
2026-03-02 10:47:39,023 [ForkJoinPool-24-worker-10] INFO  o.o.b.p.a.PullFromAggregateTracker - Pull Formulário da Vigilancia Comunitaria - Start downloading form
2026-03-02 10:47:39,023 [ForkJoinPool-24-worker-3] INFO  o.o.b.p.a.PullFromAggregateTracker - Pull Formulário da Vigilancia Hospitalar - Laboratório - Start downloading form
2026-03-02 10:47:39,024 [ForkJoinPool-24-worker-8] INFO  o.o.b.p.a.PullFromAggregateTracker - Pull Formulário da Vigilancia Hospitalar - Start downloading form
2026-03-02 10:47:39,023 [ForkJoinPool-24-worker-13] INFO  o.o.b.p.a.PullFromAggregateTracker - Pull VIGILÂNCIA  AMBIENTAL - Start downloading form
2026-03-02 10:47:39,023 [ForkJoinPool-24-worker-1] INFO  o.o.b.p.a.PullFromAggregateTracker - Pull Formulario da  Componente  Genomica (IDS) - Start downloading form
2026-03-02 10:47:40,803 [ForkJoinPool-24-worker-1] INFO  o.o.b.p.a.PullFromAggregateTracker - Pull Formulario da  Componente  Genomica (IDS) - Form downloaded
2026-03-02 10:47:40,804 [ForkJoinPool-24-worker-1] INFO  o.o.b.p.a.PullFromAggregateTracker - Pull Formulario da  Componente  Genomica (IDS) - Start getting submission IDs
2026-03-02 10:47:41,214 [ForkJoinPool-24-worker-15] INFO  o.o.b.p.a.PullFromAggregateTracker - Pull Formulário da Recepção da Amostra - Form downloaded
2026-03-02 10:47:41,215 [ForkJoinPool-24-worker-15] INFO  o.o.b.p.a.PullFromAggregateTracker - Pull Formulário da Recepção da Amostra - Start getting form manifest
2026-03-02 10:47:42,299 [ForkJoinPool-24-worker-2] INFO  o.o.b.p.a.PullFromAggregateTracker - Pull Formulário da Vigilancia Hospitalar - Laboratório - Form downloaded
2026-03-02 10:47:42,300 [ForkJoinPool-24-worker-2] INFO  o.o.b.p.a.PullFromAggregateTracker - Pull Formulário da Vigilancia Hospitalar - Laboratório - Start getting form manifest
2026-03-02 10:47:42,317 [ForkJoinPool-24-worker-13] INFO  o.o.b.p.a.PullFromAggregateTracker - Pull VIGILÂNCIA  AMBIENTAL - Form downloaded
2026-03-02 10:47:42,318 [ForkJoinPool-24-worker-13] INFO  o.o.b.p.a.PullFromAggregateTracker - Pull VIGILÂNCIA  AMBIENTAL - Start getting form manifest
2026-03-02 10:47:42,332 [ForkJoinPool-24-worker-3] INFO  o.o.b.p.a.PullFromAggregateTracker - Pull Formulário da Vigilancia Hospitalar - Laboratório - Form downloaded
2026-03-02 10:47:42,333 [ForkJoinPool-24-worker-3] INFO  o.o.b.p.a.PullFromAggregateTracker - Pull Formulário da Vigilancia Hospitalar - Laboratório - Start getting submission IDs
2026-03-02 10:47:42,429 [ForkJoinPool-24-worker-8] INFO  o.o.b.p.a.PullFromAggregateTracker - Pull Formulário da Vigilancia Hospitalar - Form downloaded
2026-03-02 10:47:42,430 [ForkJoinPool-24-worker-8] INFO  o.o.b.p.a.PullFromAggregateTracker - Pull Formulário da Vigilancia Hospitalar - Start getting form manifest
2026-03-02 10:47:42,558 [ForkJoinPool-24-worker-1] INFO  o.o.b.p.a.PullFromAggregateTracker - Pull Formulario da  Componente  Genomica (IDS) - Got all the submission IDs
2026-03-02 10:47:42,561 [ForkJoinPool-24-worker-15] INFO  o.o.b.p.a.PullFromAggregateTracker - Pull Formulário da Recepção da Amostra - Got the form manifest
2026-03-02 10:47:42,562 [ForkJoinPool-24-worker-15] INFO  o.o.b.p.a.PullFromAggregateTracker - Pull Formulário da Recepção da Amostra - Skipping 1 form attachments that have been already downloaded
2026-03-02 10:47:42,562 [ForkJoinPool-24-worker-15] INFO  o.o.b.p.a.PullFromAggregateTracker - Pull Formulário da Recepção da Amostra - Start getting submission IDs
2026-03-02 10:47:42,568 [ForkJoinPool-24-worker-1] INFO  o.o.b.p.a.PullFromAggregateTracker - Push Formulario da  Componente  Genomica (IDS) - There are no submissions to download
2026-03-02 10:47:42,591 [ForkJoinPool-24-worker-1] INFO  o.o.b.p.a.PullFromAggregateTracker - Pull Formulario da  Componente  Genomica (IDS) - Success
2026-03-02 10:47:42,600 [ForkJoinPool-24-worker-1] INFO  o.o.b.p.a.PullFromAggregateTracker - Pull Formulário da Vigilancia Hospitalar - Start pulling form and submissions
2026-03-02 10:47:42,600 [ForkJoinPool-24-worker-1] INFO  o.o.b.p.a.PullFromAggregateTracker - Pull Formulário da Vigilancia Hospitalar - Start downloading form
2026-03-02 10:47:42,622 [ForkJoinPool-24-worker-2] INFO  o.o.b.p.a.PullFromAggregateTracker - Pull Formulário da Vigilancia Hospitalar - Laboratório - Got the form manifest
2026-03-02 10:47:42,622 [ForkJoinPool-24-worker-2] INFO  o.o.b.p.a.PullFromAggregateTracker - Pull Formulário da Vigilancia Hospitalar - Laboratório - Skipping 1 form attachments that have been already downloaded
2026-03-02 10:47:42,622 [ForkJoinPool-24-worker-2] INFO  o.o.b.p.a.PullFromAggregateTracker - Pull Formulário da Vigilancia Hospitalar - Laboratório - Start getting submission IDs
2026-03-02 10:47:42,660 [AWT-EventQueue-0] INFO  XFormParser - Reading XML and parsing with kXML2 finished in 15.714 ms
2026-03-02 10:47:42,686 [AWT-EventQueue-0] INFO  XFormParser - Consolidating text finished in 24.263 ms
2026-03-02 10:47:42,686 [AWT-EventQueue-0] INFO  XFormParser - Parsing form...
2026-03-02 10:47:42,687 [AWT-EventQueue-0] INFO  XFormParser - Title: "Formulário da Vigilancia Hospitalar"
2026-03-02 10:47:42,687 [AWT-EventQueue-0] WARN  XFormParser - XForm Parse Warning: Warning: 1 Unrecognized attributes found in Element [model] and will be ignored: [xforms-version] 
    Problem found at nodeset: /html/head/model
    With element <model xforms-version="1.0.0"><instance><data id="hospitalar_v2" version="1" prefix="Hospitalar" delimiter="$">...

2026-03-02 10:47:42,793 [ForkJoinPool-24-worker-13] INFO  o.o.b.p.a.PullFromAggregateTracker - Pull VIGILÂNCIA  AMBIENTAL - Got the form manifest
2026-03-02 10:47:42,794 [ForkJoinPool-24-worker-13] INFO  o.o.b.p.a.PullFromAggregateTracker - Pull VIGILÂNCIA  AMBIENTAL - Skipping 1 form attachments that have been already downloaded
2026-03-02 10:47:42,795 [ForkJoinPool-24-worker-13] INFO  o.o.b.p.a.PullFromAggregateTracker - Pull VIGILÂNCIA  AMBIENTAL - Start getting submission IDs
2026-03-02 10:47:42,831 [AWT-EventQueue-0] INFO  XFormParser - Creating FormDef from parsed XML finished in 144.791 ms
2026-03-02 10:47:42,833 [ForkJoinPool-24-worker-8] INFO  o.o.b.p.a.PullFromAggregateTracker - Pull Formulário da Vigilancia Hospitalar - Got the form manifest
2026-03-02 10:47:42,833 [ForkJoinPool-24-worker-8] INFO  o.o.b.p.a.PullFromAggregateTracker - Pull Formulário da Vigilancia Hospitalar - Skipping 1 form attachments that have been already downloaded
2026-03-02 10:47:42,834 [ForkJoinPool-24-worker-8] INFO  o.o.b.p.a.PullFromAggregateTracker - Pull Formulário da Vigilancia Hospitalar - Start getting submission IDs
2026-03-02 10:47:42,836 [AWT-EventQueue-0] INFO  XFormParser - Reading XML and parsing with kXML2 finished in 1.492 ms
2026-03-02 10:47:42,839 [AWT-EventQueue-0] INFO  XFormParser - Consolidating text finished in 1.331 ms
2026-03-02 10:47:42,839 [AWT-EventQueue-0] INFO  XFormParser - Parsing form...
2026-03-02 10:47:42,839 [AWT-EventQueue-0] INFO  XFormParser - Title: "Formulário da Vigilancia Hospitalar - Laboratório"
2026-03-02 10:47:42,839 [AWT-EventQueue-0] WARN  XFormParser - XForm Parse Warning: Warning: 1 Unrecognized attributes found in Element [model] and will be ignored: [xforms-version] 
    Problem found at nodeset: /html/head/model
    With element <model xforms-version="1.0.0"><instance><data id="hospitalar_ib_v1" version="2" prefix="Hospitalar LB" delimiter="$">...

2026-03-02 10:47:42,850 [AWT-EventQueue-0] INFO  XFormParser - Creating FormDef from parsed XML finished in 10.503 ms
2026-03-02 10:47:42,861 [AWT-EventQueue-0] INFO  XFormParser - Reading XML and parsing with kXML2 finished in 1.496 ms
2026-03-02 10:47:42,862 [AWT-EventQueue-0] INFO  XFormParser - Consolidating text finished in 1.088 ms
2026-03-02 10:47:42,862 [AWT-EventQueue-0] INFO  XFormParser - Parsing form...
2026-03-02 10:47:42,863 [AWT-EventQueue-0] INFO  XFormParser - Title: "VIGILÂNCIA  AMBIENTAL"
2026-03-02 10:47:42,863 [AWT-EventQueue-0] WARN  XFormParser - XForm Parse Warning: Warning: 1 Unrecognized attributes found in Element [model] and will be ignored: [xforms-version] 
    Problem found at nodeset: /html/head/model
    With element <model xforms-version="1.0.0"><instance><data id="VIGILÂNCIA  AMBIENTAL" version="1" prefix="VIGILÂNCIA  AMBIENTAL" delimiter="$">...

2026-03-02 10:47:42,872 [AWT-EventQueue-0] INFO  XFormParser - Creating FormDef from parsed XML finished in 9.511 ms
2026-03-02 10:47:43,015 [ForkJoinPool-24-worker-15] INFO  o.o.b.p.a.PullFromAggregateTracker - Pull Formulário da Recepção da Amostra - Got all the submission IDs
2026-03-02 10:47:43,016 [ForkJoinPool-24-worker-15] INFO  o.o.b.p.a.PullFromAggregateTracker - Push Formulário da Recepção da Amostra - There are no submissions to download
2026-03-02 10:47:43,021 [ForkJoinPool-24-worker-15] INFO  o.o.b.p.a.PullFromAggregateTracker - Pull Formulário da Recepção da Amostra - Success
2026-03-02 10:47:43,023 [ForkJoinPool-24-worker-15] INFO  o.o.b.p.a.PullFromAggregateTracker - Pull VIGILÂNCIA  AMBIENTAL - Start pulling form and submissions
2026-03-02 10:47:43,024 [ForkJoinPool-24-worker-15] INFO  o.o.b.p.a.PullFromAggregateTracker - Pull VIGILÂNCIA  AMBIENTAL - Start downloading form
2026-03-02 10:47:43,227 [ForkJoinPool-24-worker-3] INFO  o.o.b.p.a.PullFromAggregateTracker - Pull Formulário da Vigilancia Hospitalar - Laboratório - Got all the submission IDs
2026-03-02 10:47:43,245 [ForkJoinPool-24-worker-3] INFO  o.o.b.p.a.PullFromAggregateTracker - Pull Formulário da Vigilancia Hospitalar - Laboratório - Start downloading submission 1 of 5
2026-03-02 10:47:43,260 [ForkJoinPool-24-worker-13] INFO  o.o.b.p.a.PullFromAggregateTracker - Pull VIGILÂNCIA  AMBIENTAL - Got all the submission IDs
2026-03-02 10:47:43,264 [ForkJoinPool-24-worker-13] INFO  o.o.b.p.a.PullFromAggregateTracker - Push VIGILÂNCIA  AMBIENTAL - There are no submissions to download
2026-03-02 10:47:43,267 [ForkJoinPool-24-worker-13] INFO  o.o.b.p.a.PullFromAggregateTracker - Pull VIGILÂNCIA  AMBIENTAL - Success
2026-03-02 10:47:43,274 [ForkJoinPool-24-worker-13] INFO  o.o.b.p.a.PullFromAggregateTracker - Pull Formulário da Vigilancia Hospitalar - Laboratório - Start downloading submission 2 of 5
2026-03-02 10:47:43,468 [ForkJoinPool-24-worker-8] INFO  o.o.b.p.a.PullFromAggregateTracker - Pull Formulário da Vigilancia Hospitalar - Got all the submission IDs
2026-03-02 10:47:43,516 [ForkJoinPool-24-worker-15] INFO  o.o.b.p.a.PullFromAggregateTracker - Pull VIGILÂNCIA  AMBIENTAL - Form downloaded
2026-03-02 10:47:43,518 [ForkJoinPool-24-worker-15] INFO  o.o.b.p.a.PullFromAggregateTracker - Pull VIGILÂNCIA  AMBIENTAL - Start getting submission IDs
2026-03-02 10:47:43,552 [ForkJoinPool-24-worker-8] INFO  o.o.b.p.a.PullFromAggregateTracker - Push Formulário da Vigilancia Hospitalar - There are no submissions to download
2026-03-02 10:47:43,558 [ForkJoinPool-24-worker-8] INFO  o.o.b.p.a.PullFromAggregateTracker - Pull Formulário da Vigilancia Hospitalar - Success
2026-03-02 10:47:43,560 [ForkJoinPool-24-worker-8] INFO  o.o.b.p.a.PullFromAggregateTracker - Pull VIGILÂNCIA  AMBIENTAL - Start pulling form and submissions
2026-03-02 10:47:43,560 [ForkJoinPool-24-worker-8] INFO  o.o.b.p.a.PullFromAggregateTracker - Pull VIGILÂNCIA  AMBIENTAL - Start downloading form
2026-03-02 10:47:43,589 [AWT-EventQueue-0] INFO  XFormParser - Reading XML and parsing with kXML2 finished in 3.730 ms
2026-03-02 10:47:43,592 [AWT-EventQueue-0] INFO  XFormParser - Consolidating text finished in 1.489 ms
2026-03-02 10:47:43,592 [AWT-EventQueue-0] INFO  XFormParser - Parsing form...
2026-03-02 10:47:43,592 [AWT-EventQueue-0] INFO  XFormParser - Title: "VIGILÂNCIA  AMBIENTAL"
2026-03-02 10:47:43,592 [AWT-EventQueue-0] WARN  XFormParser - XForm Parse Warning: Warning: 1 Unrecognized attributes found in Element [model] and will be ignored: [xforms-version] 
    Problem found at nodeset: /html/head/model
    With element <model xforms-version="1.0.0"><instance><data id="VIGILÂNCIA  AMBIENTAL_v2" version="2" prefix="VIGILÂNCIA  AMBIENTAL_v2" delimiter="$">...

2026-03-02 10:47:43,603 [AWT-EventQueue-0] INFO  XFormParser - Creating FormDef from parsed XML finished in 11.091 ms
2026-03-02 10:47:43,688 [ForkJoinPool-24-worker-2] INFO  o.o.b.p.a.PullFromAggregateTracker - Pull Formulário da Vigilancia Hospitalar - Laboratório - Got all the submission IDs
2026-03-02 10:47:43,695 [ForkJoinPool-24-worker-2] INFO  o.o.b.p.a.PullFromAggregateTracker - Pull Formulário da Vigilancia Hospitalar - Laboratório - Start downloading submission 1 of 9
2026-03-02 10:47:43,740 [ForkJoinPool-24-worker-3] INFO  o.o.b.p.a.PullFromAggregateTracker - Pull Formulário da Vigilancia Hospitalar - Laboratório - Submission 1 of 5 downloaded
2026-03-02 10:47:43,744 [ForkJoinPool-24-worker-3] INFO  o.o.b.p.a.PullFromAggregateTracker - Pull Formulário da Vigilancia Hospitalar - Laboratório - Start downloading submission 3 of 5
2026-03-02 10:47:43,906 [ForkJoinPool-24-worker-13] INFO  o.o.b.p.a.PullFromAggregateTracker - Pull Formulário da Vigilancia Hospitalar - Laboratório - Submission 2 of 5 downloaded
2026-03-02 10:47:43,908 [ForkJoinPool-24-worker-13] INFO  o.o.b.p.a.PullFromAggregateTracker - Pull Formulário da Vigilancia Hospitalar - Laboratório - Start downloading submission 4 of 5
2026-03-02 10:47:43,962 [ForkJoinPool-24-worker-15] INFO  o.o.b.p.a.PullFromAggregateTracker - Pull VIGILÂNCIA  AMBIENTAL - Got all the submission IDs
2026-03-02 10:47:43,969 [ForkJoinPool-24-worker-15] INFO  o.o.b.p.a.PullFromAggregateTracker - Push VIGILÂNCIA  AMBIENTAL - There are no submissions to download
2026-03-02 10:47:43,971 [ForkJoinPool-24-worker-15] INFO  o.o.b.p.a.PullFromAggregateTracker - Pull VIGILÂNCIA  AMBIENTAL - Success
2026-03-02 10:47:43,976 [ForkJoinPool-24-worker-15] INFO  o.o.b.p.a.PullFromAggregateTracker - Pull Formulário da Vigilancia Hospitalar - Laboratório - Start downloading submission 2 of 9
2026-03-02 10:47:44,176 [ForkJoinPool-24-worker-2] INFO  o.o.b.p.a.PullFromAggregateTracker - Pull Formulário da Vigilancia Hospitalar - Laboratório - Submission 1 of 9 downloaded
2026-03-02 10:47:44,179 [ForkJoinPool-24-worker-2] INFO  o.o.b.p.a.PullFromAggregateTracker - Pull Formulário da Vigilancia Hospitalar - Laboratório - Start downloading submission 3 of 9
2026-03-02 10:47:44,396 [ForkJoinPool-24-worker-3] INFO  o.o.b.p.a.PullFromAggregateTracker - Pull Formulário da Vigilancia Hospitalar - Laboratório - Submission 3 of 5 downloaded
2026-03-02 10:47:44,398 [ForkJoinPool-24-worker-3] INFO  o.o.b.p.a.PullFromAggregateTracker - Pull Formulário da Vigilancia Hospitalar - Laboratório - Start downloading submission 5 of 5
2026-03-02 10:47:44,527 [ForkJoinPool-24-worker-8] INFO  o.o.b.p.a.PullFromAggregateTracker - Pull VIGILÂNCIA  AMBIENTAL - Form downloaded
2026-03-02 10:47:44,528 [ForkJoinPool-24-worker-8] INFO  o.o.b.p.a.PullFromAggregateTracker - Pull VIGILÂNCIA  AMBIENTAL - Start getting submission IDs
2026-03-02 10:47:44,613 [ForkJoinPool-24-worker-13] INFO  o.o.b.p.a.PullFromAggregateTracker - Pull Formulário da Vigilancia Hospitalar - Laboratório - Submission 4 of 5 downloaded
2026-03-02 10:47:44,615 [ForkJoinPool-24-worker-13] INFO  o.o.b.p.a.PullFromAggregateTracker - Pull Formulário da Vigilancia Hospitalar - Laboratório - Start downloading submission 4 of 9
2026-03-02 10:47:44,747 [ForkJoinPool-24-worker-15] INFO  o.o.b.p.a.PullFromAggregateTracker - Pull Formulário da Vigilancia Hospitalar - Laboratório - Submission 2 of 9 downloaded
2026-03-02 10:47:44,749 [ForkJoinPool-24-worker-15] INFO  o.o.b.p.a.PullFromAggregateTracker - Pull Formulário da Vigilancia Hospitalar - Laboratório - Start downloading submission 5 of 9
2026-03-02 10:47:44,827 [ForkJoinPool-24-worker-2] INFO  o.o.b.p.a.PullFromAggregateTracker - Pull Formulário da Vigilancia Hospitalar - Laboratório - Submission 3 of 9 downloaded
2026-03-02 10:47:44,829 [ForkJoinPool-24-worker-2] INFO  o.o.b.p.a.PullFromAggregateTracker - Pull Formulário da Vigilancia Hospitalar - Laboratório - Start downloading submission 6 of 9
2026-03-02 10:47:44,962 [ForkJoinPool-24-worker-3] INFO  o.o.b.p.a.PullFromAggregateTracker - Pull Formulário da Vigilancia Hospitalar - Laboratório - Submission 5 of 5 downloaded
2026-03-02 10:47:44,963 [ForkJoinPool-24-worker-3] INFO  o.o.b.p.a.PullFromAggregateTracker - Pull Formulário da Vigilancia Hospitalar - Laboratório - Success
2026-03-02 10:47:44,966 [ForkJoinPool-24-worker-3] INFO  o.o.b.p.a.PullFromAggregateTracker - Pull Formulário da Vigilancia Comunitaria - Start pulling form and submissions
2026-03-02 10:47:44,966 [ForkJoinPool-24-worker-3] INFO  o.o.b.p.a.PullFromAggregateTracker - Pull Formulário da Vigilancia Comunitaria - Start downloading form
2026-03-02 10:47:45,006 [AWT-EventQueue-0] INFO  XFormParser - Reading XML and parsing with kXML2 finished in 1.729 ms
2026-03-02 10:47:45,009 [AWT-EventQueue-0] INFO  XFormParser - Consolidating text finished in 1.381 ms
2026-03-02 10:47:45,009 [AWT-EventQueue-0] INFO  XFormParser - Parsing form...
2026-03-02 10:47:45,009 [AWT-EventQueue-0] INFO  XFormParser - Title: "VIGILÂNCIA  AMBIENTAL"
2026-03-02 10:47:45,009 [AWT-EventQueue-0] WARN  XFormParser - XForm Parse Warning: Warning: 1 Unrecognized attributes found in Element [model] and will be ignored: [xforms-version] 
    Problem found at nodeset: /html/head/model
    With element <model xforms-version="1.0.0"><instance><data id="VIGILÂNCIA  AMBIENTAL_v3" version="3" prefix="VIGILÂNCIA  AMBIENTAL_v3" delimiter="$">...

2026-03-02 10:47:45,018 [AWT-EventQueue-0] INFO  XFormParser - Creating FormDef from parsed XML finished in 9.338 ms
2026-03-02 10:47:45,056 [ForkJoinPool-24-worker-8] INFO  o.o.b.p.a.PullFromAggregateTracker - Pull VIGILÂNCIA  AMBIENTAL - Got all the submission IDs
2026-03-02 10:47:45,086 [ForkJoinPool-24-worker-8] INFO  o.o.b.p.a.PullFromAggregateTracker - Push VIGILÂNCIA  AMBIENTAL - There are no submissions to download
2026-03-02 10:47:45,089 [ForkJoinPool-24-worker-8] INFO  o.o.b.p.a.PullFromAggregateTracker - Pull VIGILÂNCIA  AMBIENTAL - Success
2026-03-02 10:47:45,093 [ForkJoinPool-24-worker-8] INFO  o.o.b.p.a.PullFromAggregateTracker - Pull Formulário da Vigilancia Hospitalar - Start pulling form and submissions
2026-03-02 10:47:45,093 [ForkJoinPool-24-worker-8] INFO  o.o.b.p.a.PullFromAggregateTracker - Pull Formulário da Vigilancia Hospitalar - Start downloading form
2026-03-02 10:47:45,180 [ForkJoinPool-24-worker-13] INFO  o.o.b.p.a.PullFromAggregateTracker - Pull Formulário da Vigilancia Hospitalar - Laboratório - Submission 4 of 9 downloaded
2026-03-02 10:47:45,181 [ForkJoinPool-24-worker-13] INFO  o.o.b.p.a.PullFromAggregateTracker - Pull Formulário da Vigilancia Hospitalar - Laboratório - Start downloading submission 7 of 9
2026-03-02 10:47:45,267 [ForkJoinPool-24-worker-15] INFO  o.o.b.p.a.PullFromAggregateTracker - Pull Formulário da Vigilancia Hospitalar - Laboratório - Submission 5 of 9 downloaded
2026-03-02 10:47:45,268 [ForkJoinPool-24-worker-15] INFO  o.o.b.p.a.PullFromAggregateTracker - Pull VIGILÂNCIA  AMBIENTAL - Start pulling form and submissions
2026-03-02 10:47:45,268 [ForkJoinPool-24-worker-15] INFO  o.o.b.p.a.PullFromAggregateTracker - Pull VIGILÂNCIA  AMBIENTAL - Start downloading form
2026-03-02 10:47:45,393 [ForkJoinPool-24-worker-2] INFO  o.o.b.p.a.PullFromAggregateTracker - Pull Formulário da Vigilancia Hospitalar - Laboratório - Submission 6 of 9 downloaded
2026-03-02 10:47:45,394 [ForkJoinPool-24-worker-2] INFO  o.o.b.p.a.PullFromAggregateTracker - Pull Formulário da Vigilancia Hospitalar - Laboratório - Start downloading submission 8 of 9
2026-03-02 10:47:45,422 [ForkJoinPool-24-worker-6] INFO  o.o.b.p.a.PullFromAggregateTracker - Pull Resultados de testagem das vigilâncias - Form downloaded
2026-03-02 10:47:45,423 [ForkJoinPool-24-worker-6] INFO  o.o.b.p.a.PullFromAggregateTracker - Pull Resultados de testagem das vigilâncias - Start getting form manifest
2026-03-02 10:47:45,629 [ForkJoinPool-24-worker-13] INFO  o.o.b.p.a.PullFromAggregateTracker - Pull Formulário da Vigilancia Hospitalar - Laboratório - Submission 7 of 9 downloaded
2026-03-02 10:47:45,630 [ForkJoinPool-24-worker-13] INFO  o.o.b.p.a.PullFromAggregateTracker - Pull Formulário da Vigilancia Comunitaria - Start pulling form and submissions
2026-03-02 10:47:45,631 [ForkJoinPool-24-worker-13] INFO  o.o.b.p.a.PullFromAggregateTracker - Pull Formulário da Vigilancia Comunitaria - Start downloading form
2026-03-02 10:47:45,769 [ForkJoinPool-24-worker-3] INFO  o.o.b.p.a.PullFromAggregateTracker - Pull Formulário da Vigilancia Comunitaria - Form downloaded
2026-03-02 10:47:45,769 [ForkJoinPool-24-worker-3] INFO  o.o.b.p.a.PullFromAggregateTracker - Pull Formulário da Vigilancia Comunitaria - Start getting submission IDs
2026-03-02 10:47:45,968 [ForkJoinPool-24-worker-2] INFO  o.o.b.p.a.PullFromAggregateTracker - Pull Formulário da Vigilancia Hospitalar - Laboratório - Submission 8 of 9 downloaded
2026-03-02 10:47:45,969 [ForkJoinPool-24-worker-2] INFO  o.o.b.p.a.PullFromAggregateTracker - Pull Formulário da Vigilancia Hospitalar - Laboratório - Start downloading submission 9 of 9
2026-03-02 10:47:46,031 [ForkJoinPool-24-worker-15] INFO  o.o.b.p.a.PullFromAggregateTracker - Pull VIGILÂNCIA  AMBIENTAL - Form downloaded
2026-03-02 10:47:46,031 [ForkJoinPool-24-worker-15] INFO  o.o.b.p.a.PullFromAggregateTracker - Pull VIGILÂNCIA  AMBIENTAL - Start getting submission IDs
2026-03-02 10:47:46,191 [ForkJoinPool-24-worker-6] INFO  o.o.b.p.a.PullFromAggregateTracker - Pull Resultados de testagem das vigilâncias - Got the form manifest
2026-03-02 10:47:46,191 [ForkJoinPool-24-worker-6] INFO  o.o.b.p.a.PullFromAggregateTracker - Pull Resultados de testagem das vigilâncias - Skipping 1 form attachments that have been already downloaded
2026-03-02 10:47:46,191 [ForkJoinPool-24-worker-6] INFO  o.o.b.p.a.PullFromAggregateTracker - Pull Resultados de testagem das vigilâncias - Start getting submission IDs
2026-03-02 10:47:46,413 [ForkJoinPool-24-worker-3] INFO  o.o.b.p.a.PullFromAggregateTracker - Pull Formulário da Vigilancia Comunitaria - Got all the submission IDs
2026-03-02 10:47:47,213 [ForkJoinPool-24-worker-3] INFO  o.o.b.p.a.PullFromAggregateTracker - Push Formulário da Vigilancia Comunitaria - There are no submissions to download
2026-03-02 10:47:47,215 [ForkJoinPool-24-worker-2] INFO  o.o.b.p.a.PullFromAggregateTracker - Pull Formulário da Vigilancia Hospitalar - Laboratório - Submission 9 of 9 downloaded
2026-03-02 10:47:47,218 [ForkJoinPool-24-worker-2] INFO  o.o.b.p.a.PullFromAggregateTracker - Pull Formulário da Vigilancia Hospitalar - Laboratório - Success
2026-03-02 10:47:47,221 [ForkJoinPool-24-worker-2] INFO  o.o.b.p.a.PullFromAggregateTracker - Pull Formulário da Vigilancia Hospitalar - Start pulling form and submissions
2026-03-02 10:47:47,221 [ForkJoinPool-24-worker-2] INFO  o.o.b.p.a.PullFromAggregateTracker - Pull Formulário da Vigilancia Hospitalar - Start downloading form
2026-03-02 10:47:47,227 [ForkJoinPool-24-worker-3] INFO  o.o.b.p.a.PullFromAggregateTracker - Pull Formulário da Vigilancia Comunitaria - Success
2026-03-02 10:47:47,229 [ForkJoinPool-24-worker-3] INFO  o.o.b.p.a.PullFromAggregateTracker - Pull Resultados de testagem das vigilâncias - Start pulling form and submissions
2026-03-02 10:47:47,230 [ForkJoinPool-24-worker-3] INFO  o.o.b.p.a.PullFromAggregateTracker - Pull Resultados de testagem das vigilâncias - Start downloading form
2026-03-02 10:47:47,237 [ForkJoinPool-24-worker-11] INFO  o.o.b.p.a.PullFromAggregateTracker - Pull Formulário da Vigilancia Hospitalar - Form downloaded
2026-03-02 10:47:47,237 [ForkJoinPool-24-worker-11] INFO  o.o.b.p.a.PullFromAggregateTracker - Pull Formulário da Vigilancia Hospitalar - Start getting form manifest
2026-03-02 10:47:47,268 [AWT-EventQueue-0] INFO  XFormParser - Reading XML and parsing with kXML2 finished in 15.306 ms
2026-03-02 10:47:47,277 [AWT-EventQueue-0] INFO  XFormParser - Consolidating text finished in 8.301 ms
2026-03-02 10:47:47,278 [AWT-EventQueue-0] INFO  XFormParser - Parsing form...
2026-03-02 10:47:47,278 [AWT-EventQueue-0] INFO  XFormParser - Title: "Formulário da Vigilancia Comunitaria"
2026-03-02 10:47:47,278 [AWT-EventQueue-0] WARN  XFormParser - XForm Parse Warning: Warning: 1 Unrecognized attributes found in Element [model] and will be ignored: [xforms-version] 
    Problem found at nodeset: /html/head/model
    With element <model xforms-version="1.0.0"><instance><data id="Comunidade_v3" version="1" prefix="Comunidade_v3" delimiter="$">...

2026-03-02 10:47:47,288 [ForkJoinPool-24-worker-1] INFO  o.o.b.p.a.PullFromAggregateTracker - Pull Formulário da Vigilancia Hospitalar - Form downloaded
2026-03-02 10:47:47,290 [ForkJoinPool-24-worker-1] INFO  o.o.b.p.a.PullFromAggregateTracker - Pull Formulário da Vigilancia Hospitalar - Start getting submission IDs
2026-03-02 10:47:47,332 [ForkJoinPool-24-worker-10] INFO  o.o.b.p.a.PullFromAggregateTracker - Pull Formulário da Vigilancia Comunitaria - Form downloaded
2026-03-02 10:47:47,332 [ForkJoinPool-24-worker-10] INFO  o.o.b.p.a.PullFromAggregateTracker - Pull Formulário da Vigilancia Comunitaria - Start getting submission IDs
2026-03-02 10:47:47,350 [AWT-EventQueue-0] INFO  XFormParser - Creating FormDef from parsed XML finished in 71.673 ms
2026-03-02 10:47:47,389 [AWT-EventQueue-0] INFO  XFormParser - Reading XML and parsing with kXML2 finished in 24.636 ms
2026-03-02 10:47:47,400 [AWT-EventQueue-0] INFO  XFormParser - Consolidating text finished in 9.885 ms
2026-03-02 10:47:47,400 [AWT-EventQueue-0] INFO  XFormParser - Parsing form...
2026-03-02 10:47:47,400 [AWT-EventQueue-0] INFO  XFormParser - Title: "Formulário da Vigilancia Hospitalar"
2026-03-02 10:47:47,400 [AWT-EventQueue-0] WARN  XFormParser - XForm Parse Warning: Warning: 1 Unrecognized attributes found in Element [model] and will be ignored: [xforms-version] 
    Problem found at nodeset: /html/head/model
    With element <model xforms-version="1.0.0"><instance><data id="hospitalar_v3" version="3" prefix="Hospitalar_v3" delimiter="$">...

2026-03-02 10:47:47,454 [AWT-EventQueue-0] INFO  XFormParser - Creating FormDef from parsed XML finished in 53.502 ms
2026-03-02 10:47:47,465 [ForkJoinPool-24-worker-15] INFO  o.o.b.p.a.PullFromAggregateTracker - Pull VIGILÂNCIA  AMBIENTAL - Got all the submission IDs
2026-03-02 10:47:47,472 [ForkJoinPool-24-worker-6] INFO  o.o.b.p.a.PullFromAggregateTracker - Pull Resultados de testagem das vigilâncias - Got all the submission IDs
2026-03-02 10:47:47,486 [ForkJoinPool-24-worker-15] INFO  o.o.b.p.a.PullFromAggregateTracker - Push VIGILÂNCIA  AMBIENTAL - There are no submissions to download
2026-03-02 10:47:47,489 [ForkJoinPool-24-worker-15] INFO  o.o.b.p.a.PullFromAggregateTracker - Pull VIGILÂNCIA  AMBIENTAL - Success
2026-03-02 10:47:47,491 [ForkJoinPool-24-worker-15] INFO  o.o.b.p.a.PullFromAggregateTracker - Pull Formulário da Vigilancia Hospitalar - Start pulling form and submissions
2026-03-02 10:47:47,491 [ForkJoinPool-24-worker-15] INFO  o.o.b.p.a.PullFromAggregateTracker - Pull Formulário da Vigilancia Hospitalar - Start downloading form
2026-03-02 10:47:47,492 [ForkJoinPool-24-worker-9] INFO  o.o.b.p.a.PullFromAggregateTracker - Pull Formulário da Vigilancia Hospitalar - Form downloaded
2026-03-02 10:47:47,492 [ForkJoinPool-24-worker-9] INFO  o.o.b.p.a.PullFromAggregateTracker - Pull Formulário da Vigilancia Hospitalar - Start getting form manifest
2026-03-02 10:47:47,499 [AWT-EventQueue-0] INFO  XFormParser - Reading XML and parsing with kXML2 finished in 11.545 ms
2026-03-02 10:47:47,510 [AWT-EventQueue-0] INFO  XFormParser - Consolidating text finished in 7.768 ms
2026-03-02 10:47:47,510 [AWT-EventQueue-0] INFO  XFormParser - Parsing form...
2026-03-02 10:47:47,510 [AWT-EventQueue-0] INFO  XFormParser - Title: "Resultados de testagem das vigilâncias"
2026-03-02 10:47:47,510 [AWT-EventQueue-0] WARN  XFormParser - XForm Parse Warning: Warning: 1 Unrecognized attributes found in Element [model] and will be ignored: [xforms-version] 
    Problem found at nodeset: /html/head/model
    With element <model xforms-version="1.0.0"><instance><data id="hospitalar_LB" version="13" prefix="Hospitalar LB" delimiter="$">...

2026-03-02 10:47:47,520 [ForkJoinPool-24-worker-4] INFO  o.o.b.p.a.PullFromAggregateTracker - Pull Formulário da Vigilancia Comunitaria - Form downloaded
2026-03-02 10:47:47,524 [ForkJoinPool-24-worker-4] INFO  o.o.b.p.a.PullFromAggregateTracker - Pull Formulário da Vigilancia Comunitaria - Start getting form manifest
2026-03-02 10:47:47,531 [ForkJoinPool-24-worker-6] INFO  o.o.b.p.a.PullFromAggregateTracker - Push Resultados de testagem das vigilâncias - There are no submissions to download
2026-03-02 10:47:47,535 [ForkJoinPool-24-worker-6] INFO  o.o.b.p.a.PullFromAggregateTracker - Pull Resultados de testagem das vigilâncias - Success
2026-03-02 10:47:47,537 [ForkJoinPool-24-worker-6] INFO  o.o.b.p.a.PullFromAggregateTracker - Pull Formulário da Vigilancia Hospitalar - Laboratório - Start pulling form and submissions
2026-03-02 10:47:47,538 [ForkJoinPool-24-worker-6] INFO  o.o.b.p.a.PullFromAggregateTracker - Pull Formulário da Vigilancia Hospitalar - Laboratório - Start downloading form
2026-03-02 10:47:47,624 [AWT-EventQueue-0] INFO  XFormParser - Creating FormDef from parsed XML finished in 113.976 ms
2026-03-02 10:47:47,631 [AWT-EventQueue-0] INFO  XFormParser - Reading XML and parsing with kXML2 finished in 3.833 ms
2026-03-02 10:47:47,633 [AWT-EventQueue-0] INFO  XFormParser - Consolidating text finished in 1.123 ms
2026-03-02 10:47:47,633 [AWT-EventQueue-0] INFO  XFormParser - Parsing form...
2026-03-02 10:47:47,633 [AWT-EventQueue-0] INFO  XFormParser - Title: "VIGILÂNCIA  AMBIENTAL"
2026-03-02 10:47:47,633 [AWT-EventQueue-0] WARN  XFormParser - XForm Parse Warning: Warning: 1 Unrecognized attributes found in Element [model] and will be ignored: [xforms-version] 
    Problem found at nodeset: /html/head/model
    With element <model xforms-version="1.0.0"><instance><data id="VIGILÂNCIA AMBIENTAL_v4" version="4" prefix="VIGILÂNCIA AMBIENTAL_v4" delimiter="$">...

2026-03-02 10:47:47,640 [AWT-EventQueue-0] INFO  XFormParser - Creating FormDef from parsed XML finished in 7.571 ms
2026-03-02 10:47:47,682 [ForkJoinPool-24-worker-11] INFO  o.o.b.p.a.PullFromAggregateTracker - Pull Formulário da Vigilancia Hospitalar - Got the form manifest
2026-03-02 10:47:47,682 [ForkJoinPool-24-worker-11] INFO  o.o.b.p.a.PullFromAggregateTracker - Pull Formulário da Vigilancia Hospitalar - Skipping 1 form attachments that have been already downloaded
2026-03-02 10:47:47,682 [ForkJoinPool-24-worker-11] INFO  o.o.b.p.a.PullFromAggregateTracker - Pull Formulário da Vigilancia Hospitalar - Start getting submission IDs
2026-03-02 10:47:47,698 [ForkJoinPool-24-worker-10] INFO  o.o.b.p.a.PullFromAggregateTracker - Pull Formulário da Vigilancia Comunitaria - Got all the submission IDs
2026-03-02 10:47:47,702 [ForkJoinPool-24-worker-1] INFO  o.o.b.p.a.PullFromAggregateTracker - Pull Formulário da Vigilancia Hospitalar - Got all the submission IDs
2026-03-02 10:47:47,774 [AWT-EventQueue-0] INFO  XFormParser - Reading XML and parsing with kXML2 finished in 58.212 ms
2026-03-02 10:47:47,781 [AWT-EventQueue-0] INFO  XFormParser - Consolidating text finished in 7.305 ms
2026-03-02 10:47:47,781 [AWT-EventQueue-0] INFO  XFormParser - Parsing form...
2026-03-02 10:47:47,781 [AWT-EventQueue-0] INFO  XFormParser - Title: "Formulário da Vigilancia Comunitaria"
2026-03-02 10:47:47,781 [AWT-EventQueue-0] WARN  XFormParser - XForm Parse Warning: Warning: 1 Unrecognized attributes found in Element [model] and will be ignored: [xforms-version] 
    Problem found at nodeset: /html/head/model
    With element <model xforms-version="1.0.0"><instance><data id="Comunidade" version="1" prefix="Comunidade" delimiter="$">...

2026-03-02 10:47:47,831 [ForkJoinPool-24-worker-1] INFO  o.o.b.p.a.PullFromAggregateTracker - Push Formulário da Vigilancia Hospitalar - There are no submissions to download
2026-03-02 10:47:47,833 [ForkJoinPool-24-worker-10] INFO  o.o.b.p.a.PullFromAggregateTracker - Push Formulário da Vigilancia Comunitaria - There are no submissions to download
2026-03-02 10:47:47,835 [ForkJoinPool-24-worker-10] INFO  o.o.b.p.a.PullFromAggregateTracker - Pull Formulário da Vigilancia Comunitaria - Success
2026-03-02 10:47:47,836 [ForkJoinPool-24-worker-1] INFO  o.o.b.p.a.PullFromAggregateTracker - Pull Formulário da Vigilancia Hospitalar - Success
2026-03-02 10:47:47,838 [ForkJoinPool-24-worker-1] INFO  o.o.b.p.a.PullFromAggregateTracker - Pull Formulário da Vigilancia Hospitalar - Laboratório - Start pulling form and submissions
2026-03-02 10:47:47,838 [ForkJoinPool-24-worker-1] INFO  o.o.b.p.a.PullFromAggregateTracker - Pull Formulário da Vigilancia Hospitalar - Laboratório - Start downloading form
2026-03-02 10:47:47,859 [AWT-EventQueue-0] INFO  XFormParser - Creating FormDef from parsed XML finished in 77.748 ms
2026-03-02 10:47:47,888 [ForkJoinPool-24-worker-9] INFO  o.o.b.p.a.PullFromAggregateTracker - Pull Formulário da Vigilancia Hospitalar - Got the form manifest
2026-03-02 10:47:47,888 [ForkJoinPool-24-worker-9] INFO  o.o.b.p.a.PullFromAggregateTracker - Pull Formulário da Vigilancia Hospitalar - Skipping 1 form attachments that have been already downloaded
2026-03-02 10:47:47,888 [ForkJoinPool-24-worker-9] INFO  o.o.b.p.a.PullFromAggregateTracker - Pull Formulário da Vigilancia Hospitalar - Start getting submission IDs
2026-03-02 10:47:47,891 [AWT-EventQueue-0] INFO  XFormParser - Reading XML and parsing with kXML2 finished in 15.173 ms
2026-03-02 10:47:47,899 [AWT-EventQueue-0] INFO  XFormParser - Consolidating text finished in 7.272 ms
2026-03-02 10:47:47,899 [AWT-EventQueue-0] INFO  XFormParser - Parsing form...
2026-03-02 10:47:47,899 [AWT-EventQueue-0] INFO  XFormParser - Title: "Formulário da Vigilancia Hospitalar"
2026-03-02 10:47:47,899 [AWT-EventQueue-0] WARN  XFormParser - XForm Parse Warning: Warning: 1 Unrecognized attributes found in Element [model] and will be ignored: [xforms-version] 
    Problem found at nodeset: /html/head/model
    With element <model xforms-version="1.0.0"><instance><data id="hospitalar" version="1" prefix="Hospitalar" delimiter="$">...

2026-03-02 10:47:47,906 [ForkJoinPool-24-worker-4] INFO  o.o.b.p.a.PullFromAggregateTracker - Pull Formulário da Vigilancia Comunitaria - Got the form manifest
2026-03-02 10:47:47,906 [ForkJoinPool-24-worker-4] INFO  o.o.b.p.a.PullFromAggregateTracker - Pull Formulário da Vigilancia Comunitaria - Skipping 1 form attachments that have been already downloaded
2026-03-02 10:47:47,906 [ForkJoinPool-24-worker-4] INFO  o.o.b.p.a.PullFromAggregateTracker - Pull Formulário da Vigilancia Comunitaria - Start getting submission IDs
2026-03-02 10:47:47,916 [ForkJoinPool-24-worker-6] INFO  o.o.b.p.a.PullFromAggregateTracker - Pull Formulário da Vigilancia Hospitalar - Laboratório - Form downloaded
2026-03-02 10:47:47,918 [ForkJoinPool-24-worker-6] INFO  o.o.b.p.a.PullFromAggregateTracker - Pull Formulário da Vigilancia Hospitalar - Laboratório - Start getting submission IDs
2026-03-02 10:47:47,927 [AWT-EventQueue-0] INFO  XFormParser - Creating FormDef from parsed XML finished in 27.485 ms
2026-03-02 10:47:47,929 [AWT-EventQueue-0] INFO  XFormParser - Reading XML and parsing with kXML2 finished in 1.111 ms
2026-03-02 10:47:47,930 [AWT-EventQueue-0] INFO  XFormParser - Consolidating text finished in 0.074 ms
2026-03-02 10:47:47,930 [AWT-EventQueue-0] INFO  XFormParser - Parsing form...
2026-03-02 10:47:47,930 [AWT-EventQueue-0] INFO  XFormParser - Title: "Formulário da Vigilancia Hospitalar - Laboratório"
2026-03-02 10:47:47,930 [AWT-EventQueue-0] WARN  XFormParser - XForm Parse Warning: Warning: 1 Unrecognized attributes found in Element [model] and will be ignored: [xforms-version] 
    Problem found at nodeset: /html/head/model
    With element <model xforms-version="1.0.0"><instance><data id="hospitalar_ib_v2" version="1" prefix="hospitalar_ib_v2" delimiter="$">...

2026-03-02 10:47:47,932 [AWT-EventQueue-0] INFO  XFormParser - Creating FormDef from parsed XML finished in 2.355 ms
2026-03-02 10:47:48,124 [ForkJoinPool-24-worker-1] INFO  o.o.b.p.a.PullFromAggregateTracker - Pull Formulário da Vigilancia Hospitalar - Laboratório - Form downloaded
2026-03-02 10:47:48,124 [ForkJoinPool-24-worker-3] INFO  o.o.b.p.a.PullFromAggregateTracker - Pull Resultados de testagem das vigilâncias - Form downloaded
2026-03-02 10:47:48,124 [ForkJoinPool-24-worker-1] INFO  o.o.b.p.a.PullFromAggregateTracker - Pull Formulário da Vigilancia Hospitalar - Laboratório - Start getting submission IDs
2026-03-02 10:47:48,125 [ForkJoinPool-24-worker-3] INFO  o.o.b.p.a.PullFromAggregateTracker - Pull Resultados de testagem das vigilâncias - Start getting submission IDs
2026-03-02 10:47:48,138 [ForkJoinPool-24-worker-9] INFO  o.o.b.p.a.PullFromAggregateTracker - Pull Formulário da Vigilancia Hospitalar - Got all the submission IDs
2026-03-02 10:47:48,138 [ForkJoinPool-24-worker-11] INFO  o.o.b.p.a.PullFromAggregateTracker - Pull Formulário da Vigilancia Hospitalar - Got all the submission IDs
2026-03-02 10:47:48,151 [AWT-EventQueue-0] INFO  XFormParser - Reading XML and parsing with kXML2 finished in 0.633 ms
2026-03-02 10:47:48,151 [AWT-EventQueue-0] INFO  XFormParser - Consolidating text finished in 0.500 ms
2026-03-02 10:47:48,151 [AWT-EventQueue-0] INFO  XFormParser - Parsing form...
2026-03-02 10:47:48,152 [AWT-EventQueue-0] INFO  XFormParser - Title: "Formulário da Vigilancia Hospitalar - Laboratório"
2026-03-02 10:47:48,152 [AWT-EventQueue-0] WARN  XFormParser - XForm Parse Warning: Warning: 1 Unrecognized attributes found in Element [model] and will be ignored: [xforms-version] 
    Problem found at nodeset: /html/head/model
    With element <model xforms-version="1.0.0"><instance><data id="hospitalar_ib_v3" version="3" prefix="hospitalar_ib_v3" delimiter="$">...

2026-03-02 10:47:48,168 [AWT-EventQueue-0] INFO  XFormParser - Creating FormDef from parsed XML finished in 17.052 ms
2026-03-02 10:47:48,182 [AWT-EventQueue-0] INFO  XFormParser - Reading XML and parsing with kXML2 finished in 2.840 ms
2026-03-02 10:47:48,185 [AWT-EventQueue-0] INFO  XFormParser - Consolidating text finished in 1.899 ms
2026-03-02 10:47:48,185 [AWT-EventQueue-0] INFO  XFormParser - Parsing form...
2026-03-02 10:47:48,186 [AWT-EventQueue-0] INFO  XFormParser - Title: "Resultados de testagem das vigilâncias"
2026-03-02 10:47:48,186 [AWT-EventQueue-0] WARN  XFormParser - XForm Parse Warning: Warning: 1 Unrecognized attributes found in Element [model] and will be ignored: [xforms-version] 
    Problem found at nodeset: /html/head/model
    With element <model xforms-version="1.0.0"><instance><data id="hospitalar_LB_v2" version="2" prefix="Hospitalar LB_v2" delimiter="$">...

2026-03-02 10:47:48,243 [ForkJoinPool-24-worker-9] INFO  o.o.b.p.a.PullFromAggregateTracker - Push Formulário da Vigilancia Hospitalar - There are no submissions to download
2026-03-02 10:47:48,244 [ForkJoinPool-24-worker-11] INFO  o.o.b.p.a.PullFromAggregateTracker - Push Formulário da Vigilancia Hospitalar - There are no submissions to download
2026-03-02 10:47:48,246 [ForkJoinPool-24-worker-9] INFO  o.o.b.p.a.PullFromAggregateTracker - Pull Formulário da Vigilancia Hospitalar - Success
2026-03-02 10:47:48,247 [ForkJoinPool-24-worker-11] INFO  o.o.b.p.a.PullFromAggregateTracker - Pull Formulário da Vigilancia Hospitalar - Success
2026-03-02 10:47:48,274 [AWT-EventQueue-0] INFO  XFormParser - Creating FormDef from parsed XML finished in 87.889 ms
2026-03-02 10:47:48,343 [ForkJoinPool-24-worker-6] INFO  o.o.b.p.a.PullFromAggregateTracker - Pull Formulário da Vigilancia Hospitalar - Laboratório - Got all the submission IDs
2026-03-02 10:47:48,345 [ForkJoinPool-24-worker-6] INFO  o.o.b.p.a.PullFromAggregateTracker - Push Formulário da Vigilancia Hospitalar - Laboratório - There are no submissions to download
2026-03-02 10:47:48,347 [ForkJoinPool-24-worker-6] INFO  o.o.b.p.a.PullFromAggregateTracker - Pull Formulário da Vigilancia Hospitalar - Laboratório - Success
2026-03-02 10:47:48,348 [ForkJoinPool-24-worker-1] INFO  o.o.b.p.a.PullFromAggregateTracker - Pull Formulário da Vigilancia Hospitalar - Laboratório - Got all the submission IDs
2026-03-02 10:47:48,349 [ForkJoinPool-24-worker-1] INFO  o.o.b.p.a.PullFromAggregateTracker - Push Formulário da Vigilancia Hospitalar - Laboratório - There are no submissions to download
2026-03-02 10:47:48,350 [ForkJoinPool-24-worker-1] INFO  o.o.b.p.a.PullFromAggregateTracker - Pull Formulário da Vigilancia Hospitalar - Laboratório - Success
2026-03-02 10:47:48,352 [ForkJoinPool-24-worker-3] INFO  o.o.b.p.a.PullFromAggregateTracker - Pull Resultados de testagem das vigilâncias - Got all the submission IDs
2026-03-02 10:47:48,358 [ForkJoinPool-24-worker-3] INFO  o.o.b.p.a.PullFromAggregateTracker - Push Resultados de testagem das vigilâncias - There are no submissions to download
2026-03-02 10:47:48,359 [ForkJoinPool-24-worker-3] INFO  o.o.b.p.a.PullFromAggregateTracker - Pull Resultados de testagem das vigilâncias - Success
2026-03-02 10:47:48,556 [ForkJoinPool-24-worker-4] INFO  o.o.b.p.a.PullFromAggregateTracker - Pull Formulário da Vigilancia Comunitaria - Got all the submission IDs
2026-03-02 10:47:48,649 [ForkJoinPool-24-worker-10] INFO  o.o.b.p.a.PullFromAggregateTracker - Pull Formulário da Vigilancia Comunitaria - Start downloading submission 7 of 11
2026-03-02 10:47:48,649 [ForkJoinPool-24-worker-4] INFO  o.o.b.p.a.PullFromAggregateTracker - Pull Formulário da Vigilancia Comunitaria - Start downloading submission 1 of 11
2026-03-02 10:47:48,650 [ForkJoinPool-24-worker-3] INFO  o.o.b.p.a.PullFromAggregateTracker - Pull Formulário da Vigilancia Comunitaria - Start downloading submission 5 of 11
2026-03-02 10:47:48,650 [ForkJoinPool-24-worker-9] INFO  o.o.b.p.a.PullFromAggregateTracker - Pull Formulário da Vigilancia Comunitaria - Start downloading submission 4 of 11
2026-03-02 10:47:48,650 [ForkJoinPool-24-worker-1] INFO  o.o.b.p.a.PullFromAggregateTracker - Pull Formulário da Vigilancia Comunitaria - Start downloading submission 6 of 11
2026-03-02 10:47:48,651 [ForkJoinPool-24-worker-6] INFO  o.o.b.p.a.PullFromAggregateTracker - Pull Formulário da Vigilancia Comunitaria - Start downloading submission 3 of 11
2026-03-02 10:47:48,651 [ForkJoinPool-24-worker-11] INFO  o.o.b.p.a.PullFromAggregateTracker - Pull Formulário da Vigilancia Comunitaria - Start downloading submission 2 of 11
2026-03-02 10:47:49,035 [ForkJoinPool-24-worker-11] INFO  o.o.b.p.a.PullFromAggregateTracker - Pull Formulário da Vigilancia Comunitaria - Submission 2 of 11 downloaded
2026-03-02 10:47:49,039 [ForkJoinPool-24-worker-10] INFO  o.o.b.p.a.PullFromAggregateTracker - Pull Formulário da Vigilancia Comunitaria - Submission 7 of 11 downloaded
2026-03-02 10:47:49,039 [ForkJoinPool-24-worker-9] INFO  o.o.b.p.a.PullFromAggregateTracker - Pull Formulário da Vigilancia Comunitaria - Submission 4 of 11 downloaded
2026-03-02 10:47:49,039 [ForkJoinPool-24-worker-11] INFO  o.o.b.p.a.PullFromAggregateTracker - Pull Formulário da Vigilancia Comunitaria - Start downloading submission 8 of 11
2026-03-02 10:47:49,039 [ForkJoinPool-24-worker-4] INFO  o.o.b.p.a.PullFromAggregateTracker - Pull Formulário da Vigilancia Comunitaria - Submission 1 of 11 downloaded
2026-03-02 10:47:49,041 [ForkJoinPool-24-worker-9] INFO  o.o.b.p.a.PullFromAggregateTracker - Pull Formulário da Vigilancia Comunitaria - Start downloading submission 10 of 11
2026-03-02 10:47:49,041 [ForkJoinPool-24-worker-10] INFO  o.o.b.p.a.PullFromAggregateTracker - Pull Formulário da Vigilancia Comunitaria - Start downloading submission 9 of 11
2026-03-02 10:47:49,041 [ForkJoinPool-24-worker-4] INFO  o.o.b.p.a.PullFromAggregateTracker - Pull Formulário da Vigilancia Comunitaria - Start downloading submission 11 of 11
2026-03-02 10:47:49,259 [ForkJoinPool-24-worker-6] INFO  o.o.b.p.a.PullFromAggregateTracker - Pull Formulário da Vigilancia Comunitaria - Submission 3 of 11 downloaded
2026-03-02 10:47:49,262 [ForkJoinPool-24-worker-3] INFO  o.o.b.p.a.PullFromAggregateTracker - Pull Formulário da Vigilancia Comunitaria - Submission 5 of 11 downloaded
2026-03-02 10:47:49,269 [ForkJoinPool-24-worker-1] INFO  o.o.b.p.a.PullFromAggregateTracker - Pull Formulário da Vigilancia Comunitaria - Submission 6 of 11 downloaded
2026-03-02 10:47:49,269 [ForkJoinPool-24-worker-11] INFO  o.o.b.p.a.PullFromAggregateTracker - Pull Formulário da Vigilancia Comunitaria - Submission 8 of 11 downloaded
2026-03-02 10:47:49,280 [ForkJoinPool-24-worker-2] INFO  o.o.b.p.a.PullFromAggregateTracker - Pull Formulário da Vigilancia Hospitalar - Form downloaded
2026-03-02 10:47:49,280 [ForkJoinPool-24-worker-2] INFO  o.o.b.p.a.PullFromAggregateTracker - Pull Formulário da Vigilancia Hospitalar - Start getting submission IDs
2026-03-02 10:47:49,484 [ForkJoinPool-24-worker-9] INFO  o.o.b.p.a.PullFromAggregateTracker - Pull Formulário da Vigilancia Comunitaria - Submission 10 of 11 downloaded
2026-03-02 10:47:49,484 [ForkJoinPool-24-worker-4] INFO  o.o.b.p.a.PullFromAggregateTracker - Pull Formulário da Vigilancia Comunitaria - Submission 11 of 11 downloaded
2026-03-02 10:47:49,485 [ForkJoinPool-24-worker-10] INFO  o.o.b.p.a.PullFromAggregateTracker - Pull Formulário da Vigilancia Comunitaria - Submission 9 of 11 downloaded
2026-03-02 10:47:49,486 [ForkJoinPool-24-worker-4] INFO  o.o.b.p.a.PullFromAggregateTracker - Pull Formulário da Vigilancia Comunitaria - Success
2026-03-02 10:47:49,499 [ForkJoinPool-24-worker-2] INFO  o.o.b.p.a.PullFromAggregateTracker - Pull Formulário da Vigilancia Hospitalar - Got all the submission IDs
2026-03-02 10:47:49,565 [ForkJoinPool-24-worker-2] INFO  o.o.b.p.a.PullFromAggregateTracker - Push Formulário da Vigilancia Hospitalar - There are no submissions to download
2026-03-02 10:47:49,568 [AWT-EventQueue-0] INFO  XFormParser - Reading XML and parsing with kXML2 finished in 15.097 ms
2026-03-02 10:47:49,568 [ForkJoinPool-24-worker-2] INFO  o.o.b.p.a.PullFromAggregateTracker - Pull Formulário da Vigilancia Hospitalar - Success
2026-03-02 10:47:49,581 [AWT-EventQueue-0] INFO  XFormParser - Consolidating text finished in 12.928 ms
2026-03-02 10:47:49,581 [AWT-EventQueue-0] INFO  XFormParser - Parsing form...
2026-03-02 10:47:49,582 [AWT-EventQueue-0] INFO  XFormParser - Title: "Formulário da Vigilancia Hospitalar"
2026-03-02 10:47:49,582 [AWT-EventQueue-0] WARN  XFormParser - XForm Parse Warning: Warning: 1 Unrecognized attributes found in Element [model] and will be ignored: [xforms-version] 
    Problem found at nodeset: /html/head/model
    With element <model xforms-version="1.0.0"><instance><data id="hospitalar_v5" version="1" prefix="hospitalar_v5" delimiter="$">...

2026-03-02 10:47:49,630 [AWT-EventQueue-0] INFO  XFormParser - Creating FormDef from parsed XML finished in 48.631 ms
2026-03-02 10:47:49,732 [ForkJoinPool-24-worker-13] INFO  o.o.b.p.a.PullFromAggregateTracker - Pull Formulário da Vigilancia Comunitaria - Form downloaded
2026-03-02 10:47:49,734 [ForkJoinPool-24-worker-13] INFO  o.o.b.p.a.PullFromAggregateTracker - Pull Formulário da Vigilancia Comunitaria - Start getting submission IDs
2026-03-02 10:47:49,967 [ForkJoinPool-24-worker-13] INFO  o.o.b.p.a.PullFromAggregateTracker - Pull Formulário da Vigilancia Comunitaria - Got all the submission IDs
2026-03-02 10:47:50,045 [ForkJoinPool-24-worker-13] INFO  o.o.b.p.a.PullFromAggregateTracker - Push Formulário da Vigilancia Comunitaria - There are no submissions to download
2026-03-02 10:47:50,051 [ForkJoinPool-24-worker-13] INFO  o.o.b.p.a.PullFromAggregateTracker - Pull Formulário da Vigilancia Comunitaria - Success
2026-03-02 10:47:50,118 [AWT-EventQueue-0] INFO  XFormParser - Reading XML and parsing with kXML2 finished in 16.158 ms
2026-03-02 10:47:50,125 [AWT-EventQueue-0] INFO  XFormParser - Consolidating text finished in 7.112 ms
2026-03-02 10:47:50,126 [AWT-EventQueue-0] INFO  XFormParser - Parsing form...
2026-03-02 10:47:50,126 [AWT-EventQueue-0] INFO  XFormParser - Title: "Formulário da Vigilancia Comunitaria"
2026-03-02 10:47:50,126 [AWT-EventQueue-0] WARN  XFormParser - XForm Parse Warning: Warning: 1 Unrecognized attributes found in Element [model] and will be ignored: [xforms-version] 
    Problem found at nodeset: /html/head/model
    With element <model xforms-version="1.0.0"><instance><data id="Comunidade_v4" version="1" prefix="Comunidade_v4" delimiter="$">...

2026-03-02 10:47:50,166 [AWT-EventQueue-0] INFO  XFormParser - Creating FormDef from parsed XML finished in 39.268 ms
2026-03-02 10:47:50,691 [ForkJoinPool-24-worker-8] INFO  o.o.b.p.a.PullFromAggregateTracker - Pull Formulário da Vigilancia Hospitalar - Form downloaded
2026-03-02 10:47:50,692 [ForkJoinPool-24-worker-8] INFO  o.o.b.p.a.PullFromAggregateTracker - Pull Formulário da Vigilancia Hospitalar - Start getting submission IDs
2026-03-02 10:47:50,942 [ForkJoinPool-24-worker-8] INFO  o.o.b.p.a.PullFromAggregateTracker - Pull Formulário da Vigilancia Hospitalar - Got all the submission IDs
2026-03-02 10:47:51,017 [ForkJoinPool-24-worker-8] INFO  o.o.b.p.a.PullFromAggregateTracker - Push Formulário da Vigilancia Hospitalar - There are no submissions to download
2026-03-02 10:47:51,019 [ForkJoinPool-24-worker-8] INFO  o.o.b.p.a.PullFromAggregateTracker - Pull Formulário da Vigilancia Hospitalar - Success
2026-03-02 10:47:51,093 [AWT-EventQueue-0] INFO  XFormParser - Reading XML and parsing with kXML2 finished in 18.377 ms
2026-03-02 10:47:51,115 [AWT-EventQueue-0] INFO  XFormParser - Consolidating text finished in 20.793 ms
2026-03-02 10:47:51,115 [AWT-EventQueue-0] INFO  XFormParser - Parsing form...
2026-03-02 10:47:51,115 [AWT-EventQueue-0] INFO  XFormParser - Title: "Formulário da Vigilancia Hospitalar"
2026-03-02 10:47:51,116 [AWT-EventQueue-0] WARN  XFormParser - XForm Parse Warning: Warning: 1 Unrecognized attributes found in Element [model] and will be ignored: [xforms-version] 
    Problem found at nodeset: /html/head/model
    With element <model xforms-version="1.0.0"><instance><data id="hospitalar_v4" version="1" prefix="hospitalar_v4" delimiter="$">...

2026-03-02 10:47:51,162 [AWT-EventQueue-0] INFO  XFormParser - Creating FormDef from parsed XML finished in 46.497 ms
2026-03-02 10:47:51,622 [ForkJoinPool-24-worker-15] INFO  o.o.b.p.a.PullFromAggregateTracker - Pull Formulário da Vigilancia Hospitalar - Form downloaded
2026-03-02 10:47:51,622 [ForkJoinPool-24-worker-15] INFO  o.o.b.p.a.PullFromAggregateTracker - Pull Formulário da Vigilancia Hospitalar - Start getting submission IDs
2026-03-02 10:47:52,076 [ForkJoinPool-24-worker-15] INFO  o.o.b.p.a.PullFromAggregateTracker - Pull Formulário da Vigilancia Hospitalar - Got all the submission IDs
2026-03-02 10:47:52,152 [ForkJoinPool-24-worker-15] INFO  o.o.b.p.a.PullFromAggregateTracker - Pull Formulário da Vigilancia Hospitalar - Start downloading submission 1 of 8
2026-03-02 10:47:52,154 [ForkJoinPool-24-worker-9] INFO  o.o.b.p.a.PullFromAggregateTracker - Pull Formulário da Vigilancia Hospitalar - Start downloading submission 8 of 8
2026-03-02 10:47:52,158 [ForkJoinPool-24-worker-13] INFO  o.o.b.p.a.PullFromAggregateTracker - Pull Formulário da Vigilancia Hospitalar - Start downloading submission 2 of 8
2026-03-02 10:47:52,158 [ForkJoinPool-24-worker-3] INFO  o.o.b.p.a.PullFromAggregateTracker - Pull Formulário da Vigilancia Hospitalar - Start downloading submission 7 of 8
2026-03-02 10:47:52,158 [ForkJoinPool-24-worker-8] INFO  o.o.b.p.a.PullFromAggregateTracker - Pull Formulário da Vigilancia Hospitalar - Start downloading submission 4 of 8
2026-03-02 10:47:52,158 [ForkJoinPool-24-worker-2] INFO  o.o.b.p.a.PullFromAggregateTracker - Pull Formulário da Vigilancia Hospitalar - Start downloading submission 5 of 8
2026-03-02 10:47:52,159 [ForkJoinPool-24-worker-10] INFO  o.o.b.p.a.PullFromAggregateTracker - Pull Formulário da Vigilancia Hospitalar - Start downloading submission 6 of 8
2026-03-02 10:47:52,159 [ForkJoinPool-24-worker-4] INFO  o.o.b.p.a.PullFromAggregateTracker - Pull Formulário da Vigilancia Hospitalar - Start downloading submission 3 of 8
2026-03-02 10:47:52,425 [ForkJoinPool-24-worker-15] INFO  o.o.b.p.a.PullFromAggregateTracker - Pull Formulário da Vigilancia Hospitalar - Submission 1 of 8 downloaded
2026-03-02 10:47:52,457 [ForkJoinPool-24-worker-13] INFO  o.o.b.p.a.PullFromAggregateTracker - Pull Formulário da Vigilancia Hospitalar - Submission 2 of 8 downloaded
2026-03-02 10:47:52,458 [ForkJoinPool-24-worker-4] INFO  o.o.b.p.a.PullFromAggregateTracker - Pull Formulário da Vigilancia Hospitalar - Submission 3 of 8 downloaded
2026-03-02 10:47:52,460 [ForkJoinPool-24-worker-13] INFO  o.o.b.p.a.PullFromAggregateTracker - Pull Formulário da Vigilancia Hospitalar - Start downloading attachment 1 of 1 of submission 2 of 8
2026-03-02 10:47:52,462 [ForkJoinPool-24-worker-10] INFO  o.o.b.p.a.PullFromAggregateTracker - Pull Formulário da Vigilancia Hospitalar - Submission 6 of 8 downloaded
2026-03-02 10:47:52,466 [ForkJoinPool-24-worker-2] INFO  o.o.b.p.a.PullFromAggregateTracker - Pull Formulário da Vigilancia Hospitalar - Submission 5 of 8 downloaded
2026-03-02 10:47:52,466 [ForkJoinPool-24-worker-3] INFO  o.o.b.p.a.PullFromAggregateTracker - Pull Formulário da Vigilancia Hospitalar - Submission 7 of 8 downloaded
2026-03-02 10:47:52,466 [ForkJoinPool-24-worker-9] INFO  o.o.b.p.a.PullFromAggregateTracker - Pull Formulário da Vigilancia Hospitalar - Submission 8 of 8 downloaded
2026-03-02 10:47:52,468 [ForkJoinPool-24-worker-8] INFO  o.o.b.p.a.PullFromAggregateTracker - Pull Formulário da Vigilancia Hospitalar - Submission 4 of 8 downloaded
2026-03-02 10:48:07,933 [ForkJoinPool-24-worker-13] INFO  o.o.b.p.a.PullFromAggregateTracker - Pull Formulário da Vigilancia Hospitalar - Attachment 1 of 1 of submission 2 of 8 downloaded
2026-03-02 10:48:07,939 [ForkJoinPool-24-worker-15] INFO  o.o.b.p.a.PullFromAggregateTracker - Pull Formulário da Vigilancia Hospitalar - Success
2026-03-02 10:48:08,044 [AWT-EventQueue-0] INFO  XFormParser - Reading XML and parsing with kXML2 finished in 25.937 ms
2026-03-02 10:48:08,055 [AWT-EventQueue-0] INFO  XFormParser - Consolidating text finished in 11.398 ms
2026-03-02 10:48:08,055 [AWT-EventQueue-0] INFO  XFormParser - Parsing form...
2026-03-02 10:48:08,056 [AWT-EventQueue-0] INFO  XFormParser - Title: "Formulário da Vigilancia Hospitalar"
2026-03-02 10:48:08,056 [AWT-EventQueue-0] WARN  XFormParser - XForm Parse Warning: Warning: 1 Unrecognized attributes found in Element [model] and will be ignored: [xforms-version] 
    Problem found at nodeset: /html/head/model
    With element <model xforms-version="1.0.0"><instance><data id="hospitalar_v6" version="6" prefix="hospitalar_v6" delimiter="$">...

2026-03-02 10:48:08,123 [AWT-EventQueue-0] INFO  XFormParser - Creating FormDef from parsed XML finished in 67.181 ms
2026-03-02 10:49:08,570 [Thread-28] INFO  org.javarosa.core.model.FormDef - Dynamic select question has no choices! [instance(dis)/root/item]. If this occurs while filling out a form (and not while saving an incomplete form), the filter condition may have eliminated all the choices. Is that what you intended?
2026-03-02 10:49:08,577 [Thread-28] INFO  org.javarosa.core.model.FormDef - Dynamic select question has no choices! [instance(bairro)/root/item]. If this occurs while filling out a form (and not while saving an incomplete form), the filter condition may have eliminated all the choices. Is that what you intended?
2026-03-02 10:49:08,637 [Thread-28] INFO  org.javarosa.core.model.FormDef - Dynamic select question has no choices! [instance(tipo_amostra_options)/root/item]. If this occurs while filling out a form (and not while saving an incomplete form), the filter condition may have eliminated all the choices. Is that what you intended?
2026-03-02 10:49:08,673 [Thread-28] INFO  org.javarosa.core.model.FormDef - Dynamic select question has no choices! [instance(Distrito_option_type)/root/item]. If this occurs while filling out a form (and not while saving an incomplete form), the filter condition may have eliminated all the choices. Is that what you intended?
2026-03-02 10:49:08,816 [Thread-28] INFO  org.javarosa.core.model.FormDef - Dynamic select question has no choices! [instance(dis)/root/item]. If this occurs while filling out a form (and not while saving an incomplete form), the filter condition may have eliminated all the choices. Is that what you intended?
2026-03-02 10:49:08,854 [Thread-28] INFO  org.javarosa.core.model.FormDef - Dynamic select question has no choices! [instance(bairro)/root/item]. If this occurs while filling out a form (and not while saving an incomplete form), the filter condition may have eliminated all the choices. Is that what you intended?
2026-03-02 10:49:09,298 [ForkJoinPool-25-worker-2] INFO  o.o.b.export.ExportProcessTracker - Exported in 00:00:00.674528
2026-03-02 10:49:09,341 [ForkJoinPool-25-worker-4] INFO  o.o.b.export.ExportProcessTracker - Exported in 00:00:00.6797771
2026-03-02 10:49:10,939 [ForkJoinPool-25-worker-13] INFO  o.o.b.export.ExportProcessTracker - Exported in 00:00:02.2565755
2026-03-02 10:49:18,683 [ForkJoinPool-25-worker-15] INFO  o.o.b.export.ExportProcessTracker - Exported in 00:00:09.6765904
2026-03-02 10:49:28,958 [ForkJoinPool-25-worker-9] INFO  o.o.b.export.ExportProcessTracker - Exported in 00:00:20.359224
2026-03-02 10:49:29,689 [ForkJoinPool-25-worker-11] INFO  o.o.b.export.ExportProcessTracker - Exported in 00:00:21.0370421
2026-03-02 10:49:29,869 [ForkJoinPool-25-worker-6] INFO  o.o.b.export.ExportProcessTracker - Exported in 00:00:21.173587
