2026-01-09 10:30:55,471 [ForkJoinPool-7-worker-2] INFO  o.o.b.p.a.PullFromAggregateTracker - Pull Formulário da Vigilancia Hospitalar - Laboratório - Start pulling form and submissions
2026-01-09 10:30:55,472 [ForkJoinPool-7-worker-6] INFO  o.o.b.p.a.PullFromAggregateTracker - Pull Resultados de testagem das vigilâncias - Start pulling form and submissions
2026-01-09 10:30:55,472 [ForkJoinPool-7-worker-4] INFO  o.o.b.p.a.PullFromAggregateTracker - Pull Formulário da Vigilancia Comunitaria - Start pulling form and submissions
2026-01-09 10:30:55,471 [ForkJoinPool-7-worker-9] INFO  o.o.b.p.a.PullFromAggregateTracker - Pull Formulário da Vigilancia Hospitalar - Start pulling form and submissions
2026-01-09 10:30:55,472 [ForkJoinPool-7-worker-11] INFO  o.o.b.p.a.PullFromAggregateTracker - Pull Formulário da Vigilancia Hospitalar - Start pulling form and submissions
2026-01-09 10:30:55,474 [ForkJoinPool-7-worker-1] INFO  o.o.b.p.a.PullFromAggregateTracker - Pull Formulario da  Componente  Genomica (IDS) - Start pulling form and submissions
2026-01-09 10:30:55,476 [ForkJoinPool-7-worker-3] INFO  o.o.b.p.a.PullFromAggregateTracker - Pull Formulário da Vigilancia Hospitalar - Start pulling form and submissions
2026-01-09 10:30:55,472 [ForkJoinPool-7-worker-15] INFO  o.o.b.p.a.PullFromAggregateTracker - Pull Formulário da Vigilancia Hospitalar - Start pulling form and submissions
2026-01-09 10:30:55,474 [ForkJoinPool-7-worker-10] INFO  o.o.b.p.a.PullFromAggregateTracker - Pull Formulário da Vigilancia Hospitalar - Laboratório - Start pulling form and submissions
2026-01-09 10:30:55,474 [ForkJoinPool-7-worker-8] INFO  o.o.b.p.a.PullFromAggregateTracker - Pull Formulário da Vigilancia Comunitaria - Start pulling form and submissions
2026-01-09 10:30:55,472 [ForkJoinPool-7-worker-13] INFO  o.o.b.p.a.PullFromAggregateTracker - Pull VIGILÂNCIA  AMBIENTAL - Start pulling form and submissions
2026-01-09 10:30:55,488 [ForkJoinPool-7-worker-1] INFO  o.o.b.p.a.PullFromAggregateTracker - Pull Formulario da  Componente  Genomica (IDS) - Start downloading form
2026-01-09 10:30:55,488 [ForkJoinPool-7-worker-6] INFO  o.o.b.p.a.PullFromAggregateTracker - Pull Resultados de testagem das vigilâncias - Start downloading form
2026-01-09 10:30:55,486 [ForkJoinPool-7-worker-11] INFO  o.o.b.p.a.PullFromAggregateTracker - Pull Formulário da Vigilancia Hospitalar - Start downloading form
2026-01-09 10:30:55,486 [ForkJoinPool-7-worker-2] INFO  o.o.b.p.a.PullFromAggregateTracker - Pull Formulário da Vigilancia Hospitalar - Laboratório - Start downloading form
2026-01-09 10:30:55,486 [ForkJoinPool-7-worker-4] INFO  o.o.b.p.a.PullFromAggregateTracker - Pull Formulário da Vigilancia Comunitaria - Start downloading form
2026-01-09 10:30:55,486 [ForkJoinPool-7-worker-9] INFO  o.o.b.p.a.PullFromAggregateTracker - Pull Formulário da Vigilancia Hospitalar - Start downloading form
2026-01-09 10:30:55,490 [ForkJoinPool-7-worker-10] INFO  o.o.b.p.a.PullFromAggregateTracker - Pull Formulário da Vigilancia Hospitalar - Laboratório - Start downloading form
2026-01-09 10:30:55,491 [ForkJoinPool-7-worker-8] INFO  o.o.b.p.a.PullFromAggregateTracker - Pull Formulário da Vigilancia Comunitaria - Start downloading form
2026-01-09 10:30:55,490 [ForkJoinPool-7-worker-15] INFO  o.o.b.p.a.PullFromAggregateTracker - Pull Formulário da Vigilancia Hospitalar - Start downloading form
2026-01-09 10:30:55,488 [ForkJoinPool-7-worker-3] INFO  o.o.b.p.a.PullFromAggregateTracker - Pull Formulário da Vigilancia Hospitalar - Start downloading form
2026-01-09 10:30:55,488 [ForkJoinPool-7-worker-13] INFO  o.o.b.p.a.PullFromAggregateTracker - Pull VIGILÂNCIA  AMBIENTAL - Start downloading form
2026-01-09 10:30:57,544 [ForkJoinPool-7-worker-2] INFO  o.o.b.p.a.PullFromAggregateTracker - Pull Formulário da Vigilancia Hospitalar - Laboratório - Form downloaded
2026-01-09 10:30:57,545 [ForkJoinPool-7-worker-2] INFO  o.o.b.p.a.PullFromAggregateTracker - Pull Formulário da Vigilancia Hospitalar - Laboratório - Start getting form manifest
2026-01-09 10:30:57,768 [ForkJoinPool-7-worker-1] INFO  o.o.b.p.a.PullFromAggregateTracker - Pull Formulario da  Componente  Genomica (IDS) - Form downloaded
2026-01-09 10:30:57,770 [ForkJoinPool-7-worker-1] INFO  o.o.b.p.a.PullFromAggregateTracker - Pull Formulario da  Componente  Genomica (IDS) - Start getting submission IDs
2026-01-09 10:30:59,727 [ForkJoinPool-7-worker-10] INFO  o.o.b.p.a.PullFromAggregateTracker - Pull Formulário da Vigilancia Hospitalar - Laboratório - Form downloaded
2026-01-09 10:30:59,729 [ForkJoinPool-7-worker-10] INFO  o.o.b.p.a.PullFromAggregateTracker - Pull Formulário da Vigilancia Hospitalar - Laboratório - Start getting submission IDs
2026-01-09 10:31:00,102 [ForkJoinPool-7-worker-4] INFO  o.o.b.p.a.PullFromAggregateTracker - Pull Formulário da Vigilancia Comunitaria - Form downloaded
2026-01-09 10:31:00,103 [ForkJoinPool-7-worker-4] INFO  o.o.b.p.a.PullFromAggregateTracker - Pull Formulário da Vigilancia Comunitaria - Start getting form manifest
2026-01-09 10:31:00,208 [ForkJoinPool-7-worker-9] INFO  o.o.b.p.a.PullFromAggregateTracker - Pull Formulário da Vigilancia Hospitalar - Form downloaded
2026-01-09 10:31:00,208 [ForkJoinPool-7-worker-9] INFO  o.o.b.p.a.PullFromAggregateTracker - Pull Formulário da Vigilancia Hospitalar - Start getting form manifest
2026-01-09 10:31:00,714 [ForkJoinPool-7-worker-1] INFO  o.o.b.p.a.PullFromAggregateTracker - Pull Formulario da  Componente  Genomica (IDS) - Got all the submission IDs
2026-01-09 10:31:00,720 [ForkJoinPool-7-worker-2] INFO  o.o.b.p.a.PullFromAggregateTracker - Pull Formulário da Vigilancia Hospitalar - Laboratório - Got the form manifest
2026-01-09 10:31:00,723 [ForkJoinPool-7-worker-2] INFO  o.o.b.p.a.PullFromAggregateTracker - Pull Formulário da Vigilancia Hospitalar - Laboratório - Skipping 1 form attachments that have been already downloaded
2026-01-09 10:31:00,723 [ForkJoinPool-7-worker-2] INFO  o.o.b.p.a.PullFromAggregateTracker - Pull Formulário da Vigilancia Hospitalar - Laboratório - Start getting submission IDs
2026-01-09 10:31:00,741 [ForkJoinPool-7-worker-3] INFO  o.o.b.p.a.PullFromAggregateTracker - Pull Formulário da Vigilancia Hospitalar - Form downloaded
2026-01-09 10:31:00,741 [ForkJoinPool-7-worker-8] INFO  o.o.b.p.a.PullFromAggregateTracker - Pull Formulário da Vigilancia Comunitaria - Form downloaded
2026-01-09 10:31:00,746 [ForkJoinPool-7-worker-8] INFO  o.o.b.p.a.PullFromAggregateTracker - Pull Formulário da Vigilancia Comunitaria - Start getting submission IDs
2026-01-09 10:31:00,746 [ForkJoinPool-7-worker-3] INFO  o.o.b.p.a.PullFromAggregateTracker - Pull Formulário da Vigilancia Hospitalar - Start getting submission IDs
2026-01-09 10:31:00,754 [ForkJoinPool-7-worker-1] INFO  o.o.b.p.a.PullFromAggregateTracker - Push Formulario da  Componente  Genomica (IDS) - There are no submissions to download
2026-01-09 10:31:00,757 [ForkJoinPool-7-worker-11] INFO  o.o.b.p.a.PullFromAggregateTracker - Pull Formulário da Vigilancia Hospitalar - Form downloaded
2026-01-09 10:31:00,757 [ForkJoinPool-7-worker-11] INFO  o.o.b.p.a.PullFromAggregateTracker - Pull Formulário da Vigilancia Hospitalar - Start getting form manifest
2026-01-09 10:31:00,767 [ForkJoinPool-7-worker-1] INFO  o.o.b.p.a.PullFromAggregateTracker - Pull Formulario da  Componente  Genomica (IDS) - Success
2026-01-09 10:31:00,774 [ForkJoinPool-7-worker-1] INFO  o.o.b.p.a.PullFromAggregateTracker - Pull VIGILÂNCIA  AMBIENTAL - Start pulling form and submissions
2026-01-09 10:31:00,774 [ForkJoinPool-7-worker-1] INFO  o.o.b.p.a.PullFromAggregateTracker - Pull VIGILÂNCIA  AMBIENTAL - Start downloading form
2026-01-09 10:31:00,868 [AWT-EventQueue-0] INFO  XFormParser - Reading XML and parsing with kXML2 finished in 20.673 ms
2026-01-09 10:31:00,883 [AWT-EventQueue-0] INFO  XFormParser - Consolidating text finished in 13.718 ms
2026-01-09 10:31:00,883 [AWT-EventQueue-0] INFO  XFormParser - Parsing form...
2026-01-09 10:31:00,883 [AWT-EventQueue-0] INFO  XFormParser - Title: "Formulário da Vigilancia Comunitaria"
2026-01-09 10:31:00,883 [AWT-EventQueue-0] WARN  XFormParser - XForm Parse Warning: Warning: 1 Unrecognized attributes found in Element [model] and will be ignored: [xforms-version] 
    Problem found at nodeset: /html/head/model
    With element <model xforms-version="1.0.0"><instance><data id="Comunidade_v2" version="2" prefix="Comunidade_v2" delimiter="$">...

2026-01-09 10:31:00,984 [ForkJoinPool-7-worker-4] INFO  o.o.b.p.a.PullFromAggregateTracker - Pull Formulário da Vigilancia Comunitaria - Got the form manifest
2026-01-09 10:31:00,985 [ForkJoinPool-7-worker-4] INFO  o.o.b.p.a.PullFromAggregateTracker - Pull Formulário da Vigilancia Comunitaria - Skipping 1 form attachments that have been already downloaded
2026-01-09 10:31:00,985 [ForkJoinPool-7-worker-4] INFO  o.o.b.p.a.PullFromAggregateTracker - Pull Formulário da Vigilancia Comunitaria - Start getting submission IDs
2026-01-09 10:31:00,987 [ForkJoinPool-7-worker-9] INFO  o.o.b.p.a.PullFromAggregateTracker - Pull Formulário da Vigilancia Hospitalar - Got the form manifest
2026-01-09 10:31:00,990 [ForkJoinPool-7-worker-9] INFO  o.o.b.p.a.PullFromAggregateTracker - Pull Formulário da Vigilancia Hospitalar - Skipping 1 form attachments that have been already downloaded
2026-01-09 10:31:00,990 [ForkJoinPool-7-worker-9] INFO  o.o.b.p.a.PullFromAggregateTracker - Pull Formulário da Vigilancia Hospitalar - Start getting submission IDs
2026-01-09 10:31:01,020 [AWT-EventQueue-0] INFO  XFormParser - Creating FormDef from parsed XML finished in 136.511 ms
2026-01-09 10:31:01,066 [AWT-EventQueue-0] INFO  XFormParser - Reading XML and parsing with kXML2 finished in 30.525 ms
2026-01-09 10:31:01,074 [AWT-EventQueue-0] INFO  XFormParser - Consolidating text finished in 7.645 ms
2026-01-09 10:31:01,074 [AWT-EventQueue-0] INFO  XFormParser - Parsing form...
2026-01-09 10:31:01,074 [AWT-EventQueue-0] INFO  XFormParser - Title: "Formulário da Vigilancia Hospitalar"
2026-01-09 10:31:01,076 [AWT-EventQueue-0] WARN  XFormParser - XForm Parse Warning: Warning: 1 Unrecognized attributes found in Element [model] and will be ignored: [xforms-version] 
    Problem found at nodeset: /html/head/model
    With element <model xforms-version="1.0.0"><instance><data id="hospitalar_v1" version="1" prefix="Hospitalar" delimiter="$">...

2026-01-09 10:31:01,123 [AWT-EventQueue-0] INFO  XFormParser - Creating FormDef from parsed XML finished in 47.147 ms
2026-01-09 10:31:01,703 [ForkJoinPool-7-worker-11] INFO  o.o.b.p.a.PullFromAggregateTracker - Pull Formulário da Vigilancia Hospitalar - Got the form manifest
2026-01-09 10:31:01,704 [ForkJoinPool-7-worker-11] INFO  o.o.b.p.a.PullFromAggregateTracker - Pull Formulário da Vigilancia Hospitalar - Skipping 1 form attachments that have been already downloaded
2026-01-09 10:31:01,704 [ForkJoinPool-7-worker-11] INFO  o.o.b.p.a.PullFromAggregateTracker - Pull Formulário da Vigilancia Hospitalar - Start getting submission IDs
2026-01-09 10:31:01,719 [ForkJoinPool-7-worker-9] INFO  o.o.b.p.a.PullFromAggregateTracker - Pull Formulário da Vigilancia Hospitalar - Got all the submission IDs
2026-01-09 10:31:01,749 [ForkJoinPool-7-worker-8] INFO  o.o.b.p.a.PullFromAggregateTracker - Pull Formulário da Vigilancia Comunitaria - Got all the submission IDs
2026-01-09 10:31:01,834 [ForkJoinPool-7-worker-6] INFO  o.o.b.p.a.PullFromAggregateTracker - Pull Resultados de testagem das vigilâncias - Form downloaded
2026-01-09 10:31:01,837 [ForkJoinPool-7-worker-6] INFO  o.o.b.p.a.PullFromAggregateTracker - Pull Resultados de testagem das vigilâncias - Start getting form manifest
2026-01-09 10:31:01,837 [ForkJoinPool-7-worker-9] INFO  o.o.b.p.a.PullFromAggregateTracker - Push Formulário da Vigilancia Hospitalar - There are no submissions to download
2026-01-09 10:31:01,841 [ForkJoinPool-7-worker-9] INFO  o.o.b.p.a.PullFromAggregateTracker - Pull Formulário da Vigilancia Hospitalar - Success
2026-01-09 10:31:01,843 [ForkJoinPool-7-worker-8] INFO  o.o.b.p.a.PullFromAggregateTracker - Push Formulário da Vigilancia Comunitaria - There are no submissions to download
2026-01-09 10:31:01,843 [ForkJoinPool-7-worker-9] INFO  o.o.b.p.a.PullFromAggregateTracker - Pull VIGILÂNCIA  AMBIENTAL - Start pulling form and submissions
2026-01-09 10:31:01,843 [ForkJoinPool-7-worker-9] INFO  o.o.b.p.a.PullFromAggregateTracker - Pull VIGILÂNCIA  AMBIENTAL - Start downloading form
2026-01-09 10:31:01,845 [ForkJoinPool-7-worker-8] INFO  o.o.b.p.a.PullFromAggregateTracker - Pull Formulário da Vigilancia Comunitaria - Success
2026-01-09 10:31:01,847 [ForkJoinPool-7-worker-8] INFO  o.o.b.p.a.PullFromAggregateTracker - Pull Formulário da Vigilancia Comunitaria - Start pulling form and submissions
2026-01-09 10:31:01,847 [ForkJoinPool-7-worker-8] INFO  o.o.b.p.a.PullFromAggregateTracker - Pull Formulário da Vigilancia Comunitaria - Start downloading form
2026-01-09 10:31:01,903 [ForkJoinPool-7-worker-13] INFO  o.o.b.p.a.PullFromAggregateTracker - Pull VIGILÂNCIA  AMBIENTAL - Form downloaded
2026-01-09 10:31:01,906 [ForkJoinPool-7-worker-13] INFO  o.o.b.p.a.PullFromAggregateTracker - Pull VIGILÂNCIA  AMBIENTAL - Start getting form manifest
2026-01-09 10:31:01,948 [AWT-EventQueue-0] INFO  XFormParser - Reading XML and parsing with kXML2 finished in 4.121 ms
2026-01-09 10:31:01,950 [AWT-EventQueue-0] INFO  XFormParser - Consolidating text finished in 2.181 ms
2026-01-09 10:31:01,950 [AWT-EventQueue-0] INFO  XFormParser - Parsing form...
2026-01-09 10:31:01,950 [AWT-EventQueue-0] INFO  XFormParser - Title: "VIGILÂNCIA  AMBIENTAL"
2026-01-09 10:31:01,950 [AWT-EventQueue-0] WARN  XFormParser - XForm Parse Warning: Warning: 1 Unrecognized attributes found in Element [model] and will be ignored: [xforms-version] 
    Problem found at nodeset: /html/head/model
    With element <model xforms-version="1.0.0"><instance><data id="VIGILÂNCIA  AMBIENTAL" version="1" prefix="VIGILÂNCIA  AMBIENTAL" delimiter="$">...

2026-01-09 10:31:01,963 [ForkJoinPool-7-worker-10] INFO  o.o.b.p.a.PullFromAggregateTracker - Pull Formulário da Vigilancia Hospitalar - Laboratório - Got all the submission IDs
2026-01-09 10:31:01,965 [ForkJoinPool-7-worker-3] INFO  o.o.b.p.a.PullFromAggregateTracker - Pull Formulário da Vigilancia Hospitalar - Got all the submission IDs
2026-01-09 10:31:01,974 [AWT-EventQueue-0] INFO  XFormParser - Creating FormDef from parsed XML finished in 22.428 ms
2026-01-09 10:31:01,974 [ForkJoinPool-7-worker-10] INFO  o.o.b.p.a.PullFromAggregateTracker - Pull Formulário da Vigilancia Hospitalar - Laboratório - Start downloading submission 1 of 13
2026-01-09 10:31:01,995 [ForkJoinPool-7-worker-2] INFO  o.o.b.p.a.PullFromAggregateTracker - Pull Formulário da Vigilancia Hospitalar - Laboratório - Got all the submission IDs
2026-01-09 10:31:02,010 [ForkJoinPool-7-worker-2] INFO  o.o.b.p.a.PullFromAggregateTracker - Pull Formulário da Vigilancia Hospitalar - Laboratório - Start downloading submission 1 of 18
2026-01-09 10:31:02,044 [ForkJoinPool-7-worker-3] INFO  o.o.b.p.a.PullFromAggregateTracker - Pull Formulário da Vigilancia Hospitalar - Start downloading submission 1 of 2
2026-01-09 10:31:02,233 [ForkJoinPool-7-worker-9] INFO  o.o.b.p.a.PullFromAggregateTracker - Pull VIGILÂNCIA  AMBIENTAL - Form downloaded
2026-01-09 10:31:02,233 [ForkJoinPool-7-worker-9] INFO  o.o.b.p.a.PullFromAggregateTracker - Pull VIGILÂNCIA  AMBIENTAL - Start getting submission IDs
2026-01-09 10:31:02,381 [ForkJoinPool-7-worker-13] INFO  o.o.b.p.a.PullFromAggregateTracker - Pull VIGILÂNCIA  AMBIENTAL - Got the form manifest
2026-01-09 10:31:02,383 [ForkJoinPool-7-worker-13] INFO  o.o.b.p.a.PullFromAggregateTracker - Pull VIGILÂNCIA  AMBIENTAL - Skipping 1 form attachments that have been already downloaded
2026-01-09 10:31:02,384 [ForkJoinPool-7-worker-13] INFO  o.o.b.p.a.PullFromAggregateTracker - Pull VIGILÂNCIA  AMBIENTAL - Start getting submission IDs
2026-01-09 10:31:02,403 [ForkJoinPool-7-worker-10] INFO  o.o.b.p.a.PullFromAggregateTracker - Pull Formulário da Vigilancia Hospitalar - Laboratório - Submission 1 of 13 downloaded
2026-01-09 10:31:02,405 [ForkJoinPool-7-worker-10] INFO  o.o.b.p.a.PullFromAggregateTracker - Pull Formulário da Vigilancia Hospitalar - Laboratório - Start downloading submission 2 of 13
2026-01-09 10:31:02,512 [ForkJoinPool-7-worker-4] INFO  o.o.b.p.a.PullFromAggregateTracker - Pull Formulário da Vigilancia Comunitaria - Got all the submission IDs
2026-01-09 10:31:02,585 [ForkJoinPool-7-worker-4] INFO  o.o.b.p.a.PullFromAggregateTracker - Pull Formulário da Vigilancia Comunitaria - Start downloading submission 1 of 13
2026-01-09 10:31:02,623 [ForkJoinPool-7-worker-11] INFO  o.o.b.p.a.PullFromAggregateTracker - Pull Formulário da Vigilancia Hospitalar - Got all the submission IDs
2026-01-09 10:31:02,634 [ForkJoinPool-7-worker-2] INFO  o.o.b.p.a.PullFromAggregateTracker - Pull Formulário da Vigilancia Hospitalar - Laboratório - Submission 1 of 18 downloaded
2026-01-09 10:31:02,638 [ForkJoinPool-7-worker-2] INFO  o.o.b.p.a.PullFromAggregateTracker - Pull Formulário da Vigilancia Hospitalar - Laboratório - Start downloading submission 2 of 18
2026-01-09 10:31:02,692 [ForkJoinPool-7-worker-6] INFO  o.o.b.p.a.PullFromAggregateTracker - Pull Resultados de testagem das vigilâncias - Got the form manifest
2026-01-09 10:31:02,695 [ForkJoinPool-7-worker-6] INFO  o.o.b.p.a.PullFromAggregateTracker - Pull Resultados de testagem das vigilâncias - Skipping 1 form attachments that have been already downloaded
2026-01-09 10:31:02,696 [ForkJoinPool-7-worker-6] INFO  o.o.b.p.a.PullFromAggregateTracker - Pull Resultados de testagem das vigilâncias - Start getting submission IDs
2026-01-09 10:31:02,699 [ForkJoinPool-7-worker-3] INFO  o.o.b.p.a.PullFromAggregateTracker - Pull Formulário da Vigilancia Hospitalar - Submission 1 of 2 downloaded
2026-01-09 10:31:02,701 [ForkJoinPool-7-worker-3] INFO  o.o.b.p.a.PullFromAggregateTracker - Pull Formulário da Vigilancia Hospitalar - Start downloading submission 2 of 2
2026-01-09 10:31:02,742 [ForkJoinPool-7-worker-11] INFO  o.o.b.p.a.PullFromAggregateTracker - Push Formulário da Vigilancia Hospitalar - There are no submissions to download
2026-01-09 10:31:02,742 [ForkJoinPool-7-worker-11] INFO  o.o.b.p.a.PullFromAggregateTracker - Pull Formulário da Vigilancia Hospitalar - Success
2026-01-09 10:31:02,747 [ForkJoinPool-7-worker-9] INFO  o.o.b.p.a.PullFromAggregateTracker - Pull VIGILÂNCIA  AMBIENTAL - Got all the submission IDs
2026-01-09 10:31:02,749 [ForkJoinPool-7-worker-11] INFO  o.o.b.p.a.PullFromAggregateTracker - Pull Formulário da Vigilancia Hospitalar - Laboratório - Start downloading submission 3 of 13
2026-01-09 10:31:02,758 [ForkJoinPool-7-worker-9] INFO  o.o.b.p.a.PullFromAggregateTracker - Push VIGILÂNCIA  AMBIENTAL - There are no submissions to download
2026-01-09 10:31:02,759 [ForkJoinPool-7-worker-9] INFO  o.o.b.p.a.PullFromAggregateTracker - Pull VIGILÂNCIA  AMBIENTAL - Success
2026-01-09 10:31:02,762 [ForkJoinPool-7-worker-9] INFO  o.o.b.p.a.PullFromAggregateTracker - Pull Formulário da Vigilancia Hospitalar - Start pulling form and submissions
2026-01-09 10:31:02,762 [ForkJoinPool-7-worker-9] INFO  o.o.b.p.a.PullFromAggregateTracker - Pull Formulário da Vigilancia Hospitalar - Start downloading form
2026-01-09 10:31:02,800 [AWT-EventQueue-0] INFO  XFormParser - Reading XML and parsing with kXML2 finished in 1.469 ms
2026-01-09 10:31:02,800 [AWT-EventQueue-0] INFO  XFormParser - Consolidating text finished in 2.369 ms
2026-01-09 10:31:02,800 [AWT-EventQueue-0] INFO  XFormParser - Parsing form...
2026-01-09 10:31:02,800 [AWT-EventQueue-0] INFO  XFormParser - Title: "VIGILÂNCIA  AMBIENTAL"
2026-01-09 10:31:02,800 [AWT-EventQueue-0] WARN  XFormParser - XForm Parse Warning: Warning: 1 Unrecognized attributes found in Element [model] and will be ignored: [xforms-version] 
    Problem found at nodeset: /html/head/model
    With element <model xforms-version="1.0.0"><instance><data id="VIGILÂNCIA  AMBIENTAL_v3" version="3" prefix="VIGILÂNCIA  AMBIENTAL_v3" delimiter="$">...

2026-01-09 10:31:02,818 [AWT-EventQueue-0] INFO  XFormParser - Creating FormDef from parsed XML finished in 15.422 ms
2026-01-09 10:31:02,875 [ForkJoinPool-7-worker-13] INFO  o.o.b.p.a.PullFromAggregateTracker - Pull VIGILÂNCIA  AMBIENTAL - Got all the submission IDs
2026-01-09 10:31:02,878 [ForkJoinPool-7-worker-10] INFO  o.o.b.p.a.PullFromAggregateTracker - Pull Formulário da Vigilancia Hospitalar - Laboratório - Submission 2 of 13 downloaded
2026-01-09 10:31:02,879 [ForkJoinPool-7-worker-10] INFO  o.o.b.p.a.PullFromAggregateTracker - Pull Formulário da Vigilancia Hospitalar - Laboratório - Start downloading submission 4 of 13
2026-01-09 10:31:02,888 [ForkJoinPool-7-worker-13] INFO  o.o.b.p.a.PullFromAggregateTracker - Push VIGILÂNCIA  AMBIENTAL - There are no submissions to download
2026-01-09 10:31:02,890 [ForkJoinPool-7-worker-13] INFO  o.o.b.p.a.PullFromAggregateTracker - Pull VIGILÂNCIA  AMBIENTAL - Success
2026-01-09 10:31:02,893 [ForkJoinPool-7-worker-13] INFO  o.o.b.p.a.PullFromAggregateTracker - Pull VIGILÂNCIA  AMBIENTAL - Start pulling form and submissions
2026-01-09 10:31:02,893 [ForkJoinPool-7-worker-13] INFO  o.o.b.p.a.PullFromAggregateTracker - Pull VIGILÂNCIA  AMBIENTAL - Start downloading form
2026-01-09 10:31:02,945 [ForkJoinPool-7-worker-2] INFO  o.o.b.p.a.PullFromAggregateTracker - Pull Formulário da Vigilancia Hospitalar - Laboratório - Submission 2 of 18 downloaded
2026-01-09 10:31:02,947 [ForkJoinPool-7-worker-2] INFO  o.o.b.p.a.PullFromAggregateTracker - Pull Formulário da Vigilancia Hospitalar - Laboratório - Start downloading submission 3 of 18
2026-01-09 10:31:02,954 [ForkJoinPool-7-worker-4] INFO  o.o.b.p.a.PullFromAggregateTracker - Pull Formulário da Vigilancia Comunitaria - Submission 1 of 13 downloaded
2026-01-09 10:31:02,955 [ForkJoinPool-7-worker-4] INFO  o.o.b.p.a.PullFromAggregateTracker - Pull Formulário da Vigilancia Comunitaria - Start downloading submission 2 of 13
2026-01-09 10:31:02,987 [ForkJoinPool-7-worker-6] INFO  o.o.b.p.a.PullFromAggregateTracker - Pull Resultados de testagem das vigilâncias - Got all the submission IDs
2026-01-09 10:31:03,033 [ForkJoinPool-7-worker-6] INFO  o.o.b.p.a.PullFromAggregateTracker - Push Resultados de testagem das vigilâncias - There are no submissions to download
2026-01-09 10:31:03,037 [ForkJoinPool-7-worker-6] INFO  o.o.b.p.a.PullFromAggregateTracker - Pull Resultados de testagem das vigilâncias - Success
2026-01-09 10:31:03,038 [ForkJoinPool-7-worker-6] INFO  o.o.b.p.a.PullFromAggregateTracker - Pull Formulário da Vigilancia Hospitalar - Laboratório - Start downloading submission 5 of 13
2026-01-09 10:31:03,170 [ForkJoinPool-7-worker-11] INFO  o.o.b.p.a.PullFromAggregateTracker - Pull Formulário da Vigilancia Hospitalar - Laboratório - Submission 3 of 13 downloaded
2026-01-09 10:31:03,170 [ForkJoinPool-7-worker-3] INFO  o.o.b.p.a.PullFromAggregateTracker - Pull Formulário da Vigilancia Hospitalar - Submission 2 of 2 downloaded
2026-01-09 10:31:03,172 [ForkJoinPool-7-worker-11] INFO  o.o.b.p.a.PullFromAggregateTracker - Pull Formulário da Vigilancia Hospitalar - Laboratório - Start downloading submission 6 of 13
2026-01-09 10:31:03,176 [ForkJoinPool-7-worker-3] INFO  o.o.b.p.a.PullFromAggregateTracker - Pull Formulário da Vigilancia Hospitalar - Success
2026-01-09 10:31:03,178 [ForkJoinPool-7-worker-3] INFO  o.o.b.p.a.PullFromAggregateTracker - Pull Formulário da Vigilancia Hospitalar - Laboratório - Start downloading submission 7 of 13
2026-01-09 10:31:03,181 [ForkJoinPool-7-worker-1] INFO  o.o.b.p.a.PullFromAggregateTracker - Pull VIGILÂNCIA  AMBIENTAL - Form downloaded
2026-01-09 10:31:03,182 [ForkJoinPool-7-worker-1] INFO  o.o.b.p.a.PullFromAggregateTracker - Pull VIGILÂNCIA  AMBIENTAL - Start getting submission IDs
2026-01-09 10:31:03,245 [AWT-EventQueue-0] INFO  XFormParser - Reading XML and parsing with kXML2 finished in 4.122 ms
2026-01-09 10:31:03,248 [AWT-EventQueue-0] INFO  XFormParser - Consolidating text finished in 1.695 ms
2026-01-09 10:31:03,248 [AWT-EventQueue-0] INFO  XFormParser - Parsing form...
2026-01-09 10:31:03,248 [AWT-EventQueue-0] INFO  XFormParser - Title: "VIGILÂNCIA  AMBIENTAL"
2026-01-09 10:31:03,248 [AWT-EventQueue-0] WARN  XFormParser - XForm Parse Warning: Warning: 1 Unrecognized attributes found in Element [model] and will be ignored: [xforms-version] 
    Problem found at nodeset: /html/head/model
    With element <model xforms-version="1.0.0"><instance><data id="VIGILÂNCIA  AMBIENTAL_v2" version="2" prefix="VIGILÂNCIA  AMBIENTAL_v2" delimiter="$">...

2026-01-09 10:31:03,253 [ForkJoinPool-7-worker-10] INFO  o.o.b.p.a.PullFromAggregateTracker - Pull Formulário da Vigilancia Hospitalar - Laboratório - Submission 4 of 13 downloaded
2026-01-09 10:31:03,254 [ForkJoinPool-7-worker-10] INFO  o.o.b.p.a.PullFromAggregateTracker - Pull Formulário da Vigilancia Hospitalar - Laboratório - Start downloading submission 8 of 13
2026-01-09 10:31:03,267 [AWT-EventQueue-0] INFO  XFormParser - Creating FormDef from parsed XML finished in 18.619 ms
2026-01-09 10:31:03,312 [ForkJoinPool-7-worker-13] INFO  o.o.b.p.a.PullFromAggregateTracker - Pull VIGILÂNCIA  AMBIENTAL - Form downloaded
2026-01-09 10:31:03,314 [ForkJoinPool-7-worker-13] INFO  o.o.b.p.a.PullFromAggregateTracker - Pull VIGILÂNCIA  AMBIENTAL - Start getting submission IDs
2026-01-09 10:31:03,401 [ForkJoinPool-7-worker-6] INFO  o.o.b.p.a.PullFromAggregateTracker - Pull Formulário da Vigilancia Hospitalar - Laboratório - Submission 5 of 13 downloaded
2026-01-09 10:31:03,406 [ForkJoinPool-7-worker-6] INFO  o.o.b.p.a.PullFromAggregateTracker - Pull Formulário da Vigilancia Hospitalar - Laboratório - Start downloading submission 9 of 13
2026-01-09 10:31:03,431 [ForkJoinPool-7-worker-2] INFO  o.o.b.p.a.PullFromAggregateTracker - Pull Formulário da Vigilancia Hospitalar - Laboratório - Submission 3 of 18 downloaded
2026-01-09 10:31:03,431 [ForkJoinPool-7-worker-4] INFO  o.o.b.p.a.PullFromAggregateTracker - Pull Formulário da Vigilancia Comunitaria - Submission 2 of 13 downloaded
2026-01-09 10:31:03,431 [ForkJoinPool-7-worker-4] INFO  o.o.b.p.a.PullFromAggregateTracker - Pull Formulário da Vigilancia Comunitaria - Start downloading submission 3 of 13
2026-01-09 10:31:03,431 [ForkJoinPool-7-worker-2] INFO  o.o.b.p.a.PullFromAggregateTracker - Pull Formulário da Vigilancia Hospitalar - Laboratório - Start downloading submission 4 of 18
2026-01-09 10:31:03,485 [ForkJoinPool-7-worker-11] INFO  o.o.b.p.a.PullFromAggregateTracker - Pull Formulário da Vigilancia Hospitalar - Laboratório - Submission 6 of 13 downloaded
2026-01-09 10:31:03,486 [ForkJoinPool-7-worker-11] INFO  o.o.b.p.a.PullFromAggregateTracker - Pull Formulário da Vigilancia Hospitalar - Laboratório - Start downloading submission 10 of 13
2026-01-09 10:31:03,545 [ForkJoinPool-7-worker-3] INFO  o.o.b.p.a.PullFromAggregateTracker - Pull Formulário da Vigilancia Hospitalar - Laboratório - Submission 7 of 13 downloaded
2026-01-09 10:31:03,547 [ForkJoinPool-7-worker-3] INFO  o.o.b.p.a.PullFromAggregateTracker - Pull Formulário da Vigilancia Comunitaria - Start pulling form and submissions
2026-01-09 10:31:03,547 [ForkJoinPool-7-worker-3] INFO  o.o.b.p.a.PullFromAggregateTracker - Pull Formulário da Vigilancia Comunitaria - Start downloading form
2026-01-09 10:31:03,666 [ForkJoinPool-7-worker-1] INFO  o.o.b.p.a.PullFromAggregateTracker - Pull VIGILÂNCIA  AMBIENTAL - Got all the submission IDs
2026-01-09 10:31:03,670 [ForkJoinPool-7-worker-10] INFO  o.o.b.p.a.PullFromAggregateTracker - Pull Formulário da Vigilancia Hospitalar - Laboratório - Submission 8 of 13 downloaded
2026-01-09 10:31:03,670 [ForkJoinPool-7-worker-10] INFO  o.o.b.p.a.PullFromAggregateTracker - Pull Formulário da Vigilancia Hospitalar - Laboratório - Start downloading submission 11 of 13
2026-01-09 10:31:03,674 [ForkJoinPool-7-worker-1] INFO  o.o.b.p.a.PullFromAggregateTracker - Push VIGILÂNCIA  AMBIENTAL - There are no submissions to download
2026-01-09 10:31:03,686 [ForkJoinPool-7-worker-1] INFO  o.o.b.p.a.PullFromAggregateTracker - Pull VIGILÂNCIA  AMBIENTAL - Success
2026-01-09 10:31:03,689 [ForkJoinPool-7-worker-1] INFO  o.o.b.p.a.PullFromAggregateTracker - Pull Formulário da Vigilancia Hospitalar - Laboratório - Start downloading submission 12 of 13
2026-01-09 10:31:03,717 [ForkJoinPool-7-worker-15] INFO  o.o.b.p.a.PullFromAggregateTracker - Pull Formulário da Vigilancia Hospitalar - Form downloaded
2026-01-09 10:31:03,717 [ForkJoinPool-7-worker-15] INFO  o.o.b.p.a.PullFromAggregateTracker - Pull Formulário da Vigilancia Hospitalar - Start getting form manifest
2026-01-09 10:31:03,724 [ForkJoinPool-7-worker-6] INFO  o.o.b.p.a.PullFromAggregateTracker - Pull Formulário da Vigilancia Hospitalar - Laboratório - Submission 9 of 13 downloaded
2026-01-09 10:31:03,726 [ForkJoinPool-7-worker-6] INFO  o.o.b.p.a.PullFromAggregateTracker - Pull Formulário da Vigilancia Comunitaria - Start downloading submission 4 of 13
2026-01-09 10:31:03,750 [AWT-EventQueue-0] INFO  XFormParser - Reading XML and parsing with kXML2 finished in 14.959 ms
2026-01-09 10:31:03,762 [AWT-EventQueue-0] INFO  XFormParser - Consolidating text finished in 13.038 ms
2026-01-09 10:31:03,764 [AWT-EventQueue-0] INFO  XFormParser - Parsing form...
2026-01-09 10:31:03,764 [AWT-EventQueue-0] INFO  XFormParser - Title: "Formulário da Vigilancia Hospitalar"
2026-01-09 10:31:03,764 [AWT-EventQueue-0] WARN  XFormParser - XForm Parse Warning: Warning: 1 Unrecognized attributes found in Element [model] and will be ignored: [xforms-version] 
    Problem found at nodeset: /html/head/model
    With element <model xforms-version="1.0.0"><instance><data id="hospitalar_v2" version="1" prefix="Hospitalar" delimiter="$">...

2026-01-09 10:31:03,808 [AWT-EventQueue-0] INFO  XFormParser - Creating FormDef from parsed XML finished in 44.341 ms
2026-01-09 10:31:03,820 [AWT-EventQueue-0] INFO  XFormParser - Reading XML and parsing with kXML2 finished in 2.425 ms
2026-01-09 10:31:03,822 [AWT-EventQueue-0] INFO  XFormParser - Consolidating text finished in 0.364 ms
2026-01-09 10:31:03,822 [AWT-EventQueue-0] INFO  XFormParser - Parsing form...
2026-01-09 10:31:03,822 [AWT-EventQueue-0] INFO  XFormParser - Title: "VIGILÂNCIA  AMBIENTAL"
2026-01-09 10:31:03,822 [AWT-EventQueue-0] WARN  XFormParser - XForm Parse Warning: Warning: 1 Unrecognized attributes found in Element [model] and will be ignored: [xforms-version] 
    Problem found at nodeset: /html/head/model
    With element <model xforms-version="1.0.0"><instance><data id="VIGILÂNCIA AMBIENTAL_v4" version="4" prefix="VIGILÂNCIA AMBIENTAL_v4" delimiter="$">...

2026-01-09 10:31:03,836 [ForkJoinPool-7-worker-4] INFO  o.o.b.p.a.PullFromAggregateTracker - Pull Formulário da Vigilancia Comunitaria - Submission 3 of 13 downloaded
2026-01-09 10:31:03,839 [AWT-EventQueue-0] INFO  XFormParser - Creating FormDef from parsed XML finished in 16.611 ms
2026-01-09 10:31:03,839 [ForkJoinPool-7-worker-4] INFO  o.o.b.p.a.PullFromAggregateTracker - Pull Formulário da Vigilancia Comunitaria - Start downloading submission 5 of 13
2026-01-09 10:31:03,925 [ForkJoinPool-7-worker-11] INFO  o.o.b.p.a.PullFromAggregateTracker - Pull Formulário da Vigilancia Hospitalar - Laboratório - Submission 10 of 13 downloaded
2026-01-09 10:31:03,925 [ForkJoinPool-7-worker-2] INFO  o.o.b.p.a.PullFromAggregateTracker - Pull Formulário da Vigilancia Hospitalar - Laboratório - Submission 4 of 18 downloaded
2026-01-09 10:31:03,926 [ForkJoinPool-7-worker-11] INFO  o.o.b.p.a.PullFromAggregateTracker - Pull Formulário da Vigilancia Hospitalar - Laboratório - Start downloading submission 5 of 18
2026-01-09 10:31:03,926 [ForkJoinPool-7-worker-2] INFO  o.o.b.p.a.PullFromAggregateTracker - Pull Formulário da Vigilancia Hospitalar - Laboratório - Start downloading submission 6 of 18
2026-01-09 10:31:03,943 [ForkJoinPool-7-worker-13] INFO  o.o.b.p.a.PullFromAggregateTracker - Pull VIGILÂNCIA  AMBIENTAL - Got all the submission IDs
2026-01-09 10:31:03,955 [ForkJoinPool-7-worker-13] INFO  o.o.b.p.a.PullFromAggregateTracker - Pull VIGILÂNCIA  AMBIENTAL - Start downloading submission 1 of 11
2026-01-09 10:31:04,071 [ForkJoinPool-7-worker-10] INFO  o.o.b.p.a.PullFromAggregateTracker - Pull Formulário da Vigilancia Hospitalar - Laboratório - Submission 11 of 13 downloaded
2026-01-09 10:31:04,073 [ForkJoinPool-7-worker-10] INFO  o.o.b.p.a.PullFromAggregateTracker - Pull Formulário da Vigilancia Hospitalar - Laboratório - Start downloading submission 13 of 13
2026-01-09 10:31:04,075 [ForkJoinPool-7-worker-1] INFO  o.o.b.p.a.PullFromAggregateTracker - Pull Formulário da Vigilancia Hospitalar - Laboratório - Submission 12 of 13 downloaded
2026-01-09 10:31:04,076 [ForkJoinPool-7-worker-1] INFO  o.o.b.p.a.PullFromAggregateTracker - Pull Formulário da Vigilancia Hospitalar - Laboratório - Start downloading submission 7 of 18
2026-01-09 10:31:04,174 [ForkJoinPool-7-worker-6] INFO  o.o.b.p.a.PullFromAggregateTracker - Pull Formulário da Vigilancia Comunitaria - Submission 4 of 13 downloaded
2026-01-09 10:31:04,174 [ForkJoinPool-7-worker-15] INFO  o.o.b.p.a.PullFromAggregateTracker - Pull Formulário da Vigilancia Hospitalar - Got the form manifest
2026-01-09 10:31:04,174 [ForkJoinPool-7-worker-15] INFO  o.o.b.p.a.PullFromAggregateTracker - Pull Formulário da Vigilancia Hospitalar - Skipping 1 form attachments that have been already downloaded
2026-01-09 10:31:04,174 [ForkJoinPool-7-worker-15] INFO  o.o.b.p.a.PullFromAggregateTracker - Pull Formulário da Vigilancia Hospitalar - Start getting submission IDs
2026-01-09 10:31:04,176 [ForkJoinPool-7-worker-6] INFO  o.o.b.p.a.PullFromAggregateTracker - Pull Formulário da Vigilancia Comunitaria - Start downloading submission 6 of 13
2026-01-09 10:31:04,290 [ForkJoinPool-7-worker-4] INFO  o.o.b.p.a.PullFromAggregateTracker - Pull Formulário da Vigilancia Comunitaria - Submission 5 of 13 downloaded
2026-01-09 10:31:04,292 [ForkJoinPool-7-worker-4] INFO  o.o.b.p.a.PullFromAggregateTracker - Pull Formulário da Vigilancia Comunitaria - Start downloading submission 7 of 13
2026-01-09 10:31:04,318 [ForkJoinPool-7-worker-11] INFO  o.o.b.p.a.PullFromAggregateTracker - Pull Formulário da Vigilancia Hospitalar - Laboratório - Submission 5 of 18 downloaded
2026-01-09 10:31:04,318 [ForkJoinPool-7-worker-2] INFO  o.o.b.p.a.PullFromAggregateTracker - Pull Formulário da Vigilancia Hospitalar - Laboratório - Submission 6 of 18 downloaded
2026-01-09 10:31:04,320 [ForkJoinPool-7-worker-2] INFO  o.o.b.p.a.PullFromAggregateTracker - Pull Formulário da Vigilancia Hospitalar - Laboratório - Start downloading submission 9 of 18
2026-01-09 10:31:04,320 [ForkJoinPool-7-worker-11] INFO  o.o.b.p.a.PullFromAggregateTracker - Pull Formulário da Vigilancia Hospitalar - Laboratório - Start downloading submission 8 of 18
2026-01-09 10:31:04,481 [ForkJoinPool-7-worker-13] INFO  o.o.b.p.a.PullFromAggregateTracker - Pull VIGILÂNCIA  AMBIENTAL - Submission 1 of 11 downloaded
2026-01-09 10:31:04,483 [ForkJoinPool-7-worker-13] INFO  o.o.b.p.a.PullFromAggregateTracker - Pull VIGILÂNCIA  AMBIENTAL - Start downloading submission 2 of 11
2026-01-09 10:31:04,493 [ForkJoinPool-7-worker-10] INFO  o.o.b.p.a.PullFromAggregateTracker - Pull Formulário da Vigilancia Hospitalar - Laboratório - Submission 13 of 13 downloaded
2026-01-09 10:31:04,495 [ForkJoinPool-7-worker-10] INFO  o.o.b.p.a.PullFromAggregateTracker - Pull Formulário da Vigilancia Hospitalar - Laboratório - Success
2026-01-09 10:31:04,497 [ForkJoinPool-7-worker-10] INFO  o.o.b.p.a.PullFromAggregateTracker - Pull Formulário da Vigilancia Hospitalar - Laboratório - Start downloading submission 10 of 18
2026-01-09 10:31:04,549 [ForkJoinPool-7-worker-1] INFO  o.o.b.p.a.PullFromAggregateTracker - Pull Formulário da Vigilancia Hospitalar - Laboratório - Submission 7 of 18 downloaded
2026-01-09 10:31:04,552 [ForkJoinPool-7-worker-1] INFO  o.o.b.p.a.PullFromAggregateTracker - Pull Formulário da Vigilancia Hospitalar - Laboratório - Start downloading submission 11 of 18
2026-01-09 10:31:04,565 [AWT-EventQueue-0] INFO  XFormParser - Reading XML and parsing with kXML2 finished in 16.278 ms
2026-01-09 10:31:04,572 [AWT-EventQueue-0] INFO  XFormParser - Consolidating text finished in 6.591 ms
2026-01-09 10:31:04,572 [AWT-EventQueue-0] INFO  XFormParser - Parsing form...
2026-01-09 10:31:04,572 [AWT-EventQueue-0] INFO  XFormParser - Title: "Formulário da Vigilancia Hospitalar"
2026-01-09 10:31:04,572 [AWT-EventQueue-0] WARN  XFormParser - XForm Parse Warning: Warning: 1 Unrecognized attributes found in Element [model] and will be ignored: [xforms-version] 
    Problem found at nodeset: /html/head/model
    With element <model xforms-version="1.0.0"><instance><data id="hospitalar_v2" version="1" prefix="Hospitalar" delimiter="$">...

2026-01-09 10:31:04,598 [ForkJoinPool-7-worker-6] INFO  o.o.b.p.a.PullFromAggregateTracker - Pull Formulário da Vigilancia Comunitaria - Submission 6 of 13 downloaded
2026-01-09 10:31:04,599 [ForkJoinPool-7-worker-6] INFO  o.o.b.p.a.PullFromAggregateTracker - Pull Formulário da Vigilancia Comunitaria - Start downloading submission 8 of 13
2026-01-09 10:31:04,616 [AWT-EventQueue-0] INFO  XFormParser - Creating FormDef from parsed XML finished in 43.271 ms
2026-01-09 10:31:04,737 [ForkJoinPool-7-worker-11] INFO  o.o.b.p.a.PullFromAggregateTracker - Pull Formulário da Vigilancia Hospitalar - Laboratório - Submission 8 of 18 downloaded
2026-01-09 10:31:04,747 [ForkJoinPool-7-worker-4] INFO  o.o.b.p.a.PullFromAggregateTracker - Pull Formulário da Vigilancia Comunitaria - Submission 7 of 13 downloaded
2026-01-09 10:31:04,747 [ForkJoinPool-7-worker-11] INFO  o.o.b.p.a.PullFromAggregateTracker - Pull Formulário da Vigilancia Hospitalar - Laboratório - Start downloading submission 12 of 18
2026-01-09 10:31:04,749 [ForkJoinPool-7-worker-4] INFO  o.o.b.p.a.PullFromAggregateTracker - Pull Formulário da Vigilancia Comunitaria - Start downloading submission 9 of 13
2026-01-09 10:31:04,805 [ForkJoinPool-7-worker-2] INFO  o.o.b.p.a.PullFromAggregateTracker - Pull Formulário da Vigilancia Hospitalar - Laboratório - Submission 9 of 18 downloaded
2026-01-09 10:31:04,805 [ForkJoinPool-7-worker-2] INFO  o.o.b.p.a.PullFromAggregateTracker - Pull Formulário da Vigilancia Hospitalar - Laboratório - Start downloading submission 13 of 18
2026-01-09 10:31:04,849 [ForkJoinPool-7-worker-10] INFO  o.o.b.p.a.PullFromAggregateTracker - Pull Formulário da Vigilancia Hospitalar - Laboratório - Submission 10 of 18 downloaded
2026-01-09 10:31:04,851 [ForkJoinPool-7-worker-10] INFO  o.o.b.p.a.PullFromAggregateTracker - Pull Formulário da Vigilancia Hospitalar - Laboratório - Start downloading submission 14 of 18
2026-01-09 10:31:04,865 [ForkJoinPool-7-worker-13] INFO  o.o.b.p.a.PullFromAggregateTracker - Pull VIGILÂNCIA  AMBIENTAL - Submission 2 of 11 downloaded
2026-01-09 10:31:04,869 [ForkJoinPool-7-worker-13] INFO  o.o.b.p.a.PullFromAggregateTracker - Pull VIGILÂNCIA  AMBIENTAL - Start downloading submission 3 of 11
2026-01-09 10:31:04,966 [ForkJoinPool-7-worker-15] INFO  o.o.b.p.a.PullFromAggregateTracker - Pull Formulário da Vigilancia Hospitalar - Got all the submission IDs
2026-01-09 10:31:05,097 [ForkJoinPool-7-worker-11] INFO  o.o.b.p.a.PullFromAggregateTracker - Pull Formulário da Vigilancia Hospitalar - Laboratório - Submission 12 of 18 downloaded
2026-01-09 10:31:05,100 [ForkJoinPool-7-worker-11] INFO  o.o.b.p.a.PullFromAggregateTracker - Pull Formulário da Vigilancia Hospitalar - Laboratório - Start downloading submission 15 of 18
2026-01-09 10:31:05,111 [ForkJoinPool-7-worker-15] INFO  o.o.b.p.a.PullFromAggregateTracker - Pull Formulário da Vigilancia Hospitalar - Start downloading submission 1 of 12
2026-01-09 10:31:05,299 [ForkJoinPool-7-worker-2] INFO  o.o.b.p.a.PullFromAggregateTracker - Pull Formulário da Vigilancia Hospitalar - Laboratório - Submission 13 of 18 downloaded
2026-01-09 10:31:05,301 [ForkJoinPool-7-worker-2] INFO  o.o.b.p.a.PullFromAggregateTracker - Pull Formulário da Vigilancia Hospitalar - Laboratório - Start downloading submission 16 of 18
2026-01-09 10:31:05,327 [ForkJoinPool-7-worker-10] INFO  o.o.b.p.a.PullFromAggregateTracker - Pull Formulário da Vigilancia Hospitalar - Laboratório - Submission 14 of 18 downloaded
2026-01-09 10:31:05,327 [ForkJoinPool-7-worker-10] INFO  o.o.b.p.a.PullFromAggregateTracker - Pull VIGILÂNCIA  AMBIENTAL - Start downloading submission 4 of 11
2026-01-09 10:31:05,536 [ForkJoinPool-7-worker-13] INFO  o.o.b.p.a.PullFromAggregateTracker - Pull VIGILÂNCIA  AMBIENTAL - Submission 3 of 11 downloaded
2026-01-09 10:31:05,540 [ForkJoinPool-7-worker-13] INFO  o.o.b.p.a.PullFromAggregateTracker - Pull VIGILÂNCIA  AMBIENTAL - Start downloading submission 5 of 11
2026-01-09 10:31:05,591 [ForkJoinPool-7-worker-11] INFO  o.o.b.p.a.PullFromAggregateTracker - Pull Formulário da Vigilancia Hospitalar - Laboratório - Submission 15 of 18 downloaded
2026-01-09 10:31:05,595 [ForkJoinPool-7-worker-11] INFO  o.o.b.p.a.PullFromAggregateTracker - Pull Formulário da Vigilancia Hospitalar - Laboratório - Start downloading submission 17 of 18
2026-01-09 10:31:05,688 [ForkJoinPool-7-worker-1] INFO  o.o.b.p.a.PullFromAggregateTracker - Pull Formulário da Vigilancia Hospitalar - Laboratório - Submission 11 of 18 downloaded
2026-01-09 10:31:05,691 [ForkJoinPool-7-worker-1] INFO  o.o.b.p.a.PullFromAggregateTracker - Pull VIGILÂNCIA  AMBIENTAL - Start downloading submission 6 of 11
2026-01-09 10:31:05,820 [ForkJoinPool-7-worker-15] INFO  o.o.b.p.a.PullFromAggregateTracker - Pull Formulário da Vigilancia Hospitalar - Submission 1 of 12 downloaded
2026-01-09 10:31:05,822 [ForkJoinPool-7-worker-15] INFO  o.o.b.p.a.PullFromAggregateTracker - Pull Formulário da Vigilancia Hospitalar - Start downloading submission 2 of 12
2026-01-09 10:31:05,858 [ForkJoinPool-7-worker-2] INFO  o.o.b.p.a.PullFromAggregateTracker - Pull Formulário da Vigilancia Hospitalar - Laboratório - Submission 16 of 18 downloaded
2026-01-09 10:31:05,861 [ForkJoinPool-7-worker-2] INFO  o.o.b.p.a.PullFromAggregateTracker - Pull Formulário da Vigilancia Hospitalar - Laboratório - Start downloading submission 18 of 18
2026-01-09 10:31:05,920 [ForkJoinPool-7-worker-10] INFO  o.o.b.p.a.PullFromAggregateTracker - Pull VIGILÂNCIA  AMBIENTAL - Submission 4 of 11 downloaded
2026-01-09 10:31:05,922 [ForkJoinPool-7-worker-10] INFO  o.o.b.p.a.PullFromAggregateTracker - Pull VIGILÂNCIA  AMBIENTAL - Start downloading submission 7 of 11
2026-01-09 10:31:06,085 [ForkJoinPool-7-worker-11] INFO  o.o.b.p.a.PullFromAggregateTracker - Pull Formulário da Vigilancia Hospitalar - Laboratório - Submission 17 of 18 downloaded
2026-01-09 10:31:06,085 [ForkJoinPool-7-worker-6] INFO  o.o.b.p.a.PullFromAggregateTracker - Pull Formulário da Vigilancia Comunitaria - Submission 8 of 13 downloaded
2026-01-09 10:31:06,087 [ForkJoinPool-7-worker-13] INFO  o.o.b.p.a.PullFromAggregateTracker - Pull VIGILÂNCIA  AMBIENTAL - Submission 5 of 11 downloaded
2026-01-09 10:31:06,088 [ForkJoinPool-7-worker-4] INFO  o.o.b.p.a.PullFromAggregateTracker - Pull Formulário da Vigilancia Comunitaria - Submission 9 of 13 downloaded
2026-01-09 10:31:06,089 [ForkJoinPool-7-worker-11] INFO  o.o.b.p.a.PullFromAggregateTracker - Pull VIGILÂNCIA  AMBIENTAL - Start downloading submission 8 of 11
2026-01-09 10:31:06,089 [ForkJoinPool-7-worker-4] INFO  o.o.b.p.a.PullFromAggregateTracker - Pull Formulário da Vigilancia Comunitaria - Start downloading submission 11 of 13
2026-01-09 10:31:06,089 [ForkJoinPool-7-worker-6] INFO  o.o.b.p.a.PullFromAggregateTracker - Pull Formulário da Vigilancia Comunitaria - Start downloading submission 10 of 13
2026-01-09 10:31:06,089 [ForkJoinPool-7-worker-13] INFO  o.o.b.p.a.PullFromAggregateTracker - Pull VIGILÂNCIA  AMBIENTAL - Start downloading submission 9 of 11
2026-01-09 10:31:06,230 [ForkJoinPool-7-worker-1] INFO  o.o.b.p.a.PullFromAggregateTracker - Pull VIGILÂNCIA  AMBIENTAL - Submission 6 of 11 downloaded
2026-01-09 10:31:06,232 [ForkJoinPool-7-worker-1] INFO  o.o.b.p.a.PullFromAggregateTracker - Pull VIGILÂNCIA  AMBIENTAL - Start downloading submission 10 of 11
2026-01-09 10:31:06,307 [ForkJoinPool-7-worker-10] INFO  o.o.b.p.a.PullFromAggregateTracker - Pull VIGILÂNCIA  AMBIENTAL - Submission 7 of 11 downloaded
2026-01-09 10:31:06,309 [ForkJoinPool-7-worker-10] INFO  o.o.b.p.a.PullFromAggregateTracker - Pull VIGILÂNCIA  AMBIENTAL - Start downloading submission 11 of 11
2026-01-09 10:31:06,356 [ForkJoinPool-7-worker-2] INFO  o.o.b.p.a.PullFromAggregateTracker - Pull Formulário da Vigilancia Hospitalar - Laboratório - Submission 18 of 18 downloaded
2026-01-09 10:31:06,361 [ForkJoinPool-7-worker-2] INFO  o.o.b.p.a.PullFromAggregateTracker - Pull Formulário da Vigilancia Hospitalar - Laboratório - Success
2026-01-09 10:31:06,361 [ForkJoinPool-7-worker-15] INFO  o.o.b.p.a.PullFromAggregateTracker - Pull Formulário da Vigilancia Hospitalar - Submission 2 of 12 downloaded
2026-01-09 10:31:06,362 [ForkJoinPool-7-worker-15] INFO  o.o.b.p.a.PullFromAggregateTracker - Pull Formulário da Vigilancia Hospitalar - Start downloading submission 3 of 12
2026-01-09 10:31:06,364 [ForkJoinPool-7-worker-6] INFO  o.o.b.p.a.PullFromAggregateTracker - Pull Formulário da Vigilancia Comunitaria - Submission 10 of 13 downloaded
2026-01-09 10:31:06,365 [ForkJoinPool-7-worker-2] INFO  o.o.b.p.a.PullFromAggregateTracker - Pull Formulário da Vigilancia Hospitalar - Start downloading submission 4 of 12
2026-01-09 10:31:06,370 [ForkJoinPool-7-worker-6] INFO  o.o.b.p.a.PullFromAggregateTracker - Pull Formulário da Vigilancia Comunitaria - Start downloading submission 12 of 13
2026-01-09 10:31:06,429 [ForkJoinPool-7-worker-11] INFO  o.o.b.p.a.PullFromAggregateTracker - Pull VIGILÂNCIA  AMBIENTAL - Submission 8 of 11 downloaded
2026-01-09 10:31:06,429 [ForkJoinPool-7-worker-11] INFO  o.o.b.p.a.PullFromAggregateTracker - Pull Formulário da Vigilancia Comunitaria - Start downloading submission 13 of 13
2026-01-09 10:31:06,608 [ForkJoinPool-7-worker-13] INFO  o.o.b.p.a.PullFromAggregateTracker - Pull VIGILÂNCIA  AMBIENTAL - Submission 9 of 11 downloaded
2026-01-09 10:31:06,613 [ForkJoinPool-7-worker-1] INFO  o.o.b.p.a.PullFromAggregateTracker - Pull VIGILÂNCIA  AMBIENTAL - Submission 10 of 11 downloaded
2026-01-09 10:31:06,613 [ForkJoinPool-7-worker-10] INFO  o.o.b.p.a.PullFromAggregateTracker - Pull VIGILÂNCIA  AMBIENTAL - Submission 11 of 11 downloaded
2026-01-09 10:31:06,613 [ForkJoinPool-7-worker-1] INFO  o.o.b.p.a.PullFromAggregateTracker - Pull Formulário da Vigilancia Hospitalar - Start downloading submission 5 of 12
2026-01-09 10:31:06,615 [ForkJoinPool-7-worker-10] INFO  o.o.b.p.a.PullFromAggregateTracker - Pull Formulário da Vigilancia Hospitalar - Start downloading submission 6 of 12
2026-01-09 10:31:06,617 [ForkJoinPool-7-worker-13] INFO  o.o.b.p.a.PullFromAggregateTracker - Pull VIGILÂNCIA  AMBIENTAL - Success
2026-01-09 10:31:06,618 [ForkJoinPool-7-worker-13] INFO  o.o.b.p.a.PullFromAggregateTracker - Pull Formulário da Vigilancia Hospitalar - Start downloading submission 7 of 12
2026-01-09 10:31:06,632 [ForkJoinPool-7-worker-4] INFO  o.o.b.p.a.PullFromAggregateTracker - Pull Formulário da Vigilancia Comunitaria - Submission 11 of 13 downloaded
2026-01-09 10:31:06,719 [ForkJoinPool-7-worker-15] INFO  o.o.b.p.a.PullFromAggregateTracker - Pull Formulário da Vigilancia Hospitalar - Submission 3 of 12 downloaded
2026-01-09 10:31:06,725 [ForkJoinPool-7-worker-15] INFO  o.o.b.p.a.PullFromAggregateTracker - Pull Formulário da Vigilancia Hospitalar - Start downloading submission 8 of 12
2026-01-09 10:31:06,945 [ForkJoinPool-7-worker-11] INFO  o.o.b.p.a.PullFromAggregateTracker - Pull Formulário da Vigilancia Comunitaria - Submission 13 of 13 downloaded
2026-01-09 10:31:06,945 [ForkJoinPool-7-worker-6] INFO  o.o.b.p.a.PullFromAggregateTracker - Pull Formulário da Vigilancia Comunitaria - Submission 12 of 13 downloaded
2026-01-09 10:31:06,945 [ForkJoinPool-7-worker-2] INFO  o.o.b.p.a.PullFromAggregateTracker - Pull Formulário da Vigilancia Hospitalar - Submission 4 of 12 downloaded
2026-01-09 10:31:06,945 [ForkJoinPool-7-worker-11] INFO  o.o.b.p.a.PullFromAggregateTracker - Pull Formulário da Vigilancia Hospitalar - Start downloading submission 9 of 12
2026-01-09 10:31:06,947 [ForkJoinPool-7-worker-6] INFO  o.o.b.p.a.PullFromAggregateTracker - Pull Formulário da Vigilancia Hospitalar - Start downloading submission 11 of 12
2026-01-09 10:31:06,947 [ForkJoinPool-7-worker-2] INFO  o.o.b.p.a.PullFromAggregateTracker - Pull Formulário da Vigilancia Hospitalar - Start downloading submission 10 of 12
2026-01-09 10:31:06,947 [ForkJoinPool-7-worker-10] INFO  o.o.b.p.a.PullFromAggregateTracker - Pull Formulário da Vigilancia Hospitalar - Submission 6 of 12 downloaded
2026-01-09 10:31:06,948 [ForkJoinPool-7-worker-10] INFO  o.o.b.p.a.PullFromAggregateTracker - Pull Formulário da Vigilancia Hospitalar - Start pulling form and submissions
2026-01-09 10:31:06,948 [ForkJoinPool-7-worker-10] INFO  o.o.b.p.a.PullFromAggregateTracker - Pull Formulário da Vigilancia Hospitalar - Start downloading form
2026-01-09 10:31:06,948 [ForkJoinPool-7-worker-4] INFO  o.o.b.p.a.PullFromAggregateTracker - Pull Formulário da Vigilancia Comunitaria - Success
2026-01-09 10:31:06,952 [ForkJoinPool-7-worker-4] INFO  o.o.b.p.a.PullFromAggregateTracker - Pull Formulário da Vigilancia Hospitalar - Start downloading submission 12 of 12
2026-01-09 10:31:07,018 [ForkJoinPool-7-worker-1] INFO  o.o.b.p.a.PullFromAggregateTracker - Pull Formulário da Vigilancia Hospitalar - Submission 5 of 12 downloaded
2026-01-09 10:31:07,228 [ForkJoinPool-7-worker-6] INFO  o.o.b.p.a.PullFromAggregateTracker - Pull Formulário da Vigilancia Hospitalar - Submission 11 of 12 downloaded
2026-01-09 10:31:07,231 [ForkJoinPool-7-worker-15] INFO  o.o.b.p.a.PullFromAggregateTracker - Pull Formulário da Vigilancia Hospitalar - Submission 8 of 12 downloaded
2026-01-09 10:31:07,237 [ForkJoinPool-7-worker-2] INFO  o.o.b.p.a.PullFromAggregateTracker - Pull Formulário da Vigilancia Hospitalar - Submission 10 of 12 downloaded
2026-01-09 10:31:07,243 [ForkJoinPool-7-worker-13] INFO  o.o.b.p.a.PullFromAggregateTracker - Pull Formulário da Vigilancia Hospitalar - Submission 7 of 12 downloaded
2026-01-09 10:31:07,338 [ForkJoinPool-7-worker-11] INFO  o.o.b.p.a.PullFromAggregateTracker - Pull Formulário da Vigilancia Hospitalar - Submission 9 of 12 downloaded
2026-01-09 10:31:07,484 [ForkJoinPool-7-worker-4] INFO  o.o.b.p.a.PullFromAggregateTracker - Pull Formulário da Vigilancia Hospitalar - Submission 12 of 12 downloaded
2026-01-09 10:31:07,489 [ForkJoinPool-7-worker-15] INFO  o.o.b.p.a.PullFromAggregateTracker - Pull Formulário da Vigilancia Hospitalar - Success
2026-01-09 10:31:07,934 [ForkJoinPool-7-worker-8] INFO  o.o.b.p.a.PullFromAggregateTracker - Pull Formulário da Vigilancia Comunitaria - Form downloaded
2026-01-09 10:31:07,934 [ForkJoinPool-7-worker-8] INFO  o.o.b.p.a.PullFromAggregateTracker - Pull Formulário da Vigilancia Comunitaria - Start getting submission IDs
2026-01-09 10:31:08,074 [ForkJoinPool-7-worker-9] INFO  o.o.b.p.a.PullFromAggregateTracker - Pull Formulário da Vigilancia Hospitalar - Form downloaded
2026-01-09 10:31:08,074 [ForkJoinPool-7-worker-9] INFO  o.o.b.p.a.PullFromAggregateTracker - Pull Formulário da Vigilancia Hospitalar - Start getting submission IDs
2026-01-09 10:31:08,173 [ForkJoinPool-7-worker-8] INFO  o.o.b.p.a.PullFromAggregateTracker - Pull Formulário da Vigilancia Comunitaria - Got all the submission IDs
2026-01-09 10:31:08,237 [ForkJoinPool-7-worker-8] INFO  o.o.b.p.a.PullFromAggregateTracker - Push Formulário da Vigilancia Comunitaria - There are no submissions to download
2026-01-09 10:31:08,243 [ForkJoinPool-7-worker-8] INFO  o.o.b.p.a.PullFromAggregateTracker - Pull Formulário da Vigilancia Comunitaria - Success
2026-01-09 10:31:08,299 [ForkJoinPool-7-worker-9] INFO  o.o.b.p.a.PullFromAggregateTracker - Pull Formulário da Vigilancia Hospitalar - Got all the submission IDs
2026-01-09 10:31:08,317 [AWT-EventQueue-0] INFO  XFormParser - Reading XML and parsing with kXML2 finished in 15.507 ms
2026-01-09 10:31:08,328 [AWT-EventQueue-0] INFO  XFormParser - Consolidating text finished in 11.339 ms
2026-01-09 10:31:08,328 [AWT-EventQueue-0] INFO  XFormParser - Parsing form...
2026-01-09 10:31:08,328 [AWT-EventQueue-0] INFO  XFormParser - Title: "Formulário da Vigilancia Comunitaria"
2026-01-09 10:31:08,328 [AWT-EventQueue-0] WARN  XFormParser - XForm Parse Warning: Warning: 1 Unrecognized attributes found in Element [model] and will be ignored: [xforms-version] 
    Problem found at nodeset: /html/head/model
    With element <model xforms-version="1.0.0"><instance><data id="Comunidade_v3" version="1" prefix="Comunidade_v3" delimiter="$">...

2026-01-09 10:31:08,388 [ForkJoinPool-7-worker-9] INFO  o.o.b.p.a.PullFromAggregateTracker - Push Formulário da Vigilancia Hospitalar - There are no submissions to download
2026-01-09 10:31:08,394 [ForkJoinPool-7-worker-9] INFO  o.o.b.p.a.PullFromAggregateTracker - Pull Formulário da Vigilancia Hospitalar - Success
2026-01-09 10:31:08,432 [AWT-EventQueue-0] INFO  XFormParser - Creating FormDef from parsed XML finished in 102.891 ms
2026-01-09 10:31:08,463 [AWT-EventQueue-0] INFO  XFormParser - Reading XML and parsing with kXML2 finished in 17.199 ms
2026-01-09 10:31:08,473 [AWT-EventQueue-0] INFO  XFormParser - Consolidating text finished in 8.723 ms
2026-01-09 10:31:08,473 [AWT-EventQueue-0] INFO  XFormParser - Parsing form...
2026-01-09 10:31:08,473 [AWT-EventQueue-0] INFO  XFormParser - Title: "Formulário da Vigilancia Hospitalar"
2026-01-09 10:31:08,473 [AWT-EventQueue-0] WARN  XFormParser - XForm Parse Warning: Warning: 1 Unrecognized attributes found in Element [model] and will be ignored: [xforms-version] 
    Problem found at nodeset: /html/head/model
    With element <model xforms-version="1.0.0"><instance><data id="hospitalar_v4" version="1" prefix="hospitalar_v4" delimiter="$">...

2026-01-09 10:31:08,512 [AWT-EventQueue-0] INFO  XFormParser - Creating FormDef from parsed XML finished in 39.703 ms
2026-01-09 10:31:09,038 [ForkJoinPool-7-worker-3] INFO  o.o.b.p.a.PullFromAggregateTracker - Pull Formulário da Vigilancia Comunitaria - Form downloaded
2026-01-09 10:31:09,040 [ForkJoinPool-7-worker-3] INFO  o.o.b.p.a.PullFromAggregateTracker - Pull Formulário da Vigilancia Comunitaria - Start getting submission IDs
2026-01-09 10:31:10,092 [ForkJoinPool-7-worker-3] INFO  o.o.b.p.a.PullFromAggregateTracker - Pull Formulário da Vigilancia Comunitaria - Got all the submission IDs
2026-01-09 10:31:10,187 [ForkJoinPool-7-worker-3] INFO  o.o.b.p.a.PullFromAggregateTracker - Pull Formulário da Vigilancia Comunitaria - Start downloading submission 1 of 4
2026-01-09 10:31:10,187 [ForkJoinPool-7-worker-8] INFO  o.o.b.p.a.PullFromAggregateTracker - Pull Formulário da Vigilancia Comunitaria - Start downloading submission 4 of 4
2026-01-09 10:31:10,187 [ForkJoinPool-7-worker-15] INFO  o.o.b.p.a.PullFromAggregateTracker - Pull Formulário da Vigilancia Comunitaria - Start downloading submission 3 of 4
2026-01-09 10:31:10,187 [ForkJoinPool-7-worker-9] INFO  o.o.b.p.a.PullFromAggregateTracker - Pull Formulário da Vigilancia Comunitaria - Start downloading submission 2 of 4
2026-01-09 10:31:10,442 [ForkJoinPool-7-worker-9] INFO  o.o.b.p.a.PullFromAggregateTracker - Pull Formulário da Vigilancia Comunitaria - Submission 2 of 4 downloaded
2026-01-09 10:31:10,451 [ForkJoinPool-7-worker-3] INFO  o.o.b.p.a.PullFromAggregateTracker - Pull Formulário da Vigilancia Comunitaria - Submission 1 of 4 downloaded
2026-01-09 10:31:10,460 [ForkJoinPool-7-worker-8] INFO  o.o.b.p.a.PullFromAggregateTracker - Pull Formulário da Vigilancia Comunitaria - Submission 4 of 4 downloaded
2026-01-09 10:31:10,467 [ForkJoinPool-7-worker-15] INFO  o.o.b.p.a.PullFromAggregateTracker - Pull Formulário da Vigilancia Comunitaria - Submission 3 of 4 downloaded
2026-01-09 10:31:10,474 [ForkJoinPool-7-worker-3] INFO  o.o.b.p.a.PullFromAggregateTracker - Pull Formulário da Vigilancia Comunitaria - Success
2026-01-09 10:31:10,530 [AWT-EventQueue-0] INFO  XFormParser - Reading XML and parsing with kXML2 finished in 18.320 ms
2026-01-09 10:31:10,534 [AWT-EventQueue-0] INFO  XFormParser - Consolidating text finished in 7.969 ms
2026-01-09 10:31:10,534 [AWT-EventQueue-0] INFO  XFormParser - Parsing form...
2026-01-09 10:31:10,534 [AWT-EventQueue-0] INFO  XFormParser - Title: "Formulário da Vigilancia Comunitaria"
2026-01-09 10:31:10,539 [AWT-EventQueue-0] WARN  XFormParser - XForm Parse Warning: Warning: 1 Unrecognized attributes found in Element [model] and will be ignored: [xforms-version] 
    Problem found at nodeset: /html/head/model
    With element <model xforms-version="1.0.0"><instance><data id="Comunidade_v4" version="1" prefix="Comunidade_v4" delimiter="$">...

2026-01-09 10:31:10,573 [AWT-EventQueue-0] INFO  XFormParser - Creating FormDef from parsed XML finished in 40.862 ms
2026-01-09 10:31:12,908 [ForkJoinPool-7-worker-10] INFO  o.o.b.p.a.PullFromAggregateTracker - Pull Formulário da Vigilancia Hospitalar - Form downloaded
2026-01-09 10:31:12,910 [ForkJoinPool-7-worker-10] INFO  o.o.b.p.a.PullFromAggregateTracker - Pull Formulário da Vigilancia Hospitalar - Start getting submission IDs
2026-01-09 10:31:13,414 [ForkJoinPool-7-worker-10] INFO  o.o.b.p.a.PullFromAggregateTracker - Pull Formulário da Vigilancia Hospitalar - Got all the submission IDs
2026-01-09 10:31:13,562 [ForkJoinPool-7-worker-10] INFO  o.o.b.p.a.PullFromAggregateTracker - Pull Formulário da Vigilancia Hospitalar - Start downloading submission 1 of 5
2026-01-09 10:31:13,564 [ForkJoinPool-7-worker-15] INFO  o.o.b.p.a.PullFromAggregateTracker - Pull Formulário da Vigilancia Hospitalar - Start downloading submission 2 of 5
2026-01-09 10:31:13,565 [ForkJoinPool-7-worker-8] INFO  o.o.b.p.a.PullFromAggregateTracker - Pull Formulário da Vigilancia Hospitalar - Start downloading submission 4 of 5
2026-01-09 10:31:13,565 [ForkJoinPool-7-worker-3] INFO  o.o.b.p.a.PullFromAggregateTracker - Pull Formulário da Vigilancia Hospitalar - Start downloading submission 5 of 5
2026-01-09 10:31:13,565 [ForkJoinPool-7-worker-9] INFO  o.o.b.p.a.PullFromAggregateTracker - Pull Formulário da Vigilancia Hospitalar - Start downloading submission 3 of 5
2026-01-09 10:31:13,834 [ForkJoinPool-7-worker-9] INFO  o.o.b.p.a.PullFromAggregateTracker - Pull Formulário da Vigilancia Hospitalar - Submission 3 of 5 downloaded
2026-01-09 10:31:13,872 [ForkJoinPool-7-worker-10] INFO  o.o.b.p.a.PullFromAggregateTracker - Pull Formulário da Vigilancia Hospitalar - Submission 1 of 5 downloaded
2026-01-09 10:31:13,893 [ForkJoinPool-7-worker-3] INFO  o.o.b.p.a.PullFromAggregateTracker - Pull Formulário da Vigilancia Hospitalar - Submission 5 of 5 downloaded
2026-01-09 10:31:13,894 [ForkJoinPool-7-worker-15] INFO  o.o.b.p.a.PullFromAggregateTracker - Pull Formulário da Vigilancia Hospitalar - Submission 2 of 5 downloaded
2026-01-09 10:31:13,896 [ForkJoinPool-7-worker-8] INFO  o.o.b.p.a.PullFromAggregateTracker - Pull Formulário da Vigilancia Hospitalar - Submission 4 of 5 downloaded
2026-01-09 10:31:13,902 [ForkJoinPool-7-worker-10] INFO  o.o.b.p.a.PullFromAggregateTracker - Pull Formulário da Vigilancia Hospitalar - Success
2026-01-09 10:31:13,965 [AWT-EventQueue-0] INFO  XFormParser - Reading XML and parsing with kXML2 finished in 18.328 ms
2026-01-09 10:31:13,975 [AWT-EventQueue-0] INFO  XFormParser - Consolidating text finished in 7.833 ms
2026-01-09 10:31:13,975 [AWT-EventQueue-0] INFO  XFormParser - Parsing form...
2026-01-09 10:31:13,975 [AWT-EventQueue-0] INFO  XFormParser - Title: "Formulário da Vigilancia Hospitalar"
2026-01-09 10:31:13,975 [AWT-EventQueue-0] WARN  XFormParser - XForm Parse Warning: Warning: 1 Unrecognized attributes found in Element [model] and will be ignored: [xforms-version] 
    Problem found at nodeset: /html/head/model
    With element <model xforms-version="1.0.0"><instance><data id="hospitalar_v5" version="1" prefix="hospitalar_v5" delimiter="$">...

2026-01-09 10:31:14,034 [AWT-EventQueue-0] INFO  XFormParser - Creating FormDef from parsed XML finished in 60.604 ms
2026-01-09 10:31:17,725 [ForkJoinPool-8-worker-2] INFO  o.o.b.p.a.PullFromAggregateTracker - Pull Formulário da Vigilancia Hospitalar - Laboratório - Start pulling form and submissions
2026-01-09 10:31:17,725 [ForkJoinPool-8-worker-9] INFO  o.o.b.p.a.PullFromAggregateTracker - Pull Formulário da Vigilancia Hospitalar - Start pulling form and submissions
2026-01-09 10:31:17,727 [ForkJoinPool-8-worker-9] INFO  o.o.b.p.a.PullFromAggregateTracker - Pull Formulário da Vigilancia Hospitalar - Start downloading form
2026-01-09 10:31:17,727 [ForkJoinPool-8-worker-2] INFO  o.o.b.p.a.PullFromAggregateTracker - Pull Formulário da Vigilancia Hospitalar - Laboratório - Start downloading form
2026-01-09 10:31:17,727 [ForkJoinPool-8-worker-4] INFO  o.o.b.p.a.PullFromAggregateTracker - Pull Formulário da Vigilancia Hospitalar - Start pulling form and submissions
2026-01-09 10:31:17,727 [ForkJoinPool-8-worker-11] INFO  o.o.b.p.a.PullFromAggregateTracker - Pull Formulário da Vigilancia Comunitaria - Start pulling form and submissions
2026-01-09 10:31:17,728 [ForkJoinPool-8-worker-4] INFO  o.o.b.p.a.PullFromAggregateTracker - Pull Formulário da Vigilancia Hospitalar - Start downloading form
2026-01-09 10:31:17,728 [ForkJoinPool-8-worker-6] INFO  o.o.b.p.a.PullFromAggregateTracker - Pull VIGILÂNCIA  AMBIENTAL - Start pulling form and submissions
2026-01-09 10:31:17,728 [ForkJoinPool-8-worker-11] INFO  o.o.b.p.a.PullFromAggregateTracker - Pull Formulário da Vigilancia Comunitaria - Start downloading form
2026-01-09 10:31:17,730 [ForkJoinPool-8-worker-15] INFO  o.o.b.p.a.PullFromAggregateTracker - Pull Formulário da Vigilancia Hospitalar - Start pulling form and submissions
2026-01-09 10:31:17,730 [ForkJoinPool-8-worker-1] INFO  o.o.b.p.a.PullFromAggregateTracker - Pull Formulario da  Componente  Genomica (IDS) - Start pulling form and submissions
2026-01-09 10:31:17,730 [ForkJoinPool-8-worker-6] INFO  o.o.b.p.a.PullFromAggregateTracker - Pull VIGILÂNCIA  AMBIENTAL - Start downloading form
2026-01-09 10:31:17,730 [ForkJoinPool-8-worker-15] INFO  o.o.b.p.a.PullFromAggregateTracker - Pull Formulário da Vigilancia Hospitalar - Start downloading form
2026-01-09 10:31:17,732 [ForkJoinPool-8-worker-1] INFO  o.o.b.p.a.PullFromAggregateTracker - Pull Formulario da  Componente  Genomica (IDS) - Start downloading form
2026-01-09 10:31:17,732 [ForkJoinPool-8-worker-10] INFO  o.o.b.p.a.PullFromAggregateTracker - Pull Formulário da Vigilancia Hospitalar - Laboratório - Start pulling form and submissions
2026-01-09 10:31:17,732 [ForkJoinPool-8-worker-8] INFO  o.o.b.p.a.PullFromAggregateTracker - Pull Formulário da Vigilancia Comunitaria - Start pulling form and submissions
2026-01-09 10:31:17,730 [ForkJoinPool-8-worker-13] INFO  o.o.b.p.a.PullFromAggregateTracker - Pull Resultados de testagem das vigilâncias - Start pulling form and submissions
2026-01-09 10:31:17,734 [ForkJoinPool-8-worker-10] INFO  o.o.b.p.a.PullFromAggregateTracker - Pull Formulário da Vigilancia Hospitalar - Laboratório - Start downloading form
2026-01-09 10:31:17,734 [ForkJoinPool-8-worker-3] INFO  o.o.b.p.a.PullFromAggregateTracker - Pull Formulário da Vigilancia Hospitalar - Start pulling form and submissions
2026-01-09 10:31:17,740 [ForkJoinPool-8-worker-13] INFO  o.o.b.p.a.PullFromAggregateTracker - Pull Resultados de testagem das vigilâncias - Start downloading form
2026-01-09 10:31:17,740 [ForkJoinPool-8-worker-3] INFO  o.o.b.p.a.PullFromAggregateTracker - Pull Formulário da Vigilancia Hospitalar - Start downloading form
2026-01-09 10:31:17,739 [ForkJoinPool-8-worker-8] INFO  o.o.b.p.a.PullFromAggregateTracker - Pull Formulário da Vigilancia Comunitaria - Start downloading form
2026-01-09 10:31:17,972 [ForkJoinPool-8-worker-2] INFO  o.o.b.p.a.PullFromAggregateTracker - Pull Formulário da Vigilancia Hospitalar - Laboratório - Form downloaded
2026-01-09 10:31:17,972 [ForkJoinPool-8-worker-2] INFO  o.o.b.p.a.PullFromAggregateTracker - Pull Formulário da Vigilancia Hospitalar - Laboratório - Start getting form manifest
2026-01-09 10:31:19,906 [ForkJoinPool-8-worker-1] INFO  o.o.b.p.a.PullFromAggregateTracker - Pull Formulario da  Componente  Genomica (IDS) - Form downloaded
2026-01-09 10:31:19,906 [ForkJoinPool-8-worker-1] INFO  o.o.b.p.a.PullFromAggregateTracker - Pull Formulario da  Componente  Genomica (IDS) - Start getting submission IDs
2026-01-09 10:31:20,156 [ForkJoinPool-8-worker-10] INFO  o.o.b.p.a.PullFromAggregateTracker - Pull Formulário da Vigilancia Hospitalar - Laboratório - Form downloaded
2026-01-09 10:31:20,156 [ForkJoinPool-8-worker-10] INFO  o.o.b.p.a.PullFromAggregateTracker - Pull Formulário da Vigilancia Hospitalar - Laboratório - Start getting submission IDs
2026-01-09 10:31:21,090 [ForkJoinPool-8-worker-6] INFO  o.o.b.p.a.PullFromAggregateTracker - Pull VIGILÂNCIA  AMBIENTAL - Form downloaded
2026-01-09 10:31:21,093 [ForkJoinPool-8-worker-6] INFO  o.o.b.p.a.PullFromAggregateTracker - Pull VIGILÂNCIA  AMBIENTAL - Start getting form manifest
2026-01-09 10:31:21,307 [ForkJoinPool-8-worker-2] INFO  o.o.b.p.a.PullFromAggregateTracker - Pull Formulário da Vigilancia Hospitalar - Laboratório - Got the form manifest
2026-01-09 10:31:21,308 [ForkJoinPool-8-worker-2] INFO  o.o.b.p.a.PullFromAggregateTracker - Pull Formulário da Vigilancia Hospitalar - Laboratório - Skipping 1 form attachments that have been already downloaded
2026-01-09 10:31:21,308 [ForkJoinPool-8-worker-2] INFO  o.o.b.p.a.PullFromAggregateTracker - Pull Formulário da Vigilancia Hospitalar - Laboratório - Start getting submission IDs
2026-01-09 10:31:21,536 [ForkJoinPool-8-worker-2] INFO  o.o.b.p.a.PullFromAggregateTracker - Pull Formulário da Vigilancia Hospitalar - Laboratório - Got all the submission IDs
2026-01-09 10:31:21,543 [ForkJoinPool-8-worker-2] INFO  o.o.b.p.a.PullFromAggregateTracker - Push Formulário da Vigilancia Hospitalar - Laboratório - There are no submissions to download
2026-01-09 10:31:21,547 [ForkJoinPool-8-worker-2] INFO  o.o.b.p.a.PullFromAggregateTracker - Pull Formulário da Vigilancia Hospitalar - Laboratório - Success
2026-01-09 10:31:21,551 [ForkJoinPool-8-worker-2] INFO  o.o.b.p.a.PullFromAggregateTracker - Pull VIGILÂNCIA  AMBIENTAL - Start pulling form and submissions
2026-01-09 10:31:21,551 [ForkJoinPool-8-worker-2] INFO  o.o.b.p.a.PullFromAggregateTracker - Pull VIGILÂNCIA  AMBIENTAL - Start downloading form
2026-01-09 10:31:21,605 [AWT-EventQueue-0] INFO  XFormParser - Reading XML and parsing with kXML2 finished in 1.873 ms
2026-01-09 10:31:21,607 [AWT-EventQueue-0] INFO  XFormParser - Consolidating text finished in 1.564 ms
2026-01-09 10:31:21,608 [AWT-EventQueue-0] INFO  XFormParser - Parsing form...
2026-01-09 10:31:21,608 [AWT-EventQueue-0] INFO  XFormParser - Title: "VIGILÂNCIA  AMBIENTAL"
2026-01-09 10:31:21,608 [AWT-EventQueue-0] WARN  XFormParser - XForm Parse Warning: Warning: 1 Unrecognized attributes found in Element [model] and will be ignored: [xforms-version] 
    Problem found at nodeset: /html/head/model
    With element <model xforms-version="1.0.0"><instance><data id="VIGILÂNCIA  AMBIENTAL" version="1" prefix="VIGILÂNCIA  AMBIENTAL" delimiter="$">...

2026-01-09 10:31:21,627 [AWT-EventQueue-0] INFO  XFormParser - Creating FormDef from parsed XML finished in 19.316 ms
2026-01-09 10:31:21,781 [ForkJoinPool-8-worker-1] INFO  o.o.b.p.a.PullFromAggregateTracker - Pull Formulario da  Componente  Genomica (IDS) - Got all the submission IDs
2026-01-09 10:31:21,791 [ForkJoinPool-8-worker-1] INFO  o.o.b.p.a.PullFromAggregateTracker - Push Formulario da  Componente  Genomica (IDS) - There are no submissions to download
2026-01-09 10:31:21,795 [ForkJoinPool-8-worker-1] INFO  o.o.b.p.a.PullFromAggregateTracker - Pull Formulario da  Componente  Genomica (IDS) - Success
2026-01-09 10:31:21,796 [ForkJoinPool-8-worker-1] INFO  o.o.b.p.a.PullFromAggregateTracker - Pull VIGILÂNCIA  AMBIENTAL - Start pulling form and submissions
2026-01-09 10:31:21,796 [ForkJoinPool-8-worker-1] INFO  o.o.b.p.a.PullFromAggregateTracker - Pull VIGILÂNCIA  AMBIENTAL - Start downloading form
2026-01-09 10:31:21,982 [ForkJoinPool-8-worker-3] INFO  o.o.b.p.a.PullFromAggregateTracker - Pull Formulário da Vigilancia Hospitalar - Form downloaded
2026-01-09 10:31:21,982 [ForkJoinPool-8-worker-3] INFO  o.o.b.p.a.PullFromAggregateTracker - Pull Formulário da Vigilancia Hospitalar - Start getting submission IDs
2026-01-09 10:31:21,982 [ForkJoinPool-8-worker-10] INFO  o.o.b.p.a.PullFromAggregateTracker - Pull Formulário da Vigilancia Hospitalar - Laboratório - Got all the submission IDs
2026-01-09 10:31:21,982 [ForkJoinPool-8-worker-10] INFO  o.o.b.p.a.PullFromAggregateTracker - Push Formulário da Vigilancia Hospitalar - Laboratório - There are no submissions to download
2026-01-09 10:31:21,988 [ForkJoinPool-8-worker-10] INFO  o.o.b.p.a.PullFromAggregateTracker - Pull Formulário da Vigilancia Hospitalar - Laboratório - Success
2026-01-09 10:31:21,988 [ForkJoinPool-8-worker-10] INFO  o.o.b.p.a.PullFromAggregateTracker - Pull Formulário da Vigilancia Comunitaria - Start pulling form and submissions
2026-01-09 10:31:21,988 [ForkJoinPool-8-worker-10] INFO  o.o.b.p.a.PullFromAggregateTracker - Pull Formulário da Vigilancia Comunitaria - Start downloading form
2026-01-09 10:31:22,055 [AWT-EventQueue-0] INFO  XFormParser - Reading XML and parsing with kXML2 finished in 20.500 ms
2026-01-09 10:31:22,063 [AWT-EventQueue-0] INFO  XFormParser - Consolidating text finished in 6.738 ms
2026-01-09 10:31:22,063 [AWT-EventQueue-0] INFO  XFormParser - Parsing form...
2026-01-09 10:31:22,063 [AWT-EventQueue-0] INFO  XFormParser - Title: "Formulário da Vigilancia Hospitalar"
2026-01-09 10:31:22,063 [AWT-EventQueue-0] WARN  XFormParser - XForm Parse Warning: Warning: 1 Unrecognized attributes found in Element [model] and will be ignored: [xforms-version] 
    Problem found at nodeset: /html/head/model
    With element <model xforms-version="1.0.0"><instance><data id="hospitalar_v3" version="3" prefix="Hospitalar_v3" delimiter="$">...

2026-01-09 10:31:22,118 [AWT-EventQueue-0] INFO  XFormParser - Creating FormDef from parsed XML finished in 55.420 ms
2026-01-09 10:31:22,185 [ForkJoinPool-8-worker-6] INFO  o.o.b.p.a.PullFromAggregateTracker - Pull VIGILÂNCIA  AMBIENTAL - Got the form manifest
2026-01-09 10:31:22,186 [ForkJoinPool-8-worker-6] INFO  o.o.b.p.a.PullFromAggregateTracker - Pull VIGILÂNCIA  AMBIENTAL - Skipping 1 form attachments that have been already downloaded
2026-01-09 10:31:22,186 [ForkJoinPool-8-worker-6] INFO  o.o.b.p.a.PullFromAggregateTracker - Pull VIGILÂNCIA  AMBIENTAL - Start getting submission IDs
2026-01-09 10:31:22,447 [ForkJoinPool-8-worker-9] INFO  o.o.b.p.a.PullFromAggregateTracker - Pull Formulário da Vigilancia Hospitalar - Form downloaded
2026-01-09 10:31:22,447 [ForkJoinPool-8-worker-9] INFO  o.o.b.p.a.PullFromAggregateTracker - Pull Formulário da Vigilancia Hospitalar - Start getting form manifest
2026-01-09 10:31:22,478 [ForkJoinPool-8-worker-1] INFO  o.o.b.p.a.PullFromAggregateTracker - Pull VIGILÂNCIA  AMBIENTAL - Form downloaded
2026-01-09 10:31:22,478 [ForkJoinPool-8-worker-1] INFO  o.o.b.p.a.PullFromAggregateTracker - Pull VIGILÂNCIA  AMBIENTAL - Start getting submission IDs
2026-01-09 10:31:22,598 [ForkJoinPool-8-worker-3] INFO  o.o.b.p.a.PullFromAggregateTracker - Pull Formulário da Vigilancia Hospitalar - Got all the submission IDs
2026-01-09 10:31:22,617 [ForkJoinPool-8-worker-2] INFO  o.o.b.p.a.PullFromAggregateTracker - Pull VIGILÂNCIA  AMBIENTAL - Form downloaded
2026-01-09 10:31:22,617 [ForkJoinPool-8-worker-2] INFO  o.o.b.p.a.PullFromAggregateTracker - Pull VIGILÂNCIA  AMBIENTAL - Start getting submission IDs
2026-01-09 10:31:22,684 [ForkJoinPool-8-worker-3] INFO  o.o.b.p.a.PullFromAggregateTracker - Push Formulário da Vigilancia Hospitalar - There are no submissions to download
2026-01-09 10:31:22,689 [ForkJoinPool-8-worker-3] INFO  o.o.b.p.a.PullFromAggregateTracker - Pull Formulário da Vigilancia Hospitalar - Success
2026-01-09 10:31:22,694 [ForkJoinPool-8-worker-3] INFO  o.o.b.p.a.PullFromAggregateTracker - Pull Formulário da Vigilancia Hospitalar - Start pulling form and submissions
2026-01-09 10:31:22,694 [ForkJoinPool-8-worker-3] INFO  o.o.b.p.a.PullFromAggregateTracker - Pull Formulário da Vigilancia Hospitalar - Start downloading form
2026-01-09 10:31:22,743 [AWT-EventQueue-0] INFO  XFormParser - Reading XML and parsing with kXML2 finished in 15.766 ms
2026-01-09 10:31:22,749 [AWT-EventQueue-0] INFO  XFormParser - Consolidating text finished in 6.406 ms
2026-01-09 10:31:22,749 [AWT-EventQueue-0] INFO  XFormParser - Parsing form...
2026-01-09 10:31:22,749 [AWT-EventQueue-0] INFO  XFormParser - Title: "Formulário da Vigilancia Hospitalar"
2026-01-09 10:31:22,751 [AWT-EventQueue-0] WARN  XFormParser - XForm Parse Warning: Warning: 1 Unrecognized attributes found in Element [model] and will be ignored: [xforms-version] 
    Problem found at nodeset: /html/head/model
    With element <model xforms-version="1.0.0"><instance><data id="hospitalar" version="1" prefix="Hospitalar" delimiter="$">...

2026-01-09 10:31:22,803 [AWT-EventQueue-0] INFO  XFormParser - Creating FormDef from parsed XML finished in 52.198 ms
2026-01-09 10:31:22,816 [ForkJoinPool-8-worker-6] INFO  o.o.b.p.a.PullFromAggregateTracker - Pull VIGILÂNCIA  AMBIENTAL - Got all the submission IDs
2026-01-09 10:31:22,820 [AWT-EventQueue-0] INFO  XFormParser - Reading XML and parsing with kXML2 finished in 3.549 ms
2026-01-09 10:31:22,822 [AWT-EventQueue-0] INFO  XFormParser - Consolidating text finished in 2.005 ms
2026-01-09 10:31:22,822 [AWT-EventQueue-0] INFO  XFormParser - Parsing form...
2026-01-09 10:31:22,822 [AWT-EventQueue-0] INFO  XFormParser - Title: "VIGILÂNCIA  AMBIENTAL"
2026-01-09 10:31:22,824 [AWT-EventQueue-0] WARN  XFormParser - XForm Parse Warning: Warning: 1 Unrecognized attributes found in Element [model] and will be ignored: [xforms-version] 
    Problem found at nodeset: /html/head/model
    With element <model xforms-version="1.0.0"><instance><data id="VIGILÂNCIA  AMBIENTAL_v2" version="2" prefix="VIGILÂNCIA  AMBIENTAL_v2" delimiter="$">...

2026-01-09 10:31:22,825 [ForkJoinPool-8-worker-9] INFO  o.o.b.p.a.PullFromAggregateTracker - Pull Formulário da Vigilancia Hospitalar - Got the form manifest
2026-01-09 10:31:22,825 [ForkJoinPool-8-worker-6] INFO  o.o.b.p.a.PullFromAggregateTracker - Push VIGILÂNCIA  AMBIENTAL - There are no submissions to download
2026-01-09 10:31:22,826 [ForkJoinPool-8-worker-9] INFO  o.o.b.p.a.PullFromAggregateTracker - Pull Formulário da Vigilancia Hospitalar - Skipping 1 form attachments that have been already downloaded
2026-01-09 10:31:22,826 [ForkJoinPool-8-worker-9] INFO  o.o.b.p.a.PullFromAggregateTracker - Pull Formulário da Vigilancia Hospitalar - Start getting submission IDs
2026-01-09 10:31:22,828 [ForkJoinPool-8-worker-6] INFO  o.o.b.p.a.PullFromAggregateTracker - Pull VIGILÂNCIA  AMBIENTAL - Success
2026-01-09 10:31:22,831 [AWT-EventQueue-0] INFO  XFormParser - Creating FormDef from parsed XML finished in 8.433 ms
2026-01-09 10:31:22,831 [ForkJoinPool-8-worker-6] INFO  o.o.b.p.a.PullFromAggregateTracker - Pull VIGILÂNCIA  AMBIENTAL - Start pulling form and submissions
2026-01-09 10:31:22,831 [ForkJoinPool-8-worker-6] INFO  o.o.b.p.a.PullFromAggregateTracker - Pull VIGILÂNCIA  AMBIENTAL - Start downloading form
2026-01-09 10:31:23,031 [ForkJoinPool-8-worker-1] INFO  o.o.b.p.a.PullFromAggregateTracker - Pull VIGILÂNCIA  AMBIENTAL - Got all the submission IDs
2026-01-09 10:31:23,044 [ForkJoinPool-8-worker-1] INFO  o.o.b.p.a.PullFromAggregateTracker - Push VIGILÂNCIA  AMBIENTAL - There are no submissions to download
2026-01-09 10:31:23,044 [ForkJoinPool-8-worker-2] INFO  o.o.b.p.a.PullFromAggregateTracker - Pull VIGILÂNCIA  AMBIENTAL - Got all the submission IDs
2026-01-09 10:31:23,047 [ForkJoinPool-8-worker-1] INFO  o.o.b.p.a.PullFromAggregateTracker - Pull VIGILÂNCIA  AMBIENTAL - Success
2026-01-09 10:31:23,050 [ForkJoinPool-8-worker-1] INFO  o.o.b.p.a.PullFromAggregateTracker - Pull Formulário da Vigilancia Comunitaria - Start pulling form and submissions
2026-01-09 10:31:23,050 [ForkJoinPool-8-worker-1] INFO  o.o.b.p.a.PullFromAggregateTracker - Pull Formulário da Vigilancia Comunitaria - Start downloading form
2026-01-09 10:31:23,051 [ForkJoinPool-8-worker-2] INFO  o.o.b.p.a.PullFromAggregateTracker - Push VIGILÂNCIA  AMBIENTAL - There are no submissions to download
2026-01-09 10:31:23,052 [ForkJoinPool-8-worker-2] INFO  o.o.b.p.a.PullFromAggregateTracker - Pull VIGILÂNCIA  AMBIENTAL - Success
2026-01-09 10:31:23,054 [ForkJoinPool-8-worker-2] INFO  o.o.b.p.a.PullFromAggregateTracker - Pull Formulário da Vigilancia Hospitalar - Start pulling form and submissions
2026-01-09 10:31:23,054 [ForkJoinPool-8-worker-2] INFO  o.o.b.p.a.PullFromAggregateTracker - Pull Formulário da Vigilancia Hospitalar - Start downloading form
2026-01-09 10:31:23,261 [ForkJoinPool-8-worker-9] INFO  o.o.b.p.a.PullFromAggregateTracker - Pull Formulário da Vigilancia Hospitalar - Got all the submission IDs
2026-01-09 10:31:23,338 [ForkJoinPool-8-worker-9] INFO  o.o.b.p.a.PullFromAggregateTracker - Push Formulário da Vigilancia Hospitalar - There are no submissions to download
2026-01-09 10:31:23,342 [ForkJoinPool-8-worker-9] INFO  o.o.b.p.a.PullFromAggregateTracker - Pull Formulário da Vigilancia Hospitalar - Success
2026-01-09 10:31:23,409 [ForkJoinPool-8-worker-13] INFO  o.o.b.p.a.PullFromAggregateTracker - Pull Resultados de testagem das vigilâncias - Form downloaded
2026-01-09 10:31:23,409 [ForkJoinPool-8-worker-13] INFO  o.o.b.p.a.PullFromAggregateTracker - Pull Resultados de testagem das vigilâncias - Start getting form manifest
2026-01-09 10:31:23,543 [ForkJoinPool-8-worker-4] INFO  o.o.b.p.a.PullFromAggregateTracker - Pull Formulário da Vigilancia Hospitalar - Form downloaded
2026-01-09 10:31:23,545 [ForkJoinPool-8-worker-4] INFO  o.o.b.p.a.PullFromAggregateTracker - Pull Formulário da Vigilancia Hospitalar - Start getting form manifest
2026-01-09 10:31:24,353 [ForkJoinPool-8-worker-8] INFO  o.o.b.p.a.PullFromAggregateTracker - Pull Formulário da Vigilancia Comunitaria - Form downloaded
2026-01-09 10:31:24,354 [ForkJoinPool-8-worker-8] INFO  o.o.b.p.a.PullFromAggregateTracker - Pull Formulário da Vigilancia Comunitaria - Start getting submission IDs
2026-01-09 10:31:24,409 [ForkJoinPool-8-worker-11] INFO  o.o.b.p.a.PullFromAggregateTracker - Pull Formulário da Vigilancia Comunitaria - Form downloaded
2026-01-09 10:31:24,409 [ForkJoinPool-8-worker-15] INFO  o.o.b.p.a.PullFromAggregateTracker - Pull Formulário da Vigilancia Hospitalar - Form downloaded
2026-01-09 10:31:24,409 [ForkJoinPool-8-worker-11] INFO  o.o.b.p.a.PullFromAggregateTracker - Pull Formulário da Vigilancia Comunitaria - Start getting form manifest
2026-01-09 10:31:24,409 [ForkJoinPool-8-worker-15] INFO  o.o.b.p.a.PullFromAggregateTracker - Pull Formulário da Vigilancia Hospitalar - Start getting form manifest
2026-01-09 10:31:24,541 [ForkJoinPool-8-worker-13] INFO  o.o.b.p.a.PullFromAggregateTracker - Pull Resultados de testagem das vigilâncias - Got the form manifest
2026-01-09 10:31:24,543 [ForkJoinPool-8-worker-13] INFO  o.o.b.p.a.PullFromAggregateTracker - Pull Resultados de testagem das vigilâncias - Skipping 1 form attachments that have been already downloaded
2026-01-09 10:31:24,543 [ForkJoinPool-8-worker-13] INFO  o.o.b.p.a.PullFromAggregateTracker - Pull Resultados de testagem das vigilâncias - Start getting submission IDs
2026-01-09 10:31:24,599 [ForkJoinPool-8-worker-4] INFO  o.o.b.p.a.PullFromAggregateTracker - Pull Formulário da Vigilancia Hospitalar - Got the form manifest
2026-01-09 10:31:24,601 [ForkJoinPool-8-worker-4] INFO  o.o.b.p.a.PullFromAggregateTracker - Pull Formulário da Vigilancia Hospitalar - Skipping 1 form attachments that have been already downloaded
2026-01-09 10:31:24,601 [ForkJoinPool-8-worker-4] INFO  o.o.b.p.a.PullFromAggregateTracker - Pull Formulário da Vigilancia Hospitalar - Start getting submission IDs
2026-01-09 10:31:24,619 [ForkJoinPool-8-worker-8] INFO  o.o.b.p.a.PullFromAggregateTracker - Pull Formulário da Vigilancia Comunitaria - Got all the submission IDs
2026-01-09 10:31:24,694 [ForkJoinPool-8-worker-8] INFO  o.o.b.p.a.PullFromAggregateTracker - Push Formulário da Vigilancia Comunitaria - There are no submissions to download
2026-01-09 10:31:24,707 [ForkJoinPool-8-worker-8] INFO  o.o.b.p.a.PullFromAggregateTracker - Pull Formulário da Vigilancia Comunitaria - Success
2026-01-09 10:31:24,851 [ForkJoinPool-8-worker-11] INFO  o.o.b.p.a.PullFromAggregateTracker - Pull Formulário da Vigilancia Comunitaria - Got the form manifest
2026-01-09 10:31:24,853 [ForkJoinPool-8-worker-11] INFO  o.o.b.p.a.PullFromAggregateTracker - Pull Formulário da Vigilancia Comunitaria - Skipping 1 form attachments that have been already downloaded
2026-01-09 10:31:24,853 [ForkJoinPool-8-worker-15] INFO  o.o.b.p.a.PullFromAggregateTracker - Pull Formulário da Vigilancia Hospitalar - Got the form manifest
2026-01-09 10:31:24,853 [ForkJoinPool-8-worker-11] INFO  o.o.b.p.a.PullFromAggregateTracker - Pull Formulário da Vigilancia Comunitaria - Start getting submission IDs
2026-01-09 10:31:24,853 [ForkJoinPool-8-worker-15] INFO  o.o.b.p.a.PullFromAggregateTracker - Pull Formulário da Vigilancia Hospitalar - Skipping 1 form attachments that have been already downloaded
2026-01-09 10:31:24,853 [ForkJoinPool-8-worker-15] INFO  o.o.b.p.a.PullFromAggregateTracker - Pull Formulário da Vigilancia Hospitalar - Start getting submission IDs
2026-01-09 10:31:24,857 [AWT-EventQueue-0] INFO  XFormParser - Reading XML and parsing with kXML2 finished in 124.408 ms
2026-01-09 10:31:24,865 [AWT-EventQueue-0] INFO  XFormParser - Consolidating text finished in 7.652 ms
2026-01-09 10:31:24,865 [AWT-EventQueue-0] INFO  XFormParser - Parsing form...
2026-01-09 10:31:24,865 [AWT-EventQueue-0] INFO  XFormParser - Title: "Formulário da Vigilancia Comunitaria"
2026-01-09 10:31:24,865 [AWT-EventQueue-0] WARN  XFormParser - XForm Parse Warning: Warning: 1 Unrecognized attributes found in Element [model] and will be ignored: [xforms-version] 
    Problem found at nodeset: /html/head/model
    With element <model xforms-version="1.0.0"><instance><data id="Comunidade" version="1" prefix="Comunidade" delimiter="$">...

2026-01-09 10:31:24,902 [ForkJoinPool-8-worker-13] INFO  o.o.b.p.a.PullFromAggregateTracker - Pull Resultados de testagem das vigilâncias - Got all the submission IDs
2026-01-09 10:31:24,904 [ForkJoinPool-8-worker-6] INFO  o.o.b.p.a.PullFromAggregateTracker - Pull VIGILÂNCIA  AMBIENTAL - Form downloaded
2026-01-09 10:31:24,904 [ForkJoinPool-8-worker-6] INFO  o.o.b.p.a.PullFromAggregateTracker - Pull VIGILÂNCIA  AMBIENTAL - Start getting submission IDs
2026-01-09 10:31:24,910 [AWT-EventQueue-0] INFO  XFormParser - Creating FormDef from parsed XML finished in 41.963 ms
2026-01-09 10:31:24,948 [ForkJoinPool-8-worker-13] INFO  o.o.b.p.a.PullFromAggregateTracker - Push Resultados de testagem das vigilâncias - There are no submissions to download
2026-01-09 10:31:24,950 [ForkJoinPool-8-worker-13] INFO  o.o.b.p.a.PullFromAggregateTracker - Pull Resultados de testagem das vigilâncias - Success
2026-01-09 10:31:24,953 [AWT-EventQueue-0] INFO  XFormParser - Reading XML and parsing with kXML2 finished in 28.755 ms
2026-01-09 10:31:24,958 [AWT-EventQueue-0] INFO  XFormParser - Consolidating text finished in 4.953 ms
2026-01-09 10:31:24,958 [AWT-EventQueue-0] INFO  XFormParser - Parsing form...
2026-01-09 10:31:24,958 [AWT-EventQueue-0] INFO  XFormParser - Title: "Formulário da Vigilancia Hospitalar"
2026-01-09 10:31:24,958 [AWT-EventQueue-0] WARN  XFormParser - XForm Parse Warning: Warning: 1 Unrecognized attributes found in Element [model] and will be ignored: [xforms-version] 
    Problem found at nodeset: /html/head/model
    With element <model xforms-version="1.0.0"><instance><data id="hospitalar_v2" version="1" prefix="Hospitalar" delimiter="$">...

2026-01-09 10:31:24,983 [AWT-EventQueue-0] INFO  XFormParser - Creating FormDef from parsed XML finished in 24.892 ms
2026-01-09 10:31:25,001 [AWT-EventQueue-0] INFO  XFormParser - Reading XML and parsing with kXML2 finished in 3.921 ms
2026-01-09 10:31:25,003 [AWT-EventQueue-0] INFO  XFormParser - Consolidating text finished in 1.292 ms
2026-01-09 10:31:25,003 [AWT-EventQueue-0] INFO  XFormParser - Parsing form...
2026-01-09 10:31:25,003 [AWT-EventQueue-0] INFO  XFormParser - Title: "VIGILÂNCIA  AMBIENTAL"
2026-01-09 10:31:25,003 [AWT-EventQueue-0] WARN  XFormParser - XForm Parse Warning: Warning: 1 Unrecognized attributes found in Element [model] and will be ignored: [xforms-version] 
    Problem found at nodeset: /html/head/model
    With element <model xforms-version="1.0.0"><instance><data id="VIGILÂNCIA AMBIENTAL_v4" version="4" prefix="VIGILÂNCIA AMBIENTAL_v4" delimiter="$">...

2026-01-09 10:31:25,012 [AWT-EventQueue-0] INFO  XFormParser - Creating FormDef from parsed XML finished in 9.393 ms
2026-01-09 10:31:25,061 [ForkJoinPool-8-worker-4] INFO  o.o.b.p.a.PullFromAggregateTracker - Pull Formulário da Vigilancia Hospitalar - Got all the submission IDs
2026-01-09 10:31:25,092 [ForkJoinPool-8-worker-15] INFO  o.o.b.p.a.PullFromAggregateTracker - Pull Formulário da Vigilancia Hospitalar - Got all the submission IDs
2026-01-09 10:31:25,118 [ForkJoinPool-8-worker-11] INFO  o.o.b.p.a.PullFromAggregateTracker - Pull Formulário da Vigilancia Comunitaria - Got all the submission IDs
2026-01-09 10:31:25,120 [ForkJoinPool-8-worker-6] INFO  o.o.b.p.a.PullFromAggregateTracker - Pull VIGILÂNCIA  AMBIENTAL - Got all the submission IDs
2026-01-09 10:31:25,155 [ForkJoinPool-8-worker-6] INFO  o.o.b.p.a.PullFromAggregateTracker - Push VIGILÂNCIA  AMBIENTAL - There are no submissions to download
2026-01-09 10:31:25,159 [ForkJoinPool-8-worker-6] INFO  o.o.b.p.a.PullFromAggregateTracker - Pull VIGILÂNCIA  AMBIENTAL - Success
2026-01-09 10:31:25,202 [ForkJoinPool-8-worker-4] INFO  o.o.b.p.a.PullFromAggregateTracker - Push Formulário da Vigilancia Hospitalar - There are no submissions to download
2026-01-09 10:31:25,204 [ForkJoinPool-8-worker-4] INFO  o.o.b.p.a.PullFromAggregateTracker - Pull Formulário da Vigilancia Hospitalar - Success
2026-01-09 10:31:25,213 [ForkJoinPool-8-worker-15] INFO  o.o.b.p.a.PullFromAggregateTracker - Push Formulário da Vigilancia Hospitalar - There are no submissions to download
2026-01-09 10:31:25,213 [ForkJoinPool-8-worker-15] INFO  o.o.b.p.a.PullFromAggregateTracker - Pull Formulário da Vigilancia Hospitalar - Success
2026-01-09 10:31:25,232 [ForkJoinPool-8-worker-11] INFO  o.o.b.p.a.PullFromAggregateTracker - Push Formulário da Vigilancia Comunitaria - There are no submissions to download
2026-01-09 10:31:25,234 [ForkJoinPool-8-worker-11] INFO  o.o.b.p.a.PullFromAggregateTracker - Pull Formulário da Vigilancia Comunitaria - Success
2026-01-09 10:31:26,462 [ForkJoinPool-8-worker-3] INFO  o.o.b.p.a.PullFromAggregateTracker - Pull Formulário da Vigilancia Hospitalar - Form downloaded
2026-01-09 10:31:26,463 [ForkJoinPool-8-worker-3] INFO  o.o.b.p.a.PullFromAggregateTracker - Pull Formulário da Vigilancia Hospitalar - Start getting submission IDs
2026-01-09 10:31:27,118 [ForkJoinPool-8-worker-3] INFO  o.o.b.p.a.PullFromAggregateTracker - Pull Formulário da Vigilancia Hospitalar - Got all the submission IDs
2026-01-09 10:31:27,198 [ForkJoinPool-8-worker-3] INFO  o.o.b.p.a.PullFromAggregateTracker - Push Formulário da Vigilancia Hospitalar - There are no submissions to download
2026-01-09 10:31:27,209 [ForkJoinPool-8-worker-3] INFO  o.o.b.p.a.PullFromAggregateTracker - Pull Formulário da Vigilancia Hospitalar - Success
2026-01-09 10:31:27,256 [AWT-EventQueue-0] INFO  XFormParser - Reading XML and parsing with kXML2 finished in 14.191 ms
2026-01-09 10:31:27,266 [AWT-EventQueue-0] INFO  XFormParser - Consolidating text finished in 6.019 ms
2026-01-09 10:31:27,266 [AWT-EventQueue-0] INFO  XFormParser - Parsing form...
2026-01-09 10:31:27,266 [AWT-EventQueue-0] INFO  XFormParser - Title: "Formulário da Vigilancia Hospitalar"
2026-01-09 10:31:27,266 [AWT-EventQueue-0] WARN  XFormParser - XForm Parse Warning: Warning: 1 Unrecognized attributes found in Element [model] and will be ignored: [xforms-version] 
    Problem found at nodeset: /html/head/model
    With element <model xforms-version="1.0.0"><instance><data id="hospitalar_v4" version="1" prefix="hospitalar_v4" delimiter="$">...

2026-01-09 10:31:27,333 [AWT-EventQueue-0] INFO  XFormParser - Creating FormDef from parsed XML finished in 67.780 ms
2026-01-09 10:31:27,663 [ForkJoinPool-8-worker-10] INFO  o.o.b.p.a.PullFromAggregateTracker - Pull Formulário da Vigilancia Comunitaria - Form downloaded
2026-01-09 10:31:27,663 [ForkJoinPool-8-worker-10] INFO  o.o.b.p.a.PullFromAggregateTracker - Pull Formulário da Vigilancia Comunitaria - Start getting submission IDs
2026-01-09 10:31:27,926 [ForkJoinPool-8-worker-10] INFO  o.o.b.p.a.PullFromAggregateTracker - Pull Formulário da Vigilancia Comunitaria - Got all the submission IDs
2026-01-09 10:31:28,065 [ForkJoinPool-8-worker-10] INFO  o.o.b.p.a.PullFromAggregateTracker - Push Formulário da Vigilancia Comunitaria - There are no submissions to download
2026-01-09 10:31:28,069 [ForkJoinPool-8-worker-10] INFO  o.o.b.p.a.PullFromAggregateTracker - Pull Formulário da Vigilancia Comunitaria - Success
2026-01-09 10:31:28,130 [AWT-EventQueue-0] INFO  XFormParser - Reading XML and parsing with kXML2 finished in 16.942 ms
2026-01-09 10:31:28,138 [AWT-EventQueue-0] INFO  XFormParser - Consolidating text finished in 7.227 ms
2026-01-09 10:31:28,138 [AWT-EventQueue-0] INFO  XFormParser - Parsing form...
2026-01-09 10:31:28,138 [AWT-EventQueue-0] INFO  XFormParser - Title: "Formulário da Vigilancia Comunitaria"
2026-01-09 10:31:28,138 [AWT-EventQueue-0] WARN  XFormParser - XForm Parse Warning: Warning: 1 Unrecognized attributes found in Element [model] and will be ignored: [xforms-version] 
    Problem found at nodeset: /html/head/model
    With element <model xforms-version="1.0.0"><instance><data id="Comunidade_v3" version="1" prefix="Comunidade_v3" delimiter="$">...

2026-01-09 10:31:28,176 [AWT-EventQueue-0] INFO  XFormParser - Creating FormDef from parsed XML finished in 36.517 ms
2026-01-09 10:31:29,578 [ForkJoinPool-8-worker-2] INFO  o.o.b.p.a.PullFromAggregateTracker - Pull Formulário da Vigilancia Hospitalar - Form downloaded
2026-01-09 10:31:29,578 [ForkJoinPool-8-worker-2] INFO  o.o.b.p.a.PullFromAggregateTracker - Pull Formulário da Vigilancia Hospitalar - Start getting submission IDs
2026-01-09 10:31:29,827 [ForkJoinPool-8-worker-2] INFO  o.o.b.p.a.PullFromAggregateTracker - Pull Formulário da Vigilancia Hospitalar - Got all the submission IDs
2026-01-09 10:31:29,904 [ForkJoinPool-8-worker-2] INFO  o.o.b.p.a.PullFromAggregateTracker - Push Formulário da Vigilancia Hospitalar - There are no submissions to download
2026-01-09 10:31:29,914 [ForkJoinPool-8-worker-2] INFO  o.o.b.p.a.PullFromAggregateTracker - Pull Formulário da Vigilancia Hospitalar - Success
2026-01-09 10:31:29,975 [AWT-EventQueue-0] INFO  XFormParser - Reading XML and parsing with kXML2 finished in 16.908 ms
2026-01-09 10:31:29,981 [AWT-EventQueue-0] INFO  XFormParser - Consolidating text finished in 6.636 ms
2026-01-09 10:31:29,981 [AWT-EventQueue-0] INFO  XFormParser - Parsing form...
2026-01-09 10:31:29,981 [AWT-EventQueue-0] INFO  XFormParser - Title: "Formulário da Vigilancia Hospitalar"
2026-01-09 10:31:29,981 [AWT-EventQueue-0] WARN  XFormParser - XForm Parse Warning: Warning: 1 Unrecognized attributes found in Element [model] and will be ignored: [xforms-version] 
    Problem found at nodeset: /html/head/model
    With element <model xforms-version="1.0.0"><instance><data id="hospitalar_v5" version="1" prefix="hospitalar_v5" delimiter="$">...

2026-01-09 10:31:30,029 [AWT-EventQueue-0] INFO  XFormParser - Creating FormDef from parsed XML finished in 47.524 ms
2026-01-09 10:31:31,501 [ForkJoinPool-8-worker-1] INFO  o.o.b.p.a.PullFromAggregateTracker - Pull Formulário da Vigilancia Comunitaria - Form downloaded
2026-01-09 10:31:31,502 [ForkJoinPool-8-worker-1] INFO  o.o.b.p.a.PullFromAggregateTracker - Pull Formulário da Vigilancia Comunitaria - Start getting submission IDs
2026-01-09 10:31:31,728 [ForkJoinPool-8-worker-1] INFO  o.o.b.p.a.PullFromAggregateTracker - Pull Formulário da Vigilancia Comunitaria - Got all the submission IDs
2026-01-09 10:31:31,799 [ForkJoinPool-8-worker-1] INFO  o.o.b.p.a.PullFromAggregateTracker - Push Formulário da Vigilancia Comunitaria - There are no submissions to download
2026-01-09 10:31:31,803 [ForkJoinPool-8-worker-1] INFO  o.o.b.p.a.PullFromAggregateTracker - Pull Formulário da Vigilancia Comunitaria - Success
2026-01-09 10:31:31,870 [AWT-EventQueue-0] INFO  XFormParser - Reading XML and parsing with kXML2 finished in 28.326 ms
2026-01-09 10:31:31,876 [AWT-EventQueue-0] INFO  XFormParser - Consolidating text finished in 6.922 ms
2026-01-09 10:31:31,876 [AWT-EventQueue-0] INFO  XFormParser - Parsing form...
2026-01-09 10:31:31,876 [AWT-EventQueue-0] INFO  XFormParser - Title: "Formulário da Vigilancia Comunitaria"
2026-01-09 10:31:31,876 [AWT-EventQueue-0] WARN  XFormParser - XForm Parse Warning: Warning: 1 Unrecognized attributes found in Element [model] and will be ignored: [xforms-version] 
    Problem found at nodeset: /html/head/model
    With element <model xforms-version="1.0.0"><instance><data id="Comunidade_v4" version="1" prefix="Comunidade_v4" delimiter="$">...

2026-01-09 10:31:31,921 [AWT-EventQueue-0] INFO  XFormParser - Creating FormDef from parsed XML finished in 43.944 ms
2026-01-09 10:32:20,047 [Thread-12] INFO  org.javarosa.core.model.FormDef - Dynamic select question has no choices! [instance(dis)/root/item]. If this occurs while filling out a form (and not while saving an incomplete form), the filter condition may have eliminated all the choices. Is that what you intended?
2026-01-09 10:32:20,055 [Thread-12] INFO  org.javarosa.core.model.FormDef - Dynamic select question has no choices! [instance(bairro)/root/item]. If this occurs while filling out a form (and not while saving an incomplete form), the filter condition may have eliminated all the choices. Is that what you intended?
2026-01-09 10:32:20,184 [Thread-12] INFO  org.javarosa.core.model.FormDef - Dynamic select question has no choices! [instance(Distrito_option_type)/root/item]. If this occurs while filling out a form (and not while saving an incomplete form), the filter condition may have eliminated all the choices. Is that what you intended?
2026-01-09 10:32:20,201 [Thread-12] INFO  org.javarosa.core.model.FormDef - Dynamic select question has no choices! [instance(Unidade_sanitaria_options)/root/item]. If this occurs while filling out a form (and not while saving an incomplete form), the filter condition may have eliminated all the choices. Is that what you intended?
2026-01-09 10:32:20,202 [Thread-12] INFO  org.javarosa.core.model.FormDef - Dynamic select question has no choices! [instance(tipo_amostra_options)/root/item]. If this occurs while filling out a form (and not while saving an incomplete form), the filter condition may have eliminated all the choices. Is that what you intended?
2026-01-09 10:32:20,257 [Thread-12] INFO  org.javarosa.core.model.FormDef - Dynamic select question has no choices! [instance(Distrito_option_type)/root/item]. If this occurs while filling out a form (and not while saving an incomplete form), the filter condition may have eliminated all the choices. Is that what you intended?
2026-01-09 10:32:20,507 [Thread-12] INFO  org.javarosa.core.model.FormDef - Dynamic select question has no choices! [instance(dis)/root/item]. If this occurs while filling out a form (and not while saving an incomplete form), the filter condition may have eliminated all the choices. Is that what you intended?
2026-01-09 10:32:20,516 [Thread-12] INFO  org.javarosa.core.model.FormDef - Dynamic select question has no choices! [instance(bairro)/root/item]. If this occurs while filling out a form (and not while saving an incomplete form), the filter condition may have eliminated all the choices. Is that what you intended?
2026-01-09 10:32:21,092 [ForkJoinPool-9-worker-2] INFO  o.o.b.export.ExportProcessTracker - Exported in 00:00:00.9959388
2026-01-09 10:32:21,124 [ForkJoinPool-9-worker-13] INFO  o.o.b.export.ExportProcessTracker - Exported in 00:00:00.8908374
2026-01-09 10:32:21,433 [ForkJoinPool-9-worker-11] INFO  o.o.b.export.ExportProcessTracker - Exported in 00:00:01.3300345
2026-01-09 10:32:23,043 [ForkJoinPool-9-worker-6] INFO  o.o.b.export.ExportProcessTracker - Exported in 00:00:02.7443129
2026-01-09 10:32:32,566 [ForkJoinPool-9-worker-8] INFO  o.o.b.export.ExportProcessTracker - Exported in 00:00:11.9511642
2026-01-09 10:32:37,753 [ForkJoinPool-9-worker-9] INFO  o.o.b.export.ExportProcessTracker - Exported in 00:00:17.6800468
2026-01-09 10:32:40,224 [ForkJoinPool-9-worker-10] INFO  o.o.b.export.ExportProcessTracker - Exported in 00:00:19.9014924
2026-01-09 10:32:43,560 [ForkJoinPool-9-worker-4] INFO  o.o.b.export.ExportProcessTracker - Exported in 00:00:23.3388158
