2026-03-01 16:09:08,585 [ForkJoinPool-22-worker-1] INFO  o.o.b.p.a.PullFromAggregateTracker - Pull Formulário da Vigilancia Hospitalar - Start pulling form and submissions
2026-03-01 16:09:08,584 [ForkJoinPool-22-worker-4] INFO  o.o.b.p.a.PullFromAggregateTracker - Pull VIGILÂNCIA  AMBIENTAL - Start pulling form and submissions
2026-03-01 16:09:08,579 [ForkJoinPool-22-worker-2] INFO  o.o.b.p.a.PullFromAggregateTracker - Pull Formulário da Vigilancia Hospitalar - Laboratório - Start pulling form and submissions
2026-03-01 16:09:08,586 [ForkJoinPool-22-worker-10] INFO  o.o.b.p.a.PullFromAggregateTracker - Pull Formulario da  Componente  Genomica (IDS) - Start pulling form and submissions
2026-03-01 16:09:15,084 [ForkJoinPool-22-worker-1] INFO  o.o.b.p.a.PullFromAggregateTracker - Pull Formulário da Vigilancia Hospitalar - Start downloading form
2026-03-01 16:09:08,583 [ForkJoinPool-22-worker-6] INFO  o.o.b.p.a.PullFromAggregateTracker - Pull Resultados de testagem das vigilâncias - Start pulling form and submissions
2026-03-01 16:09:15,084 [ForkJoinPool-22-worker-10] INFO  o.o.b.p.a.PullFromAggregateTracker - Pull Formulario da  Componente  Genomica (IDS) - Start downloading form
2026-03-01 16:09:15,084 [ForkJoinPool-22-worker-6] INFO  o.o.b.p.a.PullFromAggregateTracker - Pull Resultados de testagem das vigilâncias - Start downloading form
2026-03-01 16:09:08,582 [ForkJoinPool-22-worker-13] INFO  o.o.b.p.a.PullFromAggregateTracker - Pull Formulário da Vigilancia Comunitaria - Start pulling form and submissions
2026-03-01 16:09:08,585 [ForkJoinPool-22-worker-15] INFO  o.o.b.p.a.PullFromAggregateTracker - Pull Formulário da Recepção da Amostra - Start pulling form and submissions
2026-03-01 16:09:15,084 [ForkJoinPool-22-worker-4] INFO  o.o.b.p.a.PullFromAggregateTracker - Pull VIGILÂNCIA  AMBIENTAL - Start downloading form
2026-03-01 16:09:15,084 [ForkJoinPool-22-worker-13] INFO  o.o.b.p.a.PullFromAggregateTracker - Pull Formulário da Vigilancia Comunitaria - Start downloading form
2026-03-01 16:09:08,579 [ForkJoinPool-22-worker-9] INFO  o.o.b.p.a.PullFromAggregateTracker - Pull Formulário da Vigilancia Hospitalar - Start pulling form and submissions
2026-03-01 16:09:08,586 [ForkJoinPool-22-worker-3] INFO  o.o.b.p.a.PullFromAggregateTracker - Pull Formulário da Vigilancia Hospitalar - Laboratório - Start pulling form and submissions
2026-03-01 16:09:15,086 [ForkJoinPool-22-worker-9] INFO  o.o.b.p.a.PullFromAggregateTracker - Pull Formulário da Vigilancia Hospitalar - Start downloading form
2026-03-01 16:09:15,086 [ForkJoinPool-22-worker-3] INFO  o.o.b.p.a.PullFromAggregateTracker - Pull Formulário da Vigilancia Hospitalar - Laboratório - Start downloading form
2026-03-01 16:09:08,582 [ForkJoinPool-22-worker-11] INFO  o.o.b.p.a.PullFromAggregateTracker - Pull Formulário da Vigilancia Hospitalar - Start pulling form and submissions
2026-03-01 16:09:08,586 [ForkJoinPool-22-worker-8] INFO  o.o.b.p.a.PullFromAggregateTracker - Pull Formulário da Vigilancia Comunitaria - Start pulling form and submissions
2026-03-01 16:09:15,084 [ForkJoinPool-22-worker-2] INFO  o.o.b.p.a.PullFromAggregateTracker - Pull Formulário da Vigilancia Hospitalar - Laboratório - Start downloading form
2026-03-01 16:09:15,084 [ForkJoinPool-22-worker-15] INFO  o.o.b.p.a.PullFromAggregateTracker - Pull Formulário da Recepção da Amostra - Start downloading form
2026-03-01 16:09:15,088 [ForkJoinPool-22-worker-8] INFO  o.o.b.p.a.PullFromAggregateTracker - Pull Formulário da Vigilancia Comunitaria - Start downloading form
2026-03-01 16:09:15,091 [ForkJoinPool-22-worker-11] INFO  o.o.b.p.a.PullFromAggregateTracker - Pull Formulário da Vigilancia Hospitalar - Start downloading form
2026-03-01 16:09:16,823 [ForkJoinPool-22-worker-15] INFO  o.o.b.p.a.PullFromAggregateTracker - Pull Formulário da Recepção da Amostra - Form downloaded
2026-03-01 16:09:16,826 [ForkJoinPool-22-worker-15] INFO  o.o.b.p.a.PullFromAggregateTracker - Pull Formulário da Recepção da Amostra - Start getting form manifest
2026-03-01 16:09:17,014 [ForkJoinPool-22-worker-4] INFO  o.o.b.p.a.PullFromAggregateTracker - Pull VIGILÂNCIA  AMBIENTAL - Form downloaded
2026-03-01 16:09:17,016 [ForkJoinPool-22-worker-4] INFO  o.o.b.p.a.PullFromAggregateTracker - Pull VIGILÂNCIA  AMBIENTAL - Start getting form manifest
2026-03-01 16:09:17,094 [ForkJoinPool-22-worker-10] INFO  o.o.b.p.a.PullFromAggregateTracker - Pull Formulario da  Componente  Genomica (IDS) - Form downloaded
2026-03-01 16:09:17,096 [ForkJoinPool-22-worker-10] INFO  o.o.b.p.a.PullFromAggregateTracker - Pull Formulario da  Componente  Genomica (IDS) - Start getting submission IDs
2026-03-01 16:09:17,486 [ForkJoinPool-22-worker-2] INFO  o.o.b.p.a.PullFromAggregateTracker - Pull Formulário da Vigilancia Hospitalar - Laboratório - Form downloaded
2026-03-01 16:09:17,488 [ForkJoinPool-22-worker-2] INFO  o.o.b.p.a.PullFromAggregateTracker - Pull Formulário da Vigilancia Hospitalar - Laboratório - Start getting form manifest
2026-03-01 16:09:17,530 [ForkJoinPool-22-worker-3] INFO  o.o.b.p.a.PullFromAggregateTracker - Pull Formulário da Vigilancia Hospitalar - Laboratório - Form downloaded
2026-03-01 16:09:17,536 [ForkJoinPool-22-worker-3] INFO  o.o.b.p.a.PullFromAggregateTracker - Pull Formulário da Vigilancia Hospitalar - Laboratório - Start getting submission IDs
2026-03-01 16:09:17,605 [ForkJoinPool-22-worker-15] INFO  o.o.b.p.a.PullFromAggregateTracker - Pull Formulário da Recepção da Amostra - Got the form manifest
2026-03-01 16:09:17,605 [ForkJoinPool-22-worker-15] INFO  o.o.b.p.a.PullFromAggregateTracker - Pull Formulário da Recepção da Amostra - Skipping 1 form attachments that have been already downloaded
2026-03-01 16:09:17,605 [ForkJoinPool-22-worker-15] INFO  o.o.b.p.a.PullFromAggregateTracker - Pull Formulário da Recepção da Amostra - Start getting submission IDs
2026-03-01 16:09:17,787 [ForkJoinPool-22-worker-4] INFO  o.o.b.p.a.PullFromAggregateTracker - Pull VIGILÂNCIA  AMBIENTAL - Got the form manifest
2026-03-01 16:09:17,787 [ForkJoinPool-22-worker-4] INFO  o.o.b.p.a.PullFromAggregateTracker - Pull VIGILÂNCIA  AMBIENTAL - Skipping 1 form attachments that have been already downloaded
2026-03-01 16:09:17,789 [ForkJoinPool-22-worker-4] INFO  o.o.b.p.a.PullFromAggregateTracker - Pull VIGILÂNCIA  AMBIENTAL - Start getting submission IDs
2026-03-01 16:09:17,939 [ForkJoinPool-22-worker-13] INFO  o.o.b.p.a.PullFromAggregateTracker - Pull Formulário da Vigilancia Comunitaria - Form downloaded
2026-03-01 16:09:17,968 [ForkJoinPool-22-worker-10] INFO  o.o.b.p.a.PullFromAggregateTracker - Pull Formulario da  Componente  Genomica (IDS) - Got all the submission IDs
2026-03-01 16:09:18,003 [ForkJoinPool-22-worker-2] INFO  o.o.b.p.a.PullFromAggregateTracker - Pull Formulário da Vigilancia Hospitalar - Laboratório - Got the form manifest
2026-03-01 16:09:18,056 [ForkJoinPool-22-worker-11] INFO  o.o.b.p.a.PullFromAggregateTracker - Pull Formulário da Vigilancia Hospitalar - Form downloaded
2026-03-01 16:09:18,082 [ForkJoinPool-22-worker-13] INFO  o.o.b.p.a.PullFromAggregateTracker - Pull Formulário da Vigilancia Comunitaria - Start getting form manifest
2026-03-01 16:09:18,082 [ForkJoinPool-22-worker-11] INFO  o.o.b.p.a.PullFromAggregateTracker - Pull Formulário da Vigilancia Hospitalar - Start getting form manifest
2026-03-01 16:09:18,082 [ForkJoinPool-22-worker-2] INFO  o.o.b.p.a.PullFromAggregateTracker - Pull Formulário da Vigilancia Hospitalar - Laboratório - Skipping 1 form attachments that have been already downloaded
2026-03-01 16:09:18,085 [ForkJoinPool-22-worker-2] INFO  o.o.b.p.a.PullFromAggregateTracker - Pull Formulário da Vigilancia Hospitalar - Laboratório - Start getting submission IDs
2026-03-01 16:09:18,142 [ForkJoinPool-22-worker-10] INFO  o.o.b.p.a.PullFromAggregateTracker - Push Formulario da  Componente  Genomica (IDS) - There are no submissions to download
2026-03-01 16:09:18,165 [ForkJoinPool-22-worker-10] INFO  o.o.b.p.a.PullFromAggregateTracker - Pull Formulario da  Componente  Genomica (IDS) - Success
2026-03-01 16:09:18,174 [ForkJoinPool-22-worker-10] INFO  o.o.b.p.a.PullFromAggregateTracker - Pull Formulário da Vigilancia Hospitalar - Start pulling form and submissions
2026-03-01 16:09:18,175 [ForkJoinPool-22-worker-10] INFO  o.o.b.p.a.PullFromAggregateTracker - Pull Formulário da Vigilancia Hospitalar - Start downloading form
2026-03-01 16:09:18,267 [ForkJoinPool-22-worker-3] INFO  o.o.b.p.a.PullFromAggregateTracker - Pull Formulário da Vigilancia Hospitalar - Laboratório - Got all the submission IDs
2026-03-01 16:09:18,297 [ForkJoinPool-22-worker-3] INFO  o.o.b.p.a.PullFromAggregateTracker - Push Formulário da Vigilancia Hospitalar - Laboratório - There are no submissions to download
2026-03-01 16:09:18,320 [ForkJoinPool-22-worker-3] INFO  o.o.b.p.a.PullFromAggregateTracker - Pull Formulário da Vigilancia Hospitalar - Laboratório - Success
2026-03-01 16:09:18,330 [ForkJoinPool-22-worker-3] INFO  o.o.b.p.a.PullFromAggregateTracker - Pull VIGILÂNCIA  AMBIENTAL - Start pulling form and submissions
2026-03-01 16:09:18,332 [ForkJoinPool-22-worker-3] INFO  o.o.b.p.a.PullFromAggregateTracker - Pull VIGILÂNCIA  AMBIENTAL - Start downloading form
2026-03-01 16:09:18,437 [ForkJoinPool-22-worker-8] INFO  o.o.b.p.a.PullFromAggregateTracker - Pull Formulário da Vigilancia Comunitaria - Form downloaded
2026-03-01 16:09:18,437 [ForkJoinPool-22-worker-8] INFO  o.o.b.p.a.PullFromAggregateTracker - Pull Formulário da Vigilancia Comunitaria - Start getting submission IDs
2026-03-01 16:09:18,455 [AWT-EventQueue-0] INFO  XFormParser - Reading XML and parsing with kXML2 finished in 149.572 ms
2026-03-01 16:09:18,494 [ForkJoinPool-22-worker-11] INFO  o.o.b.p.a.PullFromAggregateTracker - Pull Formulário da Vigilancia Hospitalar - Got the form manifest
2026-03-01 16:09:18,494 [ForkJoinPool-22-worker-13] INFO  o.o.b.p.a.PullFromAggregateTracker - Pull Formulário da Vigilancia Comunitaria - Got the form manifest
2026-03-01 16:09:18,496 [ForkJoinPool-22-worker-11] INFO  o.o.b.p.a.PullFromAggregateTracker - Pull Formulário da Vigilancia Hospitalar - Skipping 1 form attachments that have been already downloaded
2026-03-01 16:09:18,496 [ForkJoinPool-22-worker-13] INFO  o.o.b.p.a.PullFromAggregateTracker - Pull Formulário da Vigilancia Comunitaria - Skipping 1 form attachments that have been already downloaded
2026-03-01 16:09:18,496 [ForkJoinPool-22-worker-13] INFO  o.o.b.p.a.PullFromAggregateTracker - Pull Formulário da Vigilancia Comunitaria - Start getting submission IDs
2026-03-01 16:09:18,498 [ForkJoinPool-22-worker-11] INFO  o.o.b.p.a.PullFromAggregateTracker - Pull Formulário da Vigilancia Hospitalar - Start getting submission IDs
2026-03-01 16:09:18,526 [AWT-EventQueue-0] INFO  XFormParser - Consolidating text finished in 67.920 ms
2026-03-01 16:09:18,526 [AWT-EventQueue-0] INFO  XFormParser - Parsing form...
2026-03-01 16:09:18,529 [AWT-EventQueue-0] INFO  XFormParser - Title: "Formulário da Vigilancia Comunitaria"
2026-03-01 16:09:18,529 [AWT-EventQueue-0] WARN  XFormParser - XForm Parse Warning: Warning: 1 Unrecognized attributes found in Element [model] and will be ignored: [xforms-version] 
    Problem found at nodeset: /html/head/model
    With element <model xforms-version="1.0.0"><instance><data id="Comunidade" version="1" prefix="Comunidade" delimiter="$">...

2026-03-01 16:09:18,767 [ForkJoinPool-22-worker-4] INFO  o.o.b.p.a.PullFromAggregateTracker - Pull VIGILÂNCIA  AMBIENTAL - Got all the submission IDs
2026-03-01 16:09:18,768 [ForkJoinPool-22-worker-15] INFO  o.o.b.p.a.PullFromAggregateTracker - Pull Formulário da Recepção da Amostra - Got all the submission IDs
2026-03-01 16:09:18,777 [ForkJoinPool-22-worker-15] INFO  o.o.b.p.a.PullFromAggregateTracker - Push Formulário da Recepção da Amostra - There are no submissions to download
2026-03-01 16:09:18,779 [ForkJoinPool-22-worker-3] INFO  o.o.b.p.a.PullFromAggregateTracker - Pull VIGILÂNCIA  AMBIENTAL - Form downloaded
2026-03-01 16:09:18,780 [ForkJoinPool-22-worker-3] INFO  o.o.b.p.a.PullFromAggregateTracker - Pull VIGILÂNCIA  AMBIENTAL - Start getting submission IDs
2026-03-01 16:09:18,791 [ForkJoinPool-22-worker-4] INFO  o.o.b.p.a.PullFromAggregateTracker - Push VIGILÂNCIA  AMBIENTAL - There are no submissions to download
2026-03-01 16:09:18,792 [ForkJoinPool-22-worker-15] INFO  o.o.b.p.a.PullFromAggregateTracker - Pull Formulário da Recepção da Amostra - Success
2026-03-01 16:09:18,796 [ForkJoinPool-22-worker-15] INFO  o.o.b.p.a.PullFromAggregateTracker - Pull VIGILÂNCIA  AMBIENTAL - Start pulling form and submissions
2026-03-01 16:09:18,797 [ForkJoinPool-22-worker-15] INFO  o.o.b.p.a.PullFromAggregateTracker - Pull VIGILÂNCIA  AMBIENTAL - Start downloading form
2026-03-01 16:09:18,799 [ForkJoinPool-22-worker-4] INFO  o.o.b.p.a.PullFromAggregateTracker - Pull VIGILÂNCIA  AMBIENTAL - Success
2026-03-01 16:09:18,805 [ForkJoinPool-22-worker-4] INFO  o.o.b.p.a.PullFromAggregateTracker - Pull Formulário da Vigilancia Comunitaria - Start pulling form and submissions
2026-03-01 16:09:18,805 [ForkJoinPool-22-worker-4] INFO  o.o.b.p.a.PullFromAggregateTracker - Pull Formulário da Vigilancia Comunitaria - Start downloading form
2026-03-01 16:09:18,825 [AWT-EventQueue-0] INFO  XFormParser - Creating FormDef from parsed XML finished in 298.511 ms
2026-03-01 16:09:18,911 [AWT-EventQueue-0] INFO  XFormParser - Reading XML and parsing with kXML2 finished in 38.194 ms
2026-03-01 16:09:18,941 [AWT-EventQueue-0] INFO  XFormParser - Consolidating text finished in 28.964 ms
2026-03-01 16:09:18,942 [AWT-EventQueue-0] INFO  XFormParser - Parsing form...
2026-03-01 16:09:18,942 [AWT-EventQueue-0] INFO  XFormParser - Title: "Formulário da Vigilancia Hospitalar"
2026-03-01 16:09:18,942 [AWT-EventQueue-0] WARN  XFormParser - XForm Parse Warning: Warning: 1 Unrecognized attributes found in Element [model] and will be ignored: [xforms-version] 
    Problem found at nodeset: /html/head/model
    With element <model xforms-version="1.0.0"><instance><data id="hospitalar_v1" version="1" prefix="Hospitalar" delimiter="$">...

2026-03-01 16:09:19,007 [AWT-EventQueue-0] INFO  XFormParser - Creating FormDef from parsed XML finished in 64.226 ms
2026-03-01 16:09:19,013 [AWT-EventQueue-0] INFO  XFormParser - Reading XML and parsing with kXML2 finished in 0.434 ms
2026-03-01 16:09:19,014 [AWT-EventQueue-0] INFO  XFormParser - Consolidating text finished in 1.261 ms
2026-03-01 16:09:19,014 [AWT-EventQueue-0] INFO  XFormParser - Parsing form...
2026-03-01 16:09:19,014 [AWT-EventQueue-0] INFO  XFormParser - Title: "Formulário da Vigilancia Hospitalar - Laboratório"
2026-03-01 16:09:19,014 [AWT-EventQueue-0] WARN  XFormParser - XForm Parse Warning: Warning: 1 Unrecognized attributes found in Element [model] and will be ignored: [xforms-version] 
    Problem found at nodeset: /html/head/model
    With element <model xforms-version="1.0.0"><instance><data id="hospitalar_ib_v1" version="2" prefix="Hospitalar LB" delimiter="$">...

2026-03-01 16:09:19,018 [ForkJoinPool-22-worker-2] INFO  o.o.b.p.a.PullFromAggregateTracker - Pull Formulário da Vigilancia Hospitalar - Laboratório - Got all the submission IDs
2026-03-01 16:09:19,025 [AWT-EventQueue-0] INFO  XFormParser - Creating FormDef from parsed XML finished in 10.860 ms
2026-03-01 16:09:19,026 [ForkJoinPool-22-worker-11] INFO  o.o.b.p.a.PullFromAggregateTracker - Pull Formulário da Vigilancia Hospitalar - Got all the submission IDs
2026-03-01 16:09:19,031 [ForkJoinPool-22-worker-2] INFO  o.o.b.p.a.PullFromAggregateTracker - Pull Formulário da Vigilancia Hospitalar - Laboratório - Start downloading submission 1 of 3
2026-03-01 16:09:19,033 [ForkJoinPool-22-worker-3] INFO  o.o.b.p.a.PullFromAggregateTracker - Pull VIGILÂNCIA  AMBIENTAL - Got all the submission IDs
2026-03-01 16:09:19,037 [ForkJoinPool-22-worker-3] INFO  o.o.b.p.a.PullFromAggregateTracker - Push VIGILÂNCIA  AMBIENTAL - There are no submissions to download
2026-03-01 16:09:19,038 [ForkJoinPool-22-worker-3] INFO  o.o.b.p.a.PullFromAggregateTracker - Pull VIGILÂNCIA  AMBIENTAL - Success
2026-03-01 16:09:19,042 [AWT-EventQueue-0] INFO  XFormParser - Reading XML and parsing with kXML2 finished in 1.068 ms
2026-03-01 16:09:19,047 [ForkJoinPool-22-worker-3] INFO  o.o.b.p.a.PullFromAggregateTracker - Pull Formulário da Vigilancia Hospitalar - Laboratório - Start downloading submission 2 of 3
2026-03-01 16:09:19,048 [AWT-EventQueue-0] INFO  XFormParser - Consolidating text finished in 5.538 ms
2026-03-01 16:09:19,048 [AWT-EventQueue-0] INFO  XFormParser - Parsing form...
2026-03-01 16:09:19,048 [AWT-EventQueue-0] INFO  XFormParser - Title: "VIGILÂNCIA  AMBIENTAL"
2026-03-01 16:09:19,049 [AWT-EventQueue-0] WARN  XFormParser - XForm Parse Warning: Warning: 1 Unrecognized attributes found in Element [model] and will be ignored: [xforms-version] 
    Problem found at nodeset: /html/head/model
    With element <model xforms-version="1.0.0"><instance><data id="VIGILÂNCIA  AMBIENTAL_v2" version="2" prefix="VIGILÂNCIA  AMBIENTAL_v2" delimiter="$">...

2026-03-01 16:09:19,120 [AWT-EventQueue-0] INFO  XFormParser - Creating FormDef from parsed XML finished in 70.336 ms
2026-03-01 16:09:19,142 [ForkJoinPool-22-worker-11] INFO  o.o.b.p.a.PullFromAggregateTracker - Push Formulário da Vigilancia Hospitalar - There are no submissions to download
2026-03-01 16:09:19,148 [ForkJoinPool-22-worker-11] INFO  o.o.b.p.a.PullFromAggregateTracker - Pull Formulário da Vigilancia Hospitalar - Success
2026-03-01 16:09:19,152 [ForkJoinPool-22-worker-11] INFO  o.o.b.p.a.PullFromAggregateTracker - Pull Formulário da Vigilancia Hospitalar - Laboratório - Start downloading submission 3 of 3
2026-03-01 16:09:19,247 [ForkJoinPool-22-worker-13] INFO  o.o.b.p.a.PullFromAggregateTracker - Pull Formulário da Vigilancia Comunitaria - Got all the submission IDs
2026-03-01 16:09:19,254 [ForkJoinPool-22-worker-8] INFO  o.o.b.p.a.PullFromAggregateTracker - Pull Formulário da Vigilancia Comunitaria - Got all the submission IDs
2026-03-01 16:09:20,408 [ForkJoinPool-22-worker-15] INFO  o.o.b.p.a.PullFromAggregateTracker - Pull VIGILÂNCIA  AMBIENTAL - Form downloaded
2026-03-01 16:09:20,409 [ForkJoinPool-22-worker-15] INFO  o.o.b.p.a.PullFromAggregateTracker - Pull VIGILÂNCIA  AMBIENTAL - Start getting submission IDs
2026-03-01 16:09:20,410 [ForkJoinPool-22-worker-2] INFO  o.o.b.p.a.PullFromAggregateTracker - Pull Formulário da Vigilancia Hospitalar - Laboratório - Submission 1 of 3 downloaded
2026-03-01 16:09:20,412 [ForkJoinPool-22-worker-3] INFO  o.o.b.p.a.PullFromAggregateTracker - Pull Formulário da Vigilancia Hospitalar - Laboratório - Submission 2 of 3 downloaded
2026-03-01 16:09:20,413 [ForkJoinPool-22-worker-3] INFO  o.o.b.p.a.PullFromAggregateTracker - Pull Formulário da Vigilancia Hospitalar - Start pulling form and submissions
2026-03-01 16:09:20,414 [ForkJoinPool-22-worker-3] INFO  o.o.b.p.a.PullFromAggregateTracker - Pull Formulário da Vigilancia Hospitalar - Start downloading form
2026-03-01 16:09:20,417 [ForkJoinPool-22-worker-6] INFO  o.o.b.p.a.PullFromAggregateTracker - Pull Resultados de testagem das vigilâncias - Form downloaded
2026-03-01 16:09:20,418 [ForkJoinPool-22-worker-6] INFO  o.o.b.p.a.PullFromAggregateTracker - Pull Resultados de testagem das vigilâncias - Start getting form manifest
2026-03-01 16:09:20,418 [ForkJoinPool-22-worker-9] INFO  o.o.b.p.a.PullFromAggregateTracker - Pull Formulário da Vigilancia Hospitalar - Form downloaded
2026-03-01 16:09:20,418 [ForkJoinPool-22-worker-9] INFO  o.o.b.p.a.PullFromAggregateTracker - Pull Formulário da Vigilancia Hospitalar - Start getting form manifest
2026-03-01 16:09:20,446 [ForkJoinPool-22-worker-13] INFO  o.o.b.p.a.PullFromAggregateTracker - Pull Formulário da Vigilancia Comunitaria - Start downloading submission 1 of 3
2026-03-01 16:09:20,448 [ForkJoinPool-22-worker-8] INFO  o.o.b.p.a.PullFromAggregateTracker - Pull Formulário da Vigilancia Comunitaria - Start downloading submission 1 of 10
2026-03-01 16:09:20,449 [ForkJoinPool-22-worker-10] INFO  o.o.b.p.a.PullFromAggregateTracker - Pull Formulário da Vigilancia Hospitalar - Form downloaded
2026-03-01 16:09:20,451 [AWT-EventQueue-0] INFO  XFormParser - Reading XML and parsing with kXML2 finished in 16.293 ms
2026-03-01 16:09:20,452 [ForkJoinPool-22-worker-10] INFO  o.o.b.p.a.PullFromAggregateTracker - Pull Formulário da Vigilancia Hospitalar - Start getting submission IDs
2026-03-01 16:09:20,464 [ForkJoinPool-22-worker-4] INFO  o.o.b.p.a.PullFromAggregateTracker - Pull Formulário da Vigilancia Comunitaria - Form downloaded
2026-03-01 16:09:20,464 [ForkJoinPool-22-worker-4] INFO  o.o.b.p.a.PullFromAggregateTracker - Pull Formulário da Vigilancia Comunitaria - Start getting submission IDs
2026-03-01 16:09:20,464 [AWT-EventQueue-0] INFO  XFormParser - Consolidating text finished in 13.053 ms
2026-03-01 16:09:20,464 [AWT-EventQueue-0] INFO  XFormParser - Parsing form...
2026-03-01 16:09:20,464 [AWT-EventQueue-0] INFO  XFormParser - Title: "Formulário da Vigilancia Comunitaria"
2026-03-01 16:09:20,464 [AWT-EventQueue-0] WARN  XFormParser - XForm Parse Warning: Warning: 1 Unrecognized attributes found in Element [model] and will be ignored: [xforms-version] 
    Problem found at nodeset: /html/head/model
    With element <model xforms-version="1.0.0"><instance><data id="Comunidade_v2" version="2" prefix="Comunidade_v2" delimiter="$">...

2026-03-01 16:09:20,509 [AWT-EventQueue-0] INFO  XFormParser - Creating FormDef from parsed XML finished in 44.448 ms
2026-03-01 16:09:20,588 [AWT-EventQueue-0] INFO  XFormParser - Reading XML and parsing with kXML2 finished in 61.031 ms
2026-03-01 16:09:20,599 [AWT-EventQueue-0] INFO  XFormParser - Consolidating text finished in 10.297 ms
2026-03-01 16:09:20,599 [AWT-EventQueue-0] INFO  XFormParser - Parsing form...
2026-03-01 16:09:20,599 [AWT-EventQueue-0] INFO  XFormParser - Title: "Formulário da Vigilancia Hospitalar"
2026-03-01 16:09:20,599 [AWT-EventQueue-0] WARN  XFormParser - XForm Parse Warning: Warning: 1 Unrecognized attributes found in Element [model] and will be ignored: [xforms-version] 
    Problem found at nodeset: /html/head/model
    With element <model xforms-version="1.0.0"><instance><data id="hospitalar_v3" version="3" prefix="Hospitalar_v3" delimiter="$">...

2026-03-01 16:09:20,637 [AWT-EventQueue-0] INFO  XFormParser - Creating FormDef from parsed XML finished in 38.255 ms
2026-03-01 16:09:20,666 [AWT-EventQueue-0] INFO  XFormParser - Reading XML and parsing with kXML2 finished in 10.654 ms
2026-03-01 16:09:20,673 [AWT-EventQueue-0] INFO  XFormParser - Consolidating text finished in 5.760 ms
2026-03-01 16:09:20,673 [AWT-EventQueue-0] INFO  XFormParser - Parsing form...
2026-03-01 16:09:20,673 [AWT-EventQueue-0] INFO  XFormParser - Title: "Resultados de testagem das vigilâncias"
2026-03-01 16:09:20,673 [AWT-EventQueue-0] WARN  XFormParser - XForm Parse Warning: Warning: 1 Unrecognized attributes found in Element [model] and will be ignored: [xforms-version] 
    Problem found at nodeset: /html/head/model
    With element <model xforms-version="1.0.0"><instance><data id="hospitalar_LB" version="13" prefix="Hospitalar LB" delimiter="$">...

2026-03-01 16:09:20,722 [ForkJoinPool-22-worker-6] INFO  o.o.b.p.a.PullFromAggregateTracker - Pull Resultados de testagem das vigilâncias - Got the form manifest
2026-03-01 16:09:20,722 [ForkJoinPool-22-worker-6] INFO  o.o.b.p.a.PullFromAggregateTracker - Pull Resultados de testagem das vigilâncias - Skipping 1 form attachments that have been already downloaded
2026-03-01 16:09:20,722 [ForkJoinPool-22-worker-6] INFO  o.o.b.p.a.PullFromAggregateTracker - Pull Resultados de testagem das vigilâncias - Start getting submission IDs
2026-03-01 16:09:20,727 [ForkJoinPool-22-worker-9] INFO  o.o.b.p.a.PullFromAggregateTracker - Pull Formulário da Vigilancia Hospitalar - Got the form manifest
2026-03-01 16:09:20,728 [ForkJoinPool-22-worker-9] INFO  o.o.b.p.a.PullFromAggregateTracker - Pull Formulário da Vigilancia Hospitalar - Skipping 1 form attachments that have been already downloaded
2026-03-01 16:09:20,728 [ForkJoinPool-22-worker-9] INFO  o.o.b.p.a.PullFromAggregateTracker - Pull Formulário da Vigilancia Hospitalar - Start getting submission IDs
2026-03-01 16:09:20,740 [ForkJoinPool-22-worker-15] INFO  o.o.b.p.a.PullFromAggregateTracker - Pull VIGILÂNCIA  AMBIENTAL - Got all the submission IDs
2026-03-01 16:09:20,746 [AWT-EventQueue-0] INFO  XFormParser - Creating FormDef from parsed XML finished in 71.401 ms
2026-03-01 16:09:20,750 [ForkJoinPool-22-worker-11] INFO  o.o.b.p.a.PullFromAggregateTracker - Pull Formulário da Vigilancia Hospitalar - Laboratório - Submission 3 of 3 downloaded
2026-03-01 16:09:20,757 [ForkJoinPool-22-worker-2] INFO  o.o.b.p.a.PullFromAggregateTracker - Pull Formulário da Vigilancia Hospitalar - Laboratório - Success
2026-03-01 16:09:20,756 [ForkJoinPool-22-worker-11] INFO  o.o.b.p.a.PullFromAggregateTracker - Pull VIGILÂNCIA  AMBIENTAL - Start pulling form and submissions
2026-03-01 16:09:20,759 [ForkJoinPool-22-worker-11] INFO  o.o.b.p.a.PullFromAggregateTracker - Pull VIGILÂNCIA  AMBIENTAL - Start downloading form
2026-03-01 16:09:20,764 [ForkJoinPool-22-worker-2] INFO  o.o.b.p.a.PullFromAggregateTracker - Pull Formulário da Vigilancia Comunitaria - Start downloading submission 2 of 3
2026-03-01 16:09:20,766 [ForkJoinPool-22-worker-8] INFO  o.o.b.p.a.PullFromAggregateTracker - Pull Formulário da Vigilancia Comunitaria - Submission 1 of 10 downloaded
2026-03-01 16:09:20,766 [ForkJoinPool-22-worker-13] INFO  o.o.b.p.a.PullFromAggregateTracker - Pull Formulário da Vigilancia Comunitaria - Submission 1 of 3 downloaded
2026-03-01 16:09:20,771 [ForkJoinPool-22-worker-8] INFO  o.o.b.p.a.PullFromAggregateTracker - Pull Formulário da Vigilancia Comunitaria - Start downloading submission 2 of 10
2026-03-01 16:09:20,771 [ForkJoinPool-22-worker-15] INFO  o.o.b.p.a.PullFromAggregateTracker - Push VIGILÂNCIA  AMBIENTAL - There are no submissions to download
2026-03-01 16:09:20,772 [ForkJoinPool-22-worker-13] INFO  o.o.b.p.a.PullFromAggregateTracker - Pull Formulário da Vigilancia Comunitaria - Start downloading submission 3 of 3
2026-03-01 16:09:20,774 [AWT-EventQueue-0] INFO  XFormParser - Reading XML and parsing with kXML2 finished in 11.991 ms
2026-03-01 16:09:20,776 [ForkJoinPool-22-worker-15] INFO  o.o.b.p.a.PullFromAggregateTracker - Pull VIGILÂNCIA  AMBIENTAL - Success
2026-03-01 16:09:20,777 [AWT-EventQueue-0] INFO  XFormParser - Consolidating text finished in 2.958 ms
2026-03-01 16:09:20,777 [ForkJoinPool-22-worker-15] INFO  o.o.b.p.a.PullFromAggregateTracker - Pull Formulário da Vigilancia Comunitaria - Start pulling form and submissions
2026-03-01 16:09:20,777 [AWT-EventQueue-0] INFO  XFormParser - Parsing form...
2026-03-01 16:09:20,777 [AWT-EventQueue-0] INFO  XFormParser - Title: "VIGILÂNCIA  AMBIENTAL"
2026-03-01 16:09:20,777 [ForkJoinPool-22-worker-15] INFO  o.o.b.p.a.PullFromAggregateTracker - Pull Formulário da Vigilancia Comunitaria - Start downloading form
2026-03-01 16:09:20,777 [AWT-EventQueue-0] WARN  XFormParser - XForm Parse Warning: Warning: 1 Unrecognized attributes found in Element [model] and will be ignored: [xforms-version] 
    Problem found at nodeset: /html/head/model
    With element <model xforms-version="1.0.0"><instance><data id="VIGILÂNCIA  AMBIENTAL_v3" version="3" prefix="VIGILÂNCIA  AMBIENTAL_v3" delimiter="$">...

2026-03-01 16:09:20,811 [AWT-EventQueue-0] INFO  XFormParser - Creating FormDef from parsed XML finished in 33.131 ms
2026-03-01 16:09:20,911 [AWT-EventQueue-0] INFO  XFormParser - Reading XML and parsing with kXML2 finished in 15.828 ms
2026-03-01 16:09:20,918 [AWT-EventQueue-0] INFO  XFormParser - Consolidating text finished in 6.748 ms
2026-03-01 16:09:20,918 [AWT-EventQueue-0] INFO  XFormParser - Parsing form...
2026-03-01 16:09:20,918 [AWT-EventQueue-0] INFO  XFormParser - Title: "Formulário da Vigilancia Comunitaria"
2026-03-01 16:09:20,918 [AWT-EventQueue-0] WARN  XFormParser - XForm Parse Warning: Warning: 1 Unrecognized attributes found in Element [model] and will be ignored: [xforms-version] 
    Problem found at nodeset: /html/head/model
    With element <model xforms-version="1.0.0"><instance><data id="Comunidade_v3" version="1" prefix="Comunidade_v3" delimiter="$">...

2026-03-01 16:09:20,949 [ForkJoinPool-22-worker-10] INFO  o.o.b.p.a.PullFromAggregateTracker - Pull Formulário da Vigilancia Hospitalar - Got all the submission IDs
2026-03-01 16:09:20,967 [ForkJoinPool-22-worker-4] INFO  o.o.b.p.a.PullFromAggregateTracker - Pull Formulário da Vigilancia Comunitaria - Got all the submission IDs
2026-03-01 16:09:20,970 [ForkJoinPool-22-worker-9] INFO  o.o.b.p.a.PullFromAggregateTracker - Pull Formulário da Vigilancia Hospitalar - Got all the submission IDs
2026-03-01 16:09:20,973 [ForkJoinPool-22-worker-6] INFO  o.o.b.p.a.PullFromAggregateTracker - Pull Resultados de testagem das vigilâncias - Got all the submission IDs
2026-03-01 16:09:20,974 [AWT-EventQueue-0] INFO  XFormParser - Creating FormDef from parsed XML finished in 55.522 ms
2026-03-01 16:09:21,059 [ForkJoinPool-22-worker-11] INFO  o.o.b.p.a.PullFromAggregateTracker - Pull VIGILÂNCIA  AMBIENTAL - Form downloaded
2026-03-01 16:09:21,061 [ForkJoinPool-22-worker-11] INFO  o.o.b.p.a.PullFromAggregateTracker - Pull VIGILÂNCIA  AMBIENTAL - Start getting submission IDs
2026-03-01 16:09:21,062 [ForkJoinPool-22-worker-2] INFO  o.o.b.p.a.PullFromAggregateTracker - Pull Formulário da Vigilancia Comunitaria - Submission 2 of 3 downloaded
2026-03-01 16:09:21,064 [ForkJoinPool-22-worker-2] INFO  o.o.b.p.a.PullFromAggregateTracker - Pull Formulário da Vigilancia Hospitalar - Start pulling form and submissions
2026-03-01 16:09:21,064 [ForkJoinPool-22-worker-2] INFO  o.o.b.p.a.PullFromAggregateTracker - Pull Formulário da Vigilancia Hospitalar - Start downloading form
2026-03-01 16:09:21,101 [AWT-EventQueue-0] INFO  XFormParser - Reading XML and parsing with kXML2 finished in 4.198 ms
2026-03-01 16:09:21,102 [ForkJoinPool-22-worker-6] INFO  o.o.b.p.a.PullFromAggregateTracker - Push Resultados de testagem das vigilâncias - There are no submissions to download
2026-03-01 16:09:21,103 [AWT-EventQueue-0] INFO  XFormParser - Consolidating text finished in 1.840 ms
2026-03-01 16:09:21,103 [AWT-EventQueue-0] INFO  XFormParser - Parsing form...
2026-03-01 16:09:21,104 [AWT-EventQueue-0] INFO  XFormParser - Title: "VIGILÂNCIA  AMBIENTAL"
2026-03-01 16:09:21,105 [AWT-EventQueue-0] WARN  XFormParser - XForm Parse Warning: Warning: 1 Unrecognized attributes found in Element [model] and will be ignored: [xforms-version] 
    Problem found at nodeset: /html/head/model
    With element <model xforms-version="1.0.0"><instance><data id="VIGILÂNCIA AMBIENTAL_v4" version="4" prefix="VIGILÂNCIA AMBIENTAL_v4" delimiter="$">...

2026-03-01 16:09:21,105 [ForkJoinPool-22-worker-10] INFO  o.o.b.p.a.PullFromAggregateTracker - Push Formulário da Vigilancia Hospitalar - There are no submissions to download
2026-03-01 16:09:21,107 [ForkJoinPool-22-worker-6] INFO  o.o.b.p.a.PullFromAggregateTracker - Pull Resultados de testagem das vigilâncias - Success
2026-03-01 16:09:21,112 [ForkJoinPool-22-worker-10] INFO  o.o.b.p.a.PullFromAggregateTracker - Pull Formulário da Vigilancia Hospitalar - Success
2026-03-01 16:09:21,113 [ForkJoinPool-22-worker-6] INFO  o.o.b.p.a.PullFromAggregateTracker - Pull Resultados de testagem das vigilâncias - Start pulling form and submissions
2026-03-01 16:09:21,113 [ForkJoinPool-22-worker-6] INFO  o.o.b.p.a.PullFromAggregateTracker - Pull Resultados de testagem das vigilâncias - Start downloading form
2026-03-01 16:09:21,115 [ForkJoinPool-22-worker-10] INFO  o.o.b.p.a.PullFromAggregateTracker - Pull Formulário da Vigilancia Hospitalar - Start pulling form and submissions
2026-03-01 16:09:21,116 [ForkJoinPool-22-worker-10] INFO  o.o.b.p.a.PullFromAggregateTracker - Pull Formulário da Vigilancia Hospitalar - Start downloading form
2026-03-01 16:09:21,126 [ForkJoinPool-22-worker-9] INFO  o.o.b.p.a.PullFromAggregateTracker - Push Formulário da Vigilancia Hospitalar - There are no submissions to download
2026-03-01 16:09:21,128 [ForkJoinPool-22-worker-4] INFO  o.o.b.p.a.PullFromAggregateTracker - Push Formulário da Vigilancia Comunitaria - There are no submissions to download
2026-03-01 16:09:21,128 [ForkJoinPool-22-worker-9] INFO  o.o.b.p.a.PullFromAggregateTracker - Pull Formulário da Vigilancia Hospitalar - Success
2026-03-01 16:09:21,130 [ForkJoinPool-22-worker-4] INFO  o.o.b.p.a.PullFromAggregateTracker - Pull Formulário da Vigilancia Comunitaria - Success
2026-03-01 16:09:21,131 [ForkJoinPool-22-worker-9] INFO  o.o.b.p.a.PullFromAggregateTracker - Pull Formulário da Vigilancia Hospitalar - Laboratório - Start pulling form and submissions
2026-03-01 16:09:21,131 [ForkJoinPool-22-worker-9] INFO  o.o.b.p.a.PullFromAggregateTracker - Pull Formulário da Vigilancia Hospitalar - Laboratório - Start downloading form
2026-03-01 16:09:21,132 [ForkJoinPool-22-worker-4] INFO  o.o.b.p.a.PullFromAggregateTracker - Pull Formulário da Vigilancia Hospitalar - Laboratório - Start pulling form and submissions
2026-03-01 16:09:21,132 [ForkJoinPool-22-worker-4] INFO  o.o.b.p.a.PullFromAggregateTracker - Pull Formulário da Vigilancia Hospitalar - Laboratório - Start downloading form
2026-03-01 16:09:21,134 [AWT-EventQueue-0] INFO  XFormParser - Creating FormDef from parsed XML finished in 31.691 ms
2026-03-01 16:09:21,186 [ForkJoinPool-22-worker-13] INFO  o.o.b.p.a.PullFromAggregateTracker - Pull Formulário da Vigilancia Comunitaria - Submission 3 of 3 downloaded
2026-03-01 16:09:21,186 [ForkJoinPool-22-worker-13] INFO  o.o.b.p.a.PullFromAggregateTracker - Pull Formulário da Vigilancia Comunitaria - Success
2026-03-01 16:09:21,189 [ForkJoinPool-22-worker-13] INFO  o.o.b.p.a.PullFromAggregateTracker - Pull Formulário da Vigilancia Comunitaria - Start downloading submission 3 of 10
2026-03-01 16:09:21,192 [ForkJoinPool-22-worker-8] INFO  o.o.b.p.a.PullFromAggregateTracker - Pull Formulário da Vigilancia Comunitaria - Submission 2 of 10 downloaded
2026-03-01 16:09:21,193 [ForkJoinPool-22-worker-8] INFO  o.o.b.p.a.PullFromAggregateTracker - Pull Formulário da Vigilancia Comunitaria - Start downloading submission 4 of 10
2026-03-01 16:09:21,419 [ForkJoinPool-22-worker-11] INFO  o.o.b.p.a.PullFromAggregateTracker - Pull VIGILÂNCIA  AMBIENTAL - Got all the submission IDs
2026-03-01 16:09:21,420 [ForkJoinPool-22-worker-9] INFO  o.o.b.p.a.PullFromAggregateTracker - Pull Formulário da Vigilancia Hospitalar - Laboratório - Form downloaded
2026-03-01 16:09:21,420 [ForkJoinPool-22-worker-9] INFO  o.o.b.p.a.PullFromAggregateTracker - Pull Formulário da Vigilancia Hospitalar - Laboratório - Start getting submission IDs
2026-03-01 16:09:21,427 [ForkJoinPool-22-worker-11] INFO  o.o.b.p.a.PullFromAggregateTracker - Push VIGILÂNCIA  AMBIENTAL - There are no submissions to download
2026-03-01 16:09:21,429 [ForkJoinPool-22-worker-11] INFO  o.o.b.p.a.PullFromAggregateTracker - Pull VIGILÂNCIA  AMBIENTAL - Success
2026-03-01 16:09:21,432 [ForkJoinPool-22-worker-11] INFO  o.o.b.p.a.PullFromAggregateTracker - Pull Formulário da Vigilancia Comunitaria - Start downloading submission 5 of 10
2026-03-01 16:09:21,501 [AWT-EventQueue-0] INFO  XFormParser - Reading XML and parsing with kXML2 finished in 0.865 ms
2026-03-01 16:09:21,503 [AWT-EventQueue-0] INFO  XFormParser - Consolidating text finished in 0.325 ms
2026-03-01 16:09:21,503 [AWT-EventQueue-0] INFO  XFormParser - Parsing form...
2026-03-01 16:09:21,503 [AWT-EventQueue-0] INFO  XFormParser - Title: "Formulário da Vigilancia Hospitalar - Laboratório"
2026-03-01 16:09:21,503 [AWT-EventQueue-0] WARN  XFormParser - XForm Parse Warning: Warning: 1 Unrecognized attributes found in Element [model] and will be ignored: [xforms-version] 
    Problem found at nodeset: /html/head/model
    With element <model xforms-version="1.0.0"><instance><data id="hospitalar_ib_v2" version="1" prefix="hospitalar_ib_v2" delimiter="$">...

2026-03-01 16:09:21,516 [AWT-EventQueue-0] INFO  XFormParser - Creating FormDef from parsed XML finished in 13.173 ms
2026-03-01 16:09:21,652 [ForkJoinPool-22-worker-6] INFO  o.o.b.p.a.PullFromAggregateTracker - Pull Resultados de testagem das vigilâncias - Form downloaded
2026-03-01 16:09:21,652 [ForkJoinPool-22-worker-6] INFO  o.o.b.p.a.PullFromAggregateTracker - Pull Resultados de testagem das vigilâncias - Start getting submission IDs
2026-03-01 16:09:21,664 [ForkJoinPool-22-worker-4] INFO  o.o.b.p.a.PullFromAggregateTracker - Pull Formulário da Vigilancia Hospitalar - Laboratório - Form downloaded
2026-03-01 16:09:21,665 [ForkJoinPool-22-worker-4] INFO  o.o.b.p.a.PullFromAggregateTracker - Pull Formulário da Vigilancia Hospitalar - Laboratório - Start getting submission IDs
2026-03-01 16:09:21,670 [ForkJoinPool-22-worker-1] INFO  o.o.b.p.a.PullFromAggregateTracker - Pull Formulário da Vigilancia Hospitalar - Form downloaded
2026-03-01 16:09:21,671 [ForkJoinPool-22-worker-1] INFO  o.o.b.p.a.PullFromAggregateTracker - Pull Formulário da Vigilancia Hospitalar - Start getting form manifest
2026-03-01 16:09:21,677 [ForkJoinPool-22-worker-13] INFO  o.o.b.p.a.PullFromAggregateTracker - Pull Formulário da Vigilancia Comunitaria - Submission 3 of 10 downloaded
2026-03-01 16:09:21,677 [ForkJoinPool-22-worker-13] INFO  o.o.b.p.a.PullFromAggregateTracker - Pull Formulário da Vigilancia Comunitaria - Start downloading submission 6 of 10
2026-03-01 16:09:21,735 [AWT-EventQueue-0] INFO  XFormParser - Reading XML and parsing with kXML2 finished in 15.506 ms
2026-03-01 16:09:21,742 [AWT-EventQueue-0] INFO  XFormParser - Consolidating text finished in 6.682 ms
2026-03-01 16:09:21,742 [AWT-EventQueue-0] INFO  XFormParser - Parsing form...
2026-03-01 16:09:21,743 [AWT-EventQueue-0] INFO  XFormParser - Title: "Formulário da Vigilancia Hospitalar"
2026-03-01 16:09:21,743 [AWT-EventQueue-0] WARN  XFormParser - XForm Parse Warning: Warning: 1 Unrecognized attributes found in Element [model] and will be ignored: [xforms-version] 
    Problem found at nodeset: /html/head/model
    With element <model xforms-version="1.0.0"><instance><data id="hospitalar_v2" version="1" prefix="Hospitalar" delimiter="$">...

2026-03-01 16:09:21,804 [AWT-EventQueue-0] INFO  XFormParser - Creating FormDef from parsed XML finished in 61.307 ms
2026-03-01 16:09:21,809 [AWT-EventQueue-0] INFO  XFormParser - Reading XML and parsing with kXML2 finished in 3.020 ms
2026-03-01 16:09:21,811 [AWT-EventQueue-0] INFO  XFormParser - Consolidating text finished in 0.704 ms
2026-03-01 16:09:21,811 [AWT-EventQueue-0] INFO  XFormParser - Parsing form...
2026-03-01 16:09:21,812 [AWT-EventQueue-0] INFO  XFormParser - Title: "Formulário da Vigilancia Hospitalar - Laboratório"
2026-03-01 16:09:21,812 [AWT-EventQueue-0] WARN  XFormParser - XForm Parse Warning: Warning: 1 Unrecognized attributes found in Element [model] and will be ignored: [xforms-version] 
    Problem found at nodeset: /html/head/model
    With element <model xforms-version="1.0.0"><instance><data id="hospitalar_ib_v3" version="3" prefix="hospitalar_ib_v3" delimiter="$">...

2026-03-01 16:09:21,819 [AWT-EventQueue-0] INFO  XFormParser - Creating FormDef from parsed XML finished in 8.396 ms
2026-03-01 16:09:21,831 [AWT-EventQueue-0] INFO  XFormParser - Reading XML and parsing with kXML2 finished in 3.216 ms
2026-03-01 16:09:21,833 [AWT-EventQueue-0] INFO  XFormParser - Consolidating text finished in 1.081 ms
2026-03-01 16:09:21,833 [AWT-EventQueue-0] INFO  XFormParser - Parsing form...
2026-03-01 16:09:21,833 [AWT-EventQueue-0] INFO  XFormParser - Title: "Resultados de testagem das vigilâncias"
2026-03-01 16:09:21,833 [AWT-EventQueue-0] WARN  XFormParser - XForm Parse Warning: Warning: 1 Unrecognized attributes found in Element [model] and will be ignored: [xforms-version] 
    Problem found at nodeset: /html/head/model
    With element <model xforms-version="1.0.0"><instance><data id="hospitalar_LB_v2" version="2" prefix="Hospitalar LB_v2" delimiter="$">...

2026-03-01 16:09:21,874 [ForkJoinPool-22-worker-9] INFO  o.o.b.p.a.PullFromAggregateTracker - Pull Formulário da Vigilancia Hospitalar - Laboratório - Got all the submission IDs
2026-03-01 16:09:21,877 [AWT-EventQueue-0] INFO  XFormParser - Creating FormDef from parsed XML finished in 43.119 ms
2026-03-01 16:09:21,878 [ForkJoinPool-22-worker-9] INFO  o.o.b.p.a.PullFromAggregateTracker - Push Formulário da Vigilancia Hospitalar - Laboratório - There are no submissions to download
2026-03-01 16:09:21,889 [ForkJoinPool-22-worker-8] INFO  o.o.b.p.a.PullFromAggregateTracker - Pull Formulário da Vigilancia Comunitaria - Submission 4 of 10 downloaded
2026-03-01 16:09:21,891 [ForkJoinPool-22-worker-8] INFO  o.o.b.p.a.PullFromAggregateTracker - Pull Formulário da Vigilancia Comunitaria - Start downloading submission 7 of 10
2026-03-01 16:09:21,893 [ForkJoinPool-22-worker-9] INFO  o.o.b.p.a.PullFromAggregateTracker - Pull Formulário da Vigilancia Hospitalar - Laboratório - Success
2026-03-01 16:09:21,900 [ForkJoinPool-22-worker-9] INFO  o.o.b.p.a.PullFromAggregateTracker - Pull Formulário da Vigilancia Comunitaria - Start downloading submission 8 of 10
2026-03-01 16:09:21,909 [ForkJoinPool-22-worker-6] INFO  o.o.b.p.a.PullFromAggregateTracker - Pull Resultados de testagem das vigilâncias - Got all the submission IDs
2026-03-01 16:09:21,911 [ForkJoinPool-22-worker-11] INFO  o.o.b.p.a.PullFromAggregateTracker - Pull Formulário da Vigilancia Comunitaria - Submission 5 of 10 downloaded
2026-03-01 16:09:21,912 [ForkJoinPool-22-worker-11] INFO  o.o.b.p.a.PullFromAggregateTracker - Pull Formulário da Vigilancia Comunitaria - Start downloading submission 9 of 10
2026-03-01 16:09:21,918 [ForkJoinPool-22-worker-6] INFO  o.o.b.p.a.PullFromAggregateTracker - Push Resultados de testagem das vigilâncias - There are no submissions to download
2026-03-01 16:09:21,932 [ForkJoinPool-22-worker-6] INFO  o.o.b.p.a.PullFromAggregateTracker - Pull Resultados de testagem das vigilâncias - Success
2026-03-01 16:09:21,935 [ForkJoinPool-22-worker-6] INFO  o.o.b.p.a.PullFromAggregateTracker - Pull Formulário da Vigilancia Comunitaria - Start downloading submission 10 of 10
2026-03-01 16:09:22,106 [ForkJoinPool-22-worker-4] INFO  o.o.b.p.a.PullFromAggregateTracker - Pull Formulário da Vigilancia Hospitalar - Laboratório - Got all the submission IDs
2026-03-01 16:09:22,108 [ForkJoinPool-22-worker-4] INFO  o.o.b.p.a.PullFromAggregateTracker - Push Formulário da Vigilancia Hospitalar - Laboratório - There are no submissions to download
2026-03-01 16:09:22,108 [ForkJoinPool-22-worker-4] INFO  o.o.b.p.a.PullFromAggregateTracker - Pull Formulário da Vigilancia Hospitalar - Laboratório - Success
2026-03-01 16:09:22,137 [ForkJoinPool-22-worker-13] INFO  o.o.b.p.a.PullFromAggregateTracker - Pull Formulário da Vigilancia Comunitaria - Submission 6 of 10 downloaded
2026-03-01 16:09:22,145 [ForkJoinPool-22-worker-8] INFO  o.o.b.p.a.PullFromAggregateTracker - Pull Formulário da Vigilancia Comunitaria - Submission 7 of 10 downloaded
2026-03-01 16:09:22,337 [ForkJoinPool-22-worker-9] INFO  o.o.b.p.a.PullFromAggregateTracker - Pull Formulário da Vigilancia Comunitaria - Submission 8 of 10 downloaded
2026-03-01 16:09:22,376 [ForkJoinPool-22-worker-11] INFO  o.o.b.p.a.PullFromAggregateTracker - Pull Formulário da Vigilancia Comunitaria - Submission 9 of 10 downloaded
2026-03-01 16:09:22,379 [ForkJoinPool-22-worker-6] INFO  o.o.b.p.a.PullFromAggregateTracker - Pull Formulário da Vigilancia Comunitaria - Submission 10 of 10 downloaded
2026-03-01 16:09:22,380 [ForkJoinPool-22-worker-8] INFO  o.o.b.p.a.PullFromAggregateTracker - Pull Formulário da Vigilancia Comunitaria - Success
2026-03-01 16:09:22,544 [ForkJoinPool-22-worker-1] INFO  o.o.b.p.a.PullFromAggregateTracker - Pull Formulário da Vigilancia Hospitalar - Got the form manifest
2026-03-01 16:09:22,548 [ForkJoinPool-22-worker-1] INFO  o.o.b.p.a.PullFromAggregateTracker - Pull Formulário da Vigilancia Hospitalar - Skipping 1 form attachments that have been already downloaded
2026-03-01 16:09:22,548 [ForkJoinPool-22-worker-1] INFO  o.o.b.p.a.PullFromAggregateTracker - Pull Formulário da Vigilancia Hospitalar - Start getting submission IDs
2026-03-01 16:09:22,737 [ForkJoinPool-22-worker-2] INFO  o.o.b.p.a.PullFromAggregateTracker - Pull Formulário da Vigilancia Hospitalar - Form downloaded
2026-03-01 16:09:22,738 [ForkJoinPool-22-worker-2] INFO  o.o.b.p.a.PullFromAggregateTracker - Pull Formulário da Vigilancia Hospitalar - Start getting submission IDs
2026-03-01 16:09:22,813 [ForkJoinPool-22-worker-1] INFO  o.o.b.p.a.PullFromAggregateTracker - Pull Formulário da Vigilancia Hospitalar - Got all the submission IDs
2026-03-01 16:09:22,873 [ForkJoinPool-22-worker-1] INFO  o.o.b.p.a.PullFromAggregateTracker - Push Formulário da Vigilancia Hospitalar - There are no submissions to download
2026-03-01 16:09:22,879 [ForkJoinPool-22-worker-1] INFO  o.o.b.p.a.PullFromAggregateTracker - Pull Formulário da Vigilancia Hospitalar - Success
2026-03-01 16:09:22,978 [AWT-EventQueue-0] INFO  XFormParser - Reading XML and parsing with kXML2 finished in 23.017 ms
2026-03-01 16:09:22,984 [ForkJoinPool-22-worker-2] INFO  o.o.b.p.a.PullFromAggregateTracker - Pull Formulário da Vigilancia Hospitalar - Got all the submission IDs
2026-03-01 16:09:22,986 [AWT-EventQueue-0] INFO  XFormParser - Consolidating text finished in 9.554 ms
2026-03-01 16:09:22,988 [AWT-EventQueue-0] INFO  XFormParser - Parsing form...
2026-03-01 16:09:22,988 [AWT-EventQueue-0] INFO  XFormParser - Title: "Formulário da Vigilancia Hospitalar"
2026-03-01 16:09:22,988 [AWT-EventQueue-0] WARN  XFormParser - XForm Parse Warning: Warning: 1 Unrecognized attributes found in Element [model] and will be ignored: [xforms-version] 
    Problem found at nodeset: /html/head/model
    With element <model xforms-version="1.0.0"><instance><data id="hospitalar_v5" version="1" prefix="hospitalar_v5" delimiter="$">...

2026-03-01 16:09:22,995 [ForkJoinPool-22-worker-15] INFO  o.o.b.p.a.PullFromAggregateTracker - Pull Formulário da Vigilancia Comunitaria - Form downloaded
2026-03-01 16:09:22,996 [ForkJoinPool-22-worker-15] INFO  o.o.b.p.a.PullFromAggregateTracker - Pull Formulário da Vigilancia Comunitaria - Start getting submission IDs
2026-03-01 16:09:23,509 [ForkJoinPool-22-worker-15] INFO  o.o.b.p.a.PullFromAggregateTracker - Pull Formulário da Vigilancia Comunitaria - Got all the submission IDs
2026-03-01 16:09:23,575 [ForkJoinPool-22-worker-2] INFO  o.o.b.p.a.PullFromAggregateTracker - Push Formulário da Vigilancia Hospitalar - There are no submissions to download
2026-03-01 16:09:23,581 [ForkJoinPool-22-worker-2] INFO  o.o.b.p.a.PullFromAggregateTracker - Pull Formulário da Vigilancia Hospitalar - Success
2026-03-01 16:09:23,593 [AWT-EventQueue-0] INFO  XFormParser - Creating FormDef from parsed XML finished in 603.524 ms
2026-03-01 16:09:23,604 [ForkJoinPool-22-worker-15] INFO  o.o.b.p.a.PullFromAggregateTracker - Push Formulário da Vigilancia Comunitaria - There are no submissions to download
2026-03-01 16:09:23,604 [ForkJoinPool-22-worker-15] INFO  o.o.b.p.a.PullFromAggregateTracker - Pull Formulário da Vigilancia Comunitaria - Success
2026-03-01 16:09:23,712 [AWT-EventQueue-0] INFO  XFormParser - Reading XML and parsing with kXML2 finished in 16.630 ms
2026-03-01 16:09:23,719 [AWT-EventQueue-0] INFO  XFormParser - Consolidating text finished in 6.718 ms
2026-03-01 16:09:23,720 [AWT-EventQueue-0] INFO  XFormParser - Parsing form...
2026-03-01 16:09:23,720 [AWT-EventQueue-0] INFO  XFormParser - Title: "Formulário da Vigilancia Comunitaria"
2026-03-01 16:09:23,720 [AWT-EventQueue-0] WARN  XFormParser - XForm Parse Warning: Warning: 1 Unrecognized attributes found in Element [model] and will be ignored: [xforms-version] 
    Problem found at nodeset: /html/head/model
    With element <model xforms-version="1.0.0"><instance><data id="Comunidade_v4" version="1" prefix="Comunidade_v4" delimiter="$">...

2026-03-01 16:09:23,753 [AWT-EventQueue-0] INFO  XFormParser - Creating FormDef from parsed XML finished in 33.464 ms
2026-03-01 16:09:25,526 [ForkJoinPool-22-worker-3] INFO  o.o.b.p.a.PullFromAggregateTracker - Pull Formulário da Vigilancia Hospitalar - Form downloaded
2026-03-01 16:09:25,526 [ForkJoinPool-22-worker-3] INFO  o.o.b.p.a.PullFromAggregateTracker - Pull Formulário da Vigilancia Hospitalar - Start getting submission IDs
2026-03-01 16:09:25,789 [ForkJoinPool-22-worker-3] INFO  o.o.b.p.a.PullFromAggregateTracker - Pull Formulário da Vigilancia Hospitalar - Got all the submission IDs
2026-03-01 16:09:25,870 [ForkJoinPool-22-worker-3] INFO  o.o.b.p.a.PullFromAggregateTracker - Push Formulário da Vigilancia Hospitalar - There are no submissions to download
2026-03-01 16:09:26,363 [ForkJoinPool-22-worker-10] INFO  o.o.b.p.a.PullFromAggregateTracker - Pull Formulário da Vigilancia Hospitalar - Form downloaded
2026-03-01 16:09:26,363 [ForkJoinPool-22-worker-10] INFO  o.o.b.p.a.PullFromAggregateTracker - Pull Formulário da Vigilancia Hospitalar - Start getting submission IDs
2026-03-01 16:09:26,615 [ForkJoinPool-22-worker-10] INFO  o.o.b.p.a.PullFromAggregateTracker - Pull Formulário da Vigilancia Hospitalar - Got all the submission IDs
2026-03-01 16:09:26,711 [ForkJoinPool-22-worker-10] INFO  o.o.b.p.a.PullFromAggregateTracker - Push Formulário da Vigilancia Hospitalar - There are no submissions to download
2026-03-01 16:09:26,861 [ForkJoinPool-22-worker-3] INFO  o.o.b.p.a.PullFromAggregateTracker - Pull Formulário da Vigilancia Hospitalar - Success
2026-03-01 16:09:26,868 [ForkJoinPool-22-worker-10] INFO  o.o.b.p.a.PullFromAggregateTracker - Pull Formulário da Vigilancia Hospitalar - Success
2026-03-01 16:09:26,962 [AWT-EventQueue-0] INFO  XFormParser - Reading XML and parsing with kXML2 finished in 18.481 ms
2026-03-01 16:09:26,970 [AWT-EventQueue-0] INFO  XFormParser - Consolidating text finished in 7.263 ms
2026-03-01 16:09:26,971 [AWT-EventQueue-0] INFO  XFormParser - Parsing form...
2026-03-01 16:09:26,971 [AWT-EventQueue-0] INFO  XFormParser - Title: "Formulário da Vigilancia Hospitalar"
2026-03-01 16:09:26,971 [AWT-EventQueue-0] WARN  XFormParser - XForm Parse Warning: Warning: 1 Unrecognized attributes found in Element [model] and will be ignored: [xforms-version] 
    Problem found at nodeset: /html/head/model
    With element <model xforms-version="1.0.0"><instance><data id="hospitalar_v6" version="6" prefix="hospitalar_v6" delimiter="$">...

2026-03-01 16:09:27,056 [AWT-EventQueue-0] INFO  XFormParser - Creating FormDef from parsed XML finished in 84.952 ms
2026-03-01 16:09:45,862 [Thread-26] INFO  org.javarosa.core.model.FormDef - Dynamic select question has no choices! [instance(dis)/root/item]. If this occurs while filling out a form (and not while saving an incomplete form), the filter condition may have eliminated all the choices. Is that what you intended?
2026-03-01 16:09:45,871 [Thread-26] INFO  org.javarosa.core.model.FormDef - Dynamic select question has no choices! [instance(bairro)/root/item]. If this occurs while filling out a form (and not while saving an incomplete form), the filter condition may have eliminated all the choices. Is that what you intended?
2026-03-01 16:09:45,932 [Thread-26] INFO  org.javarosa.core.model.FormDef - Dynamic select question has no choices! [instance(tipo_amostra_options)/root/item]. If this occurs while filling out a form (and not while saving an incomplete form), the filter condition may have eliminated all the choices. Is that what you intended?
2026-03-01 16:09:45,953 [Thread-26] INFO  org.javarosa.core.model.FormDef - Dynamic select question has no choices! [instance(Distrito_option_type)/root/item]. If this occurs while filling out a form (and not while saving an incomplete form), the filter condition may have eliminated all the choices. Is that what you intended?
2026-03-01 16:09:46,043 [Thread-26] INFO  org.javarosa.core.model.FormDef - Dynamic select question has no choices! [instance(dis)/root/item]. If this occurs while filling out a form (and not while saving an incomplete form), the filter condition may have eliminated all the choices. Is that what you intended?
2026-03-01 16:09:46,050 [Thread-26] INFO  org.javarosa.core.model.FormDef - Dynamic select question has no choices! [instance(bairro)/root/item]. If this occurs while filling out a form (and not while saving an incomplete form), the filter condition may have eliminated all the choices. Is that what you intended?
2026-03-01 16:09:49,471 [ForkJoinPool-23-worker-2] INFO  o.o.b.export.ExportProcessTracker - Exported in 00:00:03.5514179
2026-03-01 16:09:49,498 [ForkJoinPool-23-worker-4] INFO  o.o.b.export.ExportProcessTracker - Exported in 00:00:03.5484025
2026-03-01 16:09:50,973 [ForkJoinPool-23-worker-13] INFO  o.o.b.export.ExportProcessTracker - Exported in 00:00:05.0129772
2026-03-01 16:09:56,760 [ForkJoinPool-23-worker-15] INFO  o.o.b.export.ExportProcessTracker - Exported in 00:00:10.694912
2026-03-01 16:10:03,201 [ForkJoinPool-23-worker-9] INFO  o.o.b.export.ExportProcessTracker - Exported in 00:00:17.3031806
2026-03-01 16:10:05,837 [ForkJoinPool-23-worker-11] INFO  o.o.b.export.ExportProcessTracker - Exported in 00:00:19.8893705
2026-03-01 16:10:07,347 [ForkJoinPool-23-worker-6] INFO  o.o.b.export.ExportProcessTracker - Exported in 00:00:21.381617
