2025-12-19 10:33:55,346 [ForkJoinPool-5-worker-2] INFO  o.o.b.p.a.PullFromAggregateTracker - Pull Formulário da Vigilancia Hospitalar - Start pulling form and submissions
2025-12-19 10:33:55,350 [ForkJoinPool-5-worker-3] INFO  o.o.b.p.a.PullFromAggregateTracker - Pull Formulário da Vigilancia Hospitalar - Start pulling form and submissions
2025-12-19 10:33:55,348 [ForkJoinPool-5-worker-13] INFO  o.o.b.p.a.PullFromAggregateTracker - Pull Resultados de testagem das vigilâncias - Start pulling form and submissions
2025-12-19 10:33:55,350 [ForkJoinPool-5-worker-10] INFO  o.o.b.p.a.PullFromAggregateTracker - Pull Formulário da Vigilancia Hospitalar - Laboratório - Start pulling form and submissions
2025-12-19 10:33:55,348 [ForkJoinPool-5-worker-15] INFO  o.o.b.p.a.PullFromAggregateTracker - Pull Formulário da Vigilancia Hospitalar - Start pulling form and submissions
2025-12-19 10:33:55,346 [ForkJoinPool-5-worker-9] INFO  o.o.b.p.a.PullFromAggregateTracker - Pull Formulário da Vigilancia Hospitalar - Laboratório - Start pulling form and submissions
2025-12-19 10:33:55,347 [ForkJoinPool-5-worker-11] INFO  o.o.b.p.a.PullFromAggregateTracker - Pull Formulário da Vigilancia Hospitalar - Start pulling form and submissions
2025-12-19 10:33:55,347 [ForkJoinPool-5-worker-6] INFO  o.o.b.p.a.PullFromAggregateTracker - Pull VIGILÂNCIA  AMBIENTAL - Start pulling form and submissions
2025-12-19 10:33:55,347 [ForkJoinPool-5-worker-4] INFO  o.o.b.p.a.PullFromAggregateTracker - Pull Formulário da Vigilancia Comunitaria - Start pulling form and submissions
2025-12-19 10:33:55,350 [ForkJoinPool-5-worker-1] INFO  o.o.b.p.a.PullFromAggregateTracker - Pull Formulário da Vigilancia Comunitaria - Start pulling form and submissions
2025-12-19 10:33:55,348 [ForkJoinPool-5-worker-8] INFO  o.o.b.p.a.PullFromAggregateTracker - Pull Formulario da  Componente  Genomica (IDS) - Start pulling form and submissions
2025-12-19 10:33:55,370 [ForkJoinPool-5-worker-1] INFO  o.o.b.p.a.PullFromAggregateTracker - Pull Formulário da Vigilancia Comunitaria - Start downloading form
2025-12-19 10:33:55,370 [ForkJoinPool-5-worker-9] INFO  o.o.b.p.a.PullFromAggregateTracker - Pull Formulário da Vigilancia Hospitalar - Laboratório - Start downloading form
2025-12-19 10:33:55,370 [ForkJoinPool-5-worker-11] INFO  o.o.b.p.a.PullFromAggregateTracker - Pull Formulário da Vigilancia Hospitalar - Start downloading form
2025-12-19 10:33:55,370 [ForkJoinPool-5-worker-3] INFO  o.o.b.p.a.PullFromAggregateTracker - Pull Formulário da Vigilancia Hospitalar - Start downloading form
2025-12-19 10:33:55,370 [ForkJoinPool-5-worker-8] INFO  o.o.b.p.a.PullFromAggregateTracker - Pull Formulario da  Componente  Genomica (IDS) - Start downloading form
2025-12-19 10:33:55,370 [ForkJoinPool-5-worker-2] INFO  o.o.b.p.a.PullFromAggregateTracker - Pull Formulário da Vigilancia Hospitalar - Start downloading form
2025-12-19 10:33:55,370 [ForkJoinPool-5-worker-6] INFO  o.o.b.p.a.PullFromAggregateTracker - Pull VIGILÂNCIA  AMBIENTAL - Start downloading form
2025-12-19 10:33:55,370 [ForkJoinPool-5-worker-10] INFO  o.o.b.p.a.PullFromAggregateTracker - Pull Formulário da Vigilancia Hospitalar - Laboratório - Start downloading form
2025-12-19 10:33:55,370 [ForkJoinPool-5-worker-13] INFO  o.o.b.p.a.PullFromAggregateTracker - Pull Resultados de testagem das vigilâncias - Start downloading form
2025-12-19 10:33:55,370 [ForkJoinPool-5-worker-4] INFO  o.o.b.p.a.PullFromAggregateTracker - Pull Formulário da Vigilancia Comunitaria - Start downloading form
2025-12-19 10:33:55,370 [ForkJoinPool-5-worker-15] INFO  o.o.b.p.a.PullFromAggregateTracker - Pull Formulário da Vigilancia Hospitalar - Start downloading form
2025-12-19 10:33:57,521 [ForkJoinPool-5-worker-10] INFO  o.o.b.p.a.PullFromAggregateTracker - Pull Formulário da Vigilancia Hospitalar - Laboratório - Form downloaded
2025-12-19 10:33:57,523 [ForkJoinPool-5-worker-9] INFO  o.o.b.p.a.PullFromAggregateTracker - Pull Formulário da Vigilancia Hospitalar - Laboratório - Form downloaded
2025-12-19 10:33:57,523 [ForkJoinPool-5-worker-9] INFO  o.o.b.p.a.PullFromAggregateTracker - Pull Formulário da Vigilancia Hospitalar - Laboratório - Start getting form manifest
2025-12-19 10:33:57,523 [ForkJoinPool-5-worker-10] INFO  o.o.b.p.a.PullFromAggregateTracker - Pull Formulário da Vigilancia Hospitalar - Laboratório - Start getting submission IDs
2025-12-19 10:33:57,976 [ForkJoinPool-5-worker-6] INFO  o.o.b.p.a.PullFromAggregateTracker - Pull VIGILÂNCIA  AMBIENTAL - Form downloaded
2025-12-19 10:33:57,978 [ForkJoinPool-5-worker-6] INFO  o.o.b.p.a.PullFromAggregateTracker - Pull VIGILÂNCIA  AMBIENTAL - Start getting form manifest
2025-12-19 10:33:58,973 [ForkJoinPool-5-worker-8] INFO  o.o.b.p.a.PullFromAggregateTracker - Pull Formulario da  Componente  Genomica (IDS) - Form downloaded
2025-12-19 10:33:58,974 [ForkJoinPool-5-worker-8] INFO  o.o.b.p.a.PullFromAggregateTracker - Pull Formulario da  Componente  Genomica (IDS) - Start getting submission IDs
2025-12-19 10:33:59,011 [ForkJoinPool-5-worker-13] INFO  o.o.b.p.a.PullFromAggregateTracker - Pull Resultados de testagem das vigilâncias - Form downloaded
2025-12-19 10:33:59,015 [ForkJoinPool-5-worker-13] INFO  o.o.b.p.a.PullFromAggregateTracker - Pull Resultados de testagem das vigilâncias - Start getting form manifest
2025-12-19 10:33:59,019 [ForkJoinPool-5-worker-2] INFO  o.o.b.p.a.PullFromAggregateTracker - Pull Formulário da Vigilancia Hospitalar - Form downloaded
2025-12-19 10:33:59,019 [ForkJoinPool-5-worker-4] INFO  o.o.b.p.a.PullFromAggregateTracker - Pull Formulário da Vigilancia Comunitaria - Form downloaded
2025-12-19 10:33:59,021 [ForkJoinPool-5-worker-2] INFO  o.o.b.p.a.PullFromAggregateTracker - Pull Formulário da Vigilancia Hospitalar - Start getting form manifest
2025-12-19 10:33:59,021 [ForkJoinPool-5-worker-4] INFO  o.o.b.p.a.PullFromAggregateTracker - Pull Formulário da Vigilancia Comunitaria - Start getting form manifest
2025-12-19 10:33:59,027 [ForkJoinPool-5-worker-11] INFO  o.o.b.p.a.PullFromAggregateTracker - Pull Formulário da Vigilancia Hospitalar - Form downloaded
2025-12-19 10:33:59,028 [ForkJoinPool-5-worker-11] INFO  o.o.b.p.a.PullFromAggregateTracker - Pull Formulário da Vigilancia Hospitalar - Start getting form manifest
2025-12-19 10:33:59,037 [ForkJoinPool-5-worker-1] INFO  o.o.b.p.a.PullFromAggregateTracker - Pull Formulário da Vigilancia Comunitaria - Form downloaded
2025-12-19 10:33:59,037 [ForkJoinPool-5-worker-1] INFO  o.o.b.p.a.PullFromAggregateTracker - Pull Formulário da Vigilancia Comunitaria - Start getting submission IDs
2025-12-19 10:33:59,281 [ForkJoinPool-5-worker-13] INFO  o.o.b.p.a.PullFromAggregateTracker - Pull Resultados de testagem das vigilâncias - Got the form manifest
2025-12-19 10:33:59,282 [ForkJoinPool-5-worker-6] INFO  o.o.b.p.a.PullFromAggregateTracker - Pull VIGILÂNCIA  AMBIENTAL - Got the form manifest
2025-12-19 10:33:59,282 [ForkJoinPool-5-worker-9] INFO  o.o.b.p.a.PullFromAggregateTracker - Pull Formulário da Vigilancia Hospitalar - Laboratório - Got the form manifest
2025-12-19 10:33:59,282 [ForkJoinPool-5-worker-9] INFO  o.o.b.p.a.PullFromAggregateTracker - Pull Formulário da Vigilancia Hospitalar - Laboratório - Skipping 1 form attachments that have been already downloaded
2025-12-19 10:33:59,282 [ForkJoinPool-5-worker-6] INFO  o.o.b.p.a.PullFromAggregateTracker - Pull VIGILÂNCIA  AMBIENTAL - Skipping 1 form attachments that have been already downloaded
2025-12-19 10:33:59,282 [ForkJoinPool-5-worker-13] INFO  o.o.b.p.a.PullFromAggregateTracker - Pull Resultados de testagem das vigilâncias - Skipping 1 form attachments that have been already downloaded
2025-12-19 10:33:59,282 [ForkJoinPool-5-worker-6] INFO  o.o.b.p.a.PullFromAggregateTracker - Pull VIGILÂNCIA  AMBIENTAL - Start getting submission IDs
2025-12-19 10:33:59,282 [ForkJoinPool-5-worker-13] INFO  o.o.b.p.a.PullFromAggregateTracker - Pull Resultados de testagem das vigilâncias - Start getting submission IDs
2025-12-19 10:33:59,282 [ForkJoinPool-5-worker-9] INFO  o.o.b.p.a.PullFromAggregateTracker - Pull Formulário da Vigilancia Hospitalar - Laboratório - Start getting submission IDs
2025-12-19 10:33:59,284 [ForkJoinPool-5-worker-8] INFO  o.o.b.p.a.PullFromAggregateTracker - Pull Formulario da  Componente  Genomica (IDS) - Got all the submission IDs
2025-12-19 10:33:59,286 [ForkJoinPool-5-worker-4] INFO  o.o.b.p.a.PullFromAggregateTracker - Pull Formulário da Vigilancia Comunitaria - Got the form manifest
2025-12-19 10:33:59,291 [ForkJoinPool-5-worker-4] INFO  o.o.b.p.a.PullFromAggregateTracker - Pull Formulário da Vigilancia Comunitaria - Skipping 1 form attachments that have been already downloaded
2025-12-19 10:33:59,292 [ForkJoinPool-5-worker-4] INFO  o.o.b.p.a.PullFromAggregateTracker - Pull Formulário da Vigilancia Comunitaria - Start getting submission IDs
2025-12-19 10:33:59,308 [ForkJoinPool-5-worker-8] INFO  o.o.b.p.a.PullFromAggregateTracker - Push Formulario da  Componente  Genomica (IDS) - There are no submissions to download
2025-12-19 10:33:59,314 [ForkJoinPool-5-worker-8] INFO  o.o.b.p.a.PullFromAggregateTracker - Pull Formulario da  Componente  Genomica (IDS) - Success
2025-12-19 10:33:59,317 [ForkJoinPool-5-worker-8] INFO  o.o.b.p.a.PullFromAggregateTracker - Pull VIGILÂNCIA  AMBIENTAL - Start pulling form and submissions
2025-12-19 10:33:59,317 [ForkJoinPool-5-worker-8] INFO  o.o.b.p.a.PullFromAggregateTracker - Pull VIGILÂNCIA  AMBIENTAL - Start downloading form
2025-12-19 10:33:59,391 [AWT-EventQueue-0] INFO  XFormParser - Reading XML and parsing with kXML2 finished in 21.145 ms
2025-12-19 10:33:59,425 [ForkJoinPool-5-worker-15] INFO  o.o.b.p.a.PullFromAggregateTracker - Pull Formulário da Vigilancia Hospitalar - Form downloaded
2025-12-19 10:33:59,427 [ForkJoinPool-5-worker-15] INFO  o.o.b.p.a.PullFromAggregateTracker - Pull Formulário da Vigilancia Hospitalar - Start getting form manifest
2025-12-19 10:33:59,433 [AWT-EventQueue-0] INFO  XFormParser - Consolidating text finished in 39.661 ms
2025-12-19 10:33:59,433 [AWT-EventQueue-0] INFO  XFormParser - Parsing form...
2025-12-19 10:33:59,433 [AWT-EventQueue-0] INFO  XFormParser - Title: "Formulário da Vigilancia Comunitaria"
2025-12-19 10:33:59,433 [AWT-EventQueue-0] WARN  XFormParser - XForm Parse Warning: Warning: 1 Unrecognized attributes found in Element [model] and will be ignored: [xforms-version] 
    Problem found at nodeset: /html/head/model
    With element <model xforms-version="1.0.0"><instance><data id="Comunidade_v2" version="2" prefix="Comunidade_v2" delimiter="$">...

2025-12-19 10:33:59,532 [AWT-EventQueue-0] INFO  XFormParser - Creating FormDef from parsed XML finished in 100.429 ms
2025-12-19 10:33:59,585 [AWT-EventQueue-0] INFO  XFormParser - Reading XML and parsing with kXML2 finished in 39.021 ms
2025-12-19 10:33:59,590 [AWT-EventQueue-0] INFO  XFormParser - Consolidating text finished in 8.218 ms
2025-12-19 10:33:59,598 [AWT-EventQueue-0] INFO  XFormParser - Parsing form...
2025-12-19 10:33:59,598 [AWT-EventQueue-0] INFO  XFormParser - Title: "Formulário da Vigilancia Hospitalar"
2025-12-19 10:33:59,598 [AWT-EventQueue-0] WARN  XFormParser - XForm Parse Warning: Warning: 1 Unrecognized attributes found in Element [model] and will be ignored: [xforms-version] 
    Problem found at nodeset: /html/head/model
    With element <model xforms-version="1.0.0"><instance><data id="hospitalar_v2" version="1" prefix="Hospitalar" delimiter="$">...

2025-12-19 10:33:59,618 [ForkJoinPool-5-worker-11] INFO  o.o.b.p.a.PullFromAggregateTracker - Pull Formulário da Vigilancia Hospitalar - Got the form manifest
2025-12-19 10:33:59,620 [ForkJoinPool-5-worker-2] INFO  o.o.b.p.a.PullFromAggregateTracker - Pull Formulário da Vigilancia Hospitalar - Got the form manifest
2025-12-19 10:33:59,620 [ForkJoinPool-5-worker-6] INFO  o.o.b.p.a.PullFromAggregateTracker - Pull VIGILÂNCIA  AMBIENTAL - Got all the submission IDs
2025-12-19 10:33:59,620 [ForkJoinPool-5-worker-10] INFO  o.o.b.p.a.PullFromAggregateTracker - Pull Formulário da Vigilancia Hospitalar - Laboratório - Got all the submission IDs
2025-12-19 10:33:59,622 [ForkJoinPool-5-worker-11] INFO  o.o.b.p.a.PullFromAggregateTracker - Pull Formulário da Vigilancia Hospitalar - Skipping 1 form attachments that have been already downloaded
2025-12-19 10:33:59,622 [ForkJoinPool-5-worker-2] INFO  o.o.b.p.a.PullFromAggregateTracker - Pull Formulário da Vigilancia Hospitalar - Skipping 1 form attachments that have been already downloaded
2025-12-19 10:33:59,623 [ForkJoinPool-5-worker-2] INFO  o.o.b.p.a.PullFromAggregateTracker - Pull Formulário da Vigilancia Hospitalar - Start getting submission IDs
2025-12-19 10:33:59,623 [ForkJoinPool-5-worker-11] INFO  o.o.b.p.a.PullFromAggregateTracker - Pull Formulário da Vigilancia Hospitalar - Start getting submission IDs
2025-12-19 10:33:59,636 [ForkJoinPool-5-worker-6] INFO  o.o.b.p.a.PullFromAggregateTracker - Push VIGILÂNCIA  AMBIENTAL - There are no submissions to download
2025-12-19 10:33:59,640 [ForkJoinPool-5-worker-10] INFO  o.o.b.p.a.PullFromAggregateTracker - Pull Formulário da Vigilancia Hospitalar - Laboratório - Start downloading submission 1 of 37
2025-12-19 10:33:59,640 [ForkJoinPool-5-worker-6] INFO  o.o.b.p.a.PullFromAggregateTracker - Pull VIGILÂNCIA  AMBIENTAL - Success
2025-12-19 10:33:59,642 [ForkJoinPool-5-worker-6] INFO  o.o.b.p.a.PullFromAggregateTracker - Pull Formulário da Vigilancia Hospitalar - Laboratório - Start downloading submission 2 of 37
2025-12-19 10:33:59,678 [AWT-EventQueue-0] INFO  XFormParser - Creating FormDef from parsed XML finished in 85.484 ms
2025-12-19 10:33:59,719 [AWT-EventQueue-0] INFO  XFormParser - Reading XML and parsing with kXML2 finished in 2.423 ms
2025-12-19 10:33:59,722 [AWT-EventQueue-0] INFO  XFormParser - Consolidating text finished in 2.039 ms
2025-12-19 10:33:59,722 [AWT-EventQueue-0] INFO  XFormParser - Parsing form...
2025-12-19 10:33:59,722 [AWT-EventQueue-0] INFO  XFormParser - Title: "VIGILÂNCIA  AMBIENTAL"
2025-12-19 10:33:59,722 [AWT-EventQueue-0] WARN  XFormParser - XForm Parse Warning: Warning: 1 Unrecognized attributes found in Element [model] and will be ignored: [xforms-version] 
    Problem found at nodeset: /html/head/model
    With element <model xforms-version="1.0.0"><instance><data id="VIGILÂNCIA  AMBIENTAL" version="1" prefix="VIGILÂNCIA  AMBIENTAL" delimiter="$">...

2025-12-19 10:33:59,735 [AWT-EventQueue-0] INFO  XFormParser - Creating FormDef from parsed XML finished in 13.049 ms
2025-12-19 10:33:59,850 [ForkJoinPool-5-worker-15] INFO  o.o.b.p.a.PullFromAggregateTracker - Pull Formulário da Vigilancia Hospitalar - Got the form manifest
2025-12-19 10:33:59,851 [ForkJoinPool-5-worker-15] INFO  o.o.b.p.a.PullFromAggregateTracker - Pull Formulário da Vigilancia Hospitalar - Skipping 1 form attachments that have been already downloaded
2025-12-19 10:33:59,851 [ForkJoinPool-5-worker-15] INFO  o.o.b.p.a.PullFromAggregateTracker - Pull Formulário da Vigilancia Hospitalar - Start getting submission IDs
2025-12-19 10:33:59,866 [ForkJoinPool-5-worker-3] INFO  o.o.b.p.a.PullFromAggregateTracker - Pull Formulário da Vigilancia Hospitalar - Form downloaded
2025-12-19 10:33:59,866 [ForkJoinPool-5-worker-3] INFO  o.o.b.p.a.PullFromAggregateTracker - Pull Formulário da Vigilancia Hospitalar - Start getting submission IDs
2025-12-19 10:33:59,878 [ForkJoinPool-5-worker-1] INFO  o.o.b.p.a.PullFromAggregateTracker - Pull Formulário da Vigilancia Comunitaria - Got all the submission IDs
2025-12-19 10:33:59,878 [ForkJoinPool-5-worker-9] INFO  o.o.b.p.a.PullFromAggregateTracker - Pull Formulário da Vigilancia Hospitalar - Laboratório - Got all the submission IDs
2025-12-19 10:33:59,882 [ForkJoinPool-5-worker-8] INFO  o.o.b.p.a.PullFromAggregateTracker - Pull VIGILÂNCIA  AMBIENTAL - Form downloaded
2025-12-19 10:33:59,882 [ForkJoinPool-5-worker-8] INFO  o.o.b.p.a.PullFromAggregateTracker - Pull VIGILÂNCIA  AMBIENTAL - Start getting submission IDs
2025-12-19 10:33:59,883 [ForkJoinPool-5-worker-11] INFO  o.o.b.p.a.PullFromAggregateTracker - Pull Formulário da Vigilancia Hospitalar - Got all the submission IDs
2025-12-19 10:33:59,892 [ForkJoinPool-5-worker-9] INFO  o.o.b.p.a.PullFromAggregateTracker - Pull Formulário da Vigilancia Hospitalar - Laboratório - Start downloading submission 1 of 20
2025-12-19 10:33:59,997 [ForkJoinPool-5-worker-2] INFO  o.o.b.p.a.PullFromAggregateTracker - Pull Formulário da Vigilancia Hospitalar - Got all the submission IDs
2025-12-19 10:34:00,009 [AWT-EventQueue-0] INFO  XFormParser - Reading XML and parsing with kXML2 finished in 126.694 ms
2025-12-19 10:34:00,047 [AWT-EventQueue-0] INFO  XFormParser - Consolidating text finished in 38.067 ms
2025-12-19 10:34:00,047 [AWT-EventQueue-0] INFO  XFormParser - Parsing form...
2025-12-19 10:34:00,047 [AWT-EventQueue-0] INFO  XFormParser - Title: "Formulário da Vigilancia Hospitalar"
2025-12-19 10:34:00,047 [AWT-EventQueue-0] WARN  XFormParser - XForm Parse Warning: Warning: 1 Unrecognized attributes found in Element [model] and will be ignored: [xforms-version] 
    Problem found at nodeset: /html/head/model
    With element <model xforms-version="1.0.0"><instance><data id="hospitalar_v3" version="3" prefix="Hospitalar_v3" delimiter="$">...

2025-12-19 10:34:00,113 [ForkJoinPool-5-worker-11] INFO  o.o.b.p.a.PullFromAggregateTracker - Push Formulário da Vigilancia Hospitalar - There are no submissions to download
2025-12-19 10:34:00,124 [ForkJoinPool-5-worker-11] INFO  o.o.b.p.a.PullFromAggregateTracker - Pull Formulário da Vigilancia Hospitalar - Success
2025-12-19 10:34:00,125 [ForkJoinPool-5-worker-1] INFO  o.o.b.p.a.PullFromAggregateTracker - Pull Formulário da Vigilancia Comunitaria - Start downloading submission 1 of 11
2025-12-19 10:34:00,127 [ForkJoinPool-5-worker-11] INFO  o.o.b.p.a.PullFromAggregateTracker - Pull Formulário da Vigilancia Hospitalar - Laboratório - Start downloading submission 3 of 37
2025-12-19 10:34:00,132 [ForkJoinPool-5-worker-2] INFO  o.o.b.p.a.PullFromAggregateTracker - Push Formulário da Vigilancia Hospitalar - There are no submissions to download
2025-12-19 10:34:00,134 [ForkJoinPool-5-worker-2] INFO  o.o.b.p.a.PullFromAggregateTracker - Pull Formulário da Vigilancia Hospitalar - Success
2025-12-19 10:34:00,136 [ForkJoinPool-5-worker-2] INFO  o.o.b.p.a.PullFromAggregateTracker - Pull Formulário da Vigilancia Hospitalar - Laboratório - Start downloading submission 2 of 20
2025-12-19 10:34:00,154 [ForkJoinPool-5-worker-10] INFO  o.o.b.p.a.PullFromAggregateTracker - Pull Formulário da Vigilancia Hospitalar - Laboratório - Submission 1 of 37 downloaded
2025-12-19 10:34:00,155 [ForkJoinPool-5-worker-6] INFO  o.o.b.p.a.PullFromAggregateTracker - Pull Formulário da Vigilancia Hospitalar - Laboratório - Submission 2 of 37 downloaded
2025-12-19 10:34:00,157 [ForkJoinPool-5-worker-6] INFO  o.o.b.p.a.PullFromAggregateTracker - Pull Formulário da Vigilancia Hospitalar - Laboratório - Start downloading submission 4 of 37
2025-12-19 10:34:00,157 [ForkJoinPool-5-worker-10] INFO  o.o.b.p.a.PullFromAggregateTracker - Pull Formulário da Vigilancia Hospitalar - Laboratório - Start downloading submission 5 of 37
2025-12-19 10:34:00,167 [AWT-EventQueue-0] INFO  XFormParser - Creating FormDef from parsed XML finished in 120.323 ms
2025-12-19 10:34:00,182 [AWT-EventQueue-0] INFO  XFormParser - Reading XML and parsing with kXML2 finished in 2.060 ms
2025-12-19 10:34:00,182 [AWT-EventQueue-0] INFO  XFormParser - Consolidating text finished in 0.933 ms
2025-12-19 10:34:00,182 [AWT-EventQueue-0] INFO  XFormParser - Parsing form...
2025-12-19 10:34:00,182 [AWT-EventQueue-0] INFO  XFormParser - Title: "VIGILÂNCIA  AMBIENTAL"
2025-12-19 10:34:00,182 [AWT-EventQueue-0] WARN  XFormParser - XForm Parse Warning: Warning: 1 Unrecognized attributes found in Element [model] and will be ignored: [xforms-version] 
    Problem found at nodeset: /html/head/model
    With element <model xforms-version="1.0.0"><instance><data id="VIGILÂNCIA  AMBIENTAL_v2" version="2" prefix="VIGILÂNCIA  AMBIENTAL_v2" delimiter="$">...

2025-12-19 10:34:00,190 [AWT-EventQueue-0] INFO  XFormParser - Creating FormDef from parsed XML finished in 6.837 ms
2025-12-19 10:34:00,234 [ForkJoinPool-5-worker-4] INFO  o.o.b.p.a.PullFromAggregateTracker - Pull Formulário da Vigilancia Comunitaria - Got all the submission IDs
2025-12-19 10:34:00,234 [ForkJoinPool-5-worker-13] INFO  o.o.b.p.a.PullFromAggregateTracker - Pull Resultados de testagem das vigilâncias - Got all the submission IDs
2025-12-19 10:34:00,235 [ForkJoinPool-5-worker-8] INFO  o.o.b.p.a.PullFromAggregateTracker - Pull VIGILÂNCIA  AMBIENTAL - Got all the submission IDs
2025-12-19 10:34:00,237 [ForkJoinPool-5-worker-3] INFO  o.o.b.p.a.PullFromAggregateTracker - Pull Formulário da Vigilancia Hospitalar - Got all the submission IDs
2025-12-19 10:34:00,241 [ForkJoinPool-5-worker-8] INFO  o.o.b.p.a.PullFromAggregateTracker - Push VIGILÂNCIA  AMBIENTAL - There are no submissions to download
2025-12-19 10:34:00,244 [ForkJoinPool-5-worker-9] INFO  o.o.b.p.a.PullFromAggregateTracker - Pull Formulário da Vigilancia Hospitalar - Laboratório - Submission 1 of 20 downloaded
2025-12-19 10:34:00,246 [ForkJoinPool-5-worker-8] INFO  o.o.b.p.a.PullFromAggregateTracker - Pull VIGILÂNCIA  AMBIENTAL - Success
2025-12-19 10:34:00,249 [ForkJoinPool-5-worker-9] INFO  o.o.b.p.a.PullFromAggregateTracker - Pull Formulário da Vigilancia Hospitalar - Laboratório - Start downloading submission 3 of 20
2025-12-19 10:34:00,251 [ForkJoinPool-5-worker-8] INFO  o.o.b.p.a.PullFromAggregateTracker - Pull Formulário da Vigilancia Hospitalar - Laboratório - Start downloading submission 4 of 20
2025-12-19 10:34:00,349 [ForkJoinPool-5-worker-13] INFO  o.o.b.p.a.PullFromAggregateTracker - Pull Resultados de testagem das vigilâncias - Start downloading submission 1 of 2
2025-12-19 10:34:00,374 [ForkJoinPool-5-worker-4] INFO  o.o.b.p.a.PullFromAggregateTracker - Pull Formulário da Vigilancia Comunitaria - Start downloading submission 1 of 8
2025-12-19 10:34:00,378 [ForkJoinPool-5-worker-3] INFO  o.o.b.p.a.PullFromAggregateTracker - Push Formulário da Vigilancia Hospitalar - There are no submissions to download
2025-12-19 10:34:00,380 [ForkJoinPool-5-worker-3] INFO  o.o.b.p.a.PullFromAggregateTracker - Pull Formulário da Vigilancia Hospitalar - Success
2025-12-19 10:34:00,380 [ForkJoinPool-5-worker-3] INFO  o.o.b.p.a.PullFromAggregateTracker - Pull Formulário da Vigilancia Hospitalar - Laboratório - Start downloading submission 6 of 37
2025-12-19 10:34:00,402 [AWT-EventQueue-0] INFO  XFormParser - Reading XML and parsing with kXML2 finished in 14.398 ms
2025-12-19 10:34:00,415 [AWT-EventQueue-0] INFO  XFormParser - Consolidating text finished in 6.576 ms
2025-12-19 10:34:00,415 [AWT-EventQueue-0] INFO  XFormParser - Parsing form...
2025-12-19 10:34:00,415 [AWT-EventQueue-0] INFO  XFormParser - Title: "Formulário da Vigilancia Hospitalar"
2025-12-19 10:34:00,418 [AWT-EventQueue-0] WARN  XFormParser - XForm Parse Warning: Warning: 1 Unrecognized attributes found in Element [model] and will be ignored: [xforms-version] 
    Problem found at nodeset: /html/head/model
    With element <model xforms-version="1.0.0"><instance><data id="hospitalar_v3" version="3" prefix="Hospitalar_v3" delimiter="$">...

2025-12-19 10:34:00,469 [ForkJoinPool-5-worker-11] INFO  o.o.b.p.a.PullFromAggregateTracker - Pull Formulário da Vigilancia Hospitalar - Laboratório - Submission 3 of 37 downloaded
2025-12-19 10:34:00,470 [ForkJoinPool-5-worker-1] INFO  o.o.b.p.a.PullFromAggregateTracker - Pull Formulário da Vigilancia Comunitaria - Submission 1 of 11 downloaded
2025-12-19 10:34:00,470 [ForkJoinPool-5-worker-11] INFO  o.o.b.p.a.PullFromAggregateTracker - Pull Formulário da Vigilancia Hospitalar - Laboratório - Start downloading submission 7 of 37
2025-12-19 10:34:00,471 [ForkJoinPool-5-worker-1] INFO  o.o.b.p.a.PullFromAggregateTracker - Pull Formulário da Vigilancia Comunitaria - Start downloading submission 2 of 11
2025-12-19 10:34:00,477 [AWT-EventQueue-0] INFO  XFormParser - Creating FormDef from parsed XML finished in 59.919 ms
2025-12-19 10:34:00,494 [ForkJoinPool-5-worker-2] INFO  o.o.b.p.a.PullFromAggregateTracker - Pull Formulário da Vigilancia Hospitalar - Laboratório - Submission 2 of 20 downloaded
2025-12-19 10:34:00,494 [ForkJoinPool-5-worker-2] INFO  o.o.b.p.a.PullFromAggregateTracker - Pull Formulário da Vigilancia Hospitalar - Laboratório - Start downloading submission 5 of 20
2025-12-19 10:34:00,503 [ForkJoinPool-5-worker-10] INFO  o.o.b.p.a.PullFromAggregateTracker - Pull Formulário da Vigilancia Hospitalar - Laboratório - Submission 5 of 37 downloaded
2025-12-19 10:34:00,505 [ForkJoinPool-5-worker-10] INFO  o.o.b.p.a.PullFromAggregateTracker - Pull Formulário da Vigilancia Hospitalar - Laboratório - Start downloading submission 8 of 37
2025-12-19 10:34:00,507 [ForkJoinPool-5-worker-15] INFO  o.o.b.p.a.PullFromAggregateTracker - Pull Formulário da Vigilancia Hospitalar - Got all the submission IDs
2025-12-19 10:34:00,507 [ForkJoinPool-5-worker-6] INFO  o.o.b.p.a.PullFromAggregateTracker - Pull Formulário da Vigilancia Hospitalar - Laboratório - Submission 4 of 37 downloaded
2025-12-19 10:34:00,508 [ForkJoinPool-5-worker-6] INFO  o.o.b.p.a.PullFromAggregateTracker - Pull Formulário da Vigilancia Hospitalar - Laboratório - Start downloading submission 9 of 37
2025-12-19 10:34:00,620 [ForkJoinPool-5-worker-9] INFO  o.o.b.p.a.PullFromAggregateTracker - Pull Formulário da Vigilancia Hospitalar - Laboratório - Submission 3 of 20 downloaded
2025-12-19 10:34:00,621 [ForkJoinPool-5-worker-8] INFO  o.o.b.p.a.PullFromAggregateTracker - Pull Formulário da Vigilancia Hospitalar - Laboratório - Submission 4 of 20 downloaded
2025-12-19 10:34:00,621 [ForkJoinPool-5-worker-9] INFO  o.o.b.p.a.PullFromAggregateTracker - Pull Formulário da Vigilancia Hospitalar - Laboratório - Start downloading submission 6 of 20
2025-12-19 10:34:00,621 [ForkJoinPool-5-worker-8] INFO  o.o.b.p.a.PullFromAggregateTracker - Pull Formulário da Vigilancia Hospitalar - Laboratório - Start downloading submission 7 of 20
2025-12-19 10:34:00,637 [ForkJoinPool-5-worker-15] INFO  o.o.b.p.a.PullFromAggregateTracker - Pull Formulário da Vigilancia Hospitalar - Start downloading submission 1 of 14
2025-12-19 10:34:00,734 [ForkJoinPool-5-worker-4] INFO  o.o.b.p.a.PullFromAggregateTracker - Pull Formulário da Vigilancia Comunitaria - Submission 1 of 8 downloaded
2025-12-19 10:34:00,737 [ForkJoinPool-5-worker-4] INFO  o.o.b.p.a.PullFromAggregateTracker - Pull Formulário da Vigilancia Comunitaria - Start downloading submission 2 of 8
2025-12-19 10:34:00,739 [ForkJoinPool-5-worker-3] INFO  o.o.b.p.a.PullFromAggregateTracker - Pull Formulário da Vigilancia Hospitalar - Laboratório - Submission 6 of 37 downloaded
2025-12-19 10:34:00,741 [ForkJoinPool-5-worker-3] INFO  o.o.b.p.a.PullFromAggregateTracker - Pull Formulário da Vigilancia Hospitalar - Laboratório - Start downloading submission 10 of 37
2025-12-19 10:34:00,749 [ForkJoinPool-5-worker-11] INFO  o.o.b.p.a.PullFromAggregateTracker - Pull Formulário da Vigilancia Hospitalar - Laboratório - Submission 7 of 37 downloaded
2025-12-19 10:34:00,749 [ForkJoinPool-5-worker-1] INFO  o.o.b.p.a.PullFromAggregateTracker - Pull Formulário da Vigilancia Comunitaria - Submission 2 of 11 downloaded
2025-12-19 10:34:00,752 [ForkJoinPool-5-worker-1] INFO  o.o.b.p.a.PullFromAggregateTracker - Pull Formulário da Vigilancia Comunitaria - Start downloading submission 3 of 11
2025-12-19 10:34:00,752 [ForkJoinPool-5-worker-11] INFO  o.o.b.p.a.PullFromAggregateTracker - Pull Formulário da Vigilancia Hospitalar - Laboratório - Start downloading submission 11 of 37
2025-12-19 10:34:00,755 [ForkJoinPool-5-worker-13] INFO  o.o.b.p.a.PullFromAggregateTracker - Pull Resultados de testagem das vigilâncias - Submission 1 of 2 downloaded
2025-12-19 10:34:00,757 [ForkJoinPool-5-worker-13] INFO  o.o.b.p.a.PullFromAggregateTracker - Pull Resultados de testagem das vigilâncias - Start downloading submission 2 of 2
2025-12-19 10:34:00,759 [ForkJoinPool-5-worker-2] INFO  o.o.b.p.a.PullFromAggregateTracker - Pull Formulário da Vigilancia Hospitalar - Laboratório - Submission 5 of 20 downloaded
2025-12-19 10:34:00,761 [ForkJoinPool-5-worker-2] INFO  o.o.b.p.a.PullFromAggregateTracker - Pull Formulário da Vigilancia Hospitalar - Laboratório - Start downloading submission 8 of 20
2025-12-19 10:34:00,897 [ForkJoinPool-5-worker-6] INFO  o.o.b.p.a.PullFromAggregateTracker - Pull Formulário da Vigilancia Hospitalar - Laboratório - Submission 9 of 37 downloaded
2025-12-19 10:34:00,897 [ForkJoinPool-5-worker-10] INFO  o.o.b.p.a.PullFromAggregateTracker - Pull Formulário da Vigilancia Hospitalar - Laboratório - Submission 8 of 37 downloaded
2025-12-19 10:34:00,899 [ForkJoinPool-5-worker-6] INFO  o.o.b.p.a.PullFromAggregateTracker - Pull Formulário da Vigilancia Hospitalar - Laboratório - Start downloading submission 12 of 37
2025-12-19 10:34:00,900 [ForkJoinPool-5-worker-10] INFO  o.o.b.p.a.PullFromAggregateTracker - Pull Formulário da Vigilancia Hospitalar - Laboratório - Start downloading submission 13 of 37
2025-12-19 10:34:00,969 [ForkJoinPool-5-worker-8] INFO  o.o.b.p.a.PullFromAggregateTracker - Pull Formulário da Vigilancia Hospitalar - Laboratório - Submission 7 of 20 downloaded
2025-12-19 10:34:00,971 [ForkJoinPool-5-worker-8] INFO  o.o.b.p.a.PullFromAggregateTracker - Pull Formulário da Vigilancia Hospitalar - Laboratório - Start downloading submission 9 of 20
2025-12-19 10:34:00,992 [ForkJoinPool-5-worker-9] INFO  o.o.b.p.a.PullFromAggregateTracker - Pull Formulário da Vigilancia Hospitalar - Laboratório - Submission 6 of 20 downloaded
2025-12-19 10:34:00,997 [ForkJoinPool-5-worker-9] INFO  o.o.b.p.a.PullFromAggregateTracker - Pull Formulário da Vigilancia Hospitalar - Laboratório - Start downloading submission 10 of 20
2025-12-19 10:34:01,008 [ForkJoinPool-5-worker-3] INFO  o.o.b.p.a.PullFromAggregateTracker - Pull Formulário da Vigilancia Hospitalar - Laboratório - Submission 10 of 37 downloaded
2025-12-19 10:34:01,008 [ForkJoinPool-5-worker-11] INFO  o.o.b.p.a.PullFromAggregateTracker - Pull Formulário da Vigilancia Hospitalar - Laboratório - Submission 11 of 37 downloaded
2025-12-19 10:34:01,011 [ForkJoinPool-5-worker-3] INFO  o.o.b.p.a.PullFromAggregateTracker - Pull Formulário da Vigilancia Hospitalar - Laboratório - Start downloading submission 14 of 37
2025-12-19 10:34:01,011 [ForkJoinPool-5-worker-11] INFO  o.o.b.p.a.PullFromAggregateTracker - Pull Formulário da Vigilancia Hospitalar - Laboratório - Start downloading submission 15 of 37
2025-12-19 10:34:01,023 [ForkJoinPool-5-worker-4] INFO  o.o.b.p.a.PullFromAggregateTracker - Pull Formulário da Vigilancia Comunitaria - Submission 2 of 8 downloaded
2025-12-19 10:34:01,023 [ForkJoinPool-5-worker-4] INFO  o.o.b.p.a.PullFromAggregateTracker - Pull Formulário da Vigilancia Comunitaria - Start downloading submission 3 of 8
2025-12-19 10:34:01,032 [ForkJoinPool-5-worker-15] INFO  o.o.b.p.a.PullFromAggregateTracker - Pull Formulário da Vigilancia Hospitalar - Submission 1 of 14 downloaded
2025-12-19 10:34:01,032 [ForkJoinPool-5-worker-15] INFO  o.o.b.p.a.PullFromAggregateTracker - Pull Formulário da Vigilancia Hospitalar - Start downloading submission 2 of 14
2025-12-19 10:34:01,170 [ForkJoinPool-5-worker-1] INFO  o.o.b.p.a.PullFromAggregateTracker - Pull Formulário da Vigilancia Comunitaria - Submission 3 of 11 downloaded
2025-12-19 10:34:01,170 [ForkJoinPool-5-worker-13] INFO  o.o.b.p.a.PullFromAggregateTracker - Pull Resultados de testagem das vigilâncias - Submission 2 of 2 downloaded
2025-12-19 10:34:01,172 [ForkJoinPool-5-worker-1] INFO  o.o.b.p.a.PullFromAggregateTracker - Pull Formulário da Vigilancia Comunitaria - Start downloading submission 4 of 11
2025-12-19 10:34:01,172 [ForkJoinPool-5-worker-13] INFO  o.o.b.p.a.PullFromAggregateTracker - Pull Resultados de testagem das vigilâncias - Success
2025-12-19 10:34:01,176 [ForkJoinPool-5-worker-13] INFO  o.o.b.p.a.PullFromAggregateTracker - Pull Formulário da Vigilancia Hospitalar - Start downloading submission 3 of 14
2025-12-19 10:34:01,220 [ForkJoinPool-5-worker-2] INFO  o.o.b.p.a.PullFromAggregateTracker - Pull Formulário da Vigilancia Hospitalar - Laboratório - Submission 8 of 20 downloaded
2025-12-19 10:34:01,220 [ForkJoinPool-5-worker-2] INFO  o.o.b.p.a.PullFromAggregateTracker - Pull Formulário da Vigilancia Hospitalar - Laboratório - Start downloading submission 11 of 20
2025-12-19 10:34:01,237 [ForkJoinPool-5-worker-6] INFO  o.o.b.p.a.PullFromAggregateTracker - Pull Formulário da Vigilancia Hospitalar - Laboratório - Submission 12 of 37 downloaded
2025-12-19 10:34:01,237 [ForkJoinPool-5-worker-6] INFO  o.o.b.p.a.PullFromAggregateTracker - Pull Formulário da Vigilancia Comunitaria - Start downloading submission 4 of 8
2025-12-19 10:34:01,260 [ForkJoinPool-5-worker-10] INFO  o.o.b.p.a.PullFromAggregateTracker - Pull Formulário da Vigilancia Hospitalar - Laboratório - Submission 13 of 37 downloaded
2025-12-19 10:34:01,262 [ForkJoinPool-5-worker-8] INFO  o.o.b.p.a.PullFromAggregateTracker - Pull Formulário da Vigilancia Hospitalar - Laboratório - Submission 9 of 20 downloaded
2025-12-19 10:34:01,262 [ForkJoinPool-5-worker-10] INFO  o.o.b.p.a.PullFromAggregateTracker - Pull Formulário da Vigilancia Hospitalar - Laboratório - Start downloading submission 16 of 37
2025-12-19 10:34:01,263 [ForkJoinPool-5-worker-8] INFO  o.o.b.p.a.PullFromAggregateTracker - Pull Formulário da Vigilancia Hospitalar - Laboratório - Start downloading submission 12 of 20
2025-12-19 10:34:01,288 [ForkJoinPool-5-worker-9] INFO  o.o.b.p.a.PullFromAggregateTracker - Pull Formulário da Vigilancia Hospitalar - Laboratório - Submission 10 of 20 downloaded
2025-12-19 10:34:01,288 [ForkJoinPool-5-worker-3] INFO  o.o.b.p.a.PullFromAggregateTracker - Pull Formulário da Vigilancia Hospitalar - Laboratório - Submission 14 of 37 downloaded
2025-12-19 10:34:01,288 [ForkJoinPool-5-worker-3] INFO  o.o.b.p.a.PullFromAggregateTracker - Pull Formulário da Vigilancia Hospitalar - Laboratório - Start downloading submission 17 of 37
2025-12-19 10:34:01,288 [ForkJoinPool-5-worker-9] INFO  o.o.b.p.a.PullFromAggregateTracker - Pull Formulário da Vigilancia Hospitalar - Laboratório - Start downloading submission 13 of 20
2025-12-19 10:34:01,433 [ForkJoinPool-5-worker-11] INFO  o.o.b.p.a.PullFromAggregateTracker - Pull Formulário da Vigilancia Hospitalar - Laboratório - Submission 15 of 37 downloaded
2025-12-19 10:34:01,433 [ForkJoinPool-5-worker-4] INFO  o.o.b.p.a.PullFromAggregateTracker - Pull Formulário da Vigilancia Comunitaria - Submission 3 of 8 downloaded
2025-12-19 10:34:01,436 [ForkJoinPool-5-worker-11] INFO  o.o.b.p.a.PullFromAggregateTracker - Pull Formulário da Vigilancia Hospitalar - Laboratório - Start downloading submission 18 of 37
2025-12-19 10:34:01,436 [ForkJoinPool-5-worker-4] INFO  o.o.b.p.a.PullFromAggregateTracker - Pull Formulário da Vigilancia Comunitaria - Start downloading submission 5 of 8
2025-12-19 10:34:01,463 [ForkJoinPool-5-worker-15] INFO  o.o.b.p.a.PullFromAggregateTracker - Pull Formulário da Vigilancia Hospitalar - Submission 2 of 14 downloaded
2025-12-19 10:34:01,465 [ForkJoinPool-5-worker-15] INFO  o.o.b.p.a.PullFromAggregateTracker - Pull Formulário da Vigilancia Hospitalar - Start downloading submission 4 of 14
2025-12-19 10:34:01,523 [ForkJoinPool-5-worker-2] INFO  o.o.b.p.a.PullFromAggregateTracker - Pull Formulário da Vigilancia Hospitalar - Laboratório - Submission 11 of 20 downloaded
2025-12-19 10:34:01,523 [ForkJoinPool-5-worker-2] INFO  o.o.b.p.a.PullFromAggregateTracker - Pull Formulário da Vigilancia Hospitalar - Laboratório - Start downloading submission 14 of 20
2025-12-19 10:34:01,538 [ForkJoinPool-5-worker-1] INFO  o.o.b.p.a.PullFromAggregateTracker - Pull Formulário da Vigilancia Comunitaria - Submission 4 of 11 downloaded
2025-12-19 10:34:01,538 [ForkJoinPool-5-worker-6] INFO  o.o.b.p.a.PullFromAggregateTracker - Pull Formulário da Vigilancia Comunitaria - Submission 4 of 8 downloaded
2025-12-19 10:34:01,538 [ForkJoinPool-5-worker-13] INFO  o.o.b.p.a.PullFromAggregateTracker - Pull Formulário da Vigilancia Hospitalar - Submission 3 of 14 downloaded
2025-12-19 10:34:01,538 [ForkJoinPool-5-worker-10] INFO  o.o.b.p.a.PullFromAggregateTracker - Pull Formulário da Vigilancia Hospitalar - Laboratório - Submission 16 of 37 downloaded
2025-12-19 10:34:01,541 [ForkJoinPool-5-worker-13] INFO  o.o.b.p.a.PullFromAggregateTracker - Pull Formulário da Vigilancia Hospitalar - Start downloading submission 5 of 14
2025-12-19 10:34:01,541 [ForkJoinPool-5-worker-6] INFO  o.o.b.p.a.PullFromAggregateTracker - Pull Formulário da Vigilancia Comunitaria - Start downloading submission 6 of 8
2025-12-19 10:34:01,541 [ForkJoinPool-5-worker-10] INFO  o.o.b.p.a.PullFromAggregateTracker - Pull Formulário da Vigilancia Hospitalar - Laboratório - Start downloading submission 19 of 37
2025-12-19 10:34:01,541 [ForkJoinPool-5-worker-1] INFO  o.o.b.p.a.PullFromAggregateTracker - Pull Formulário da Vigilancia Comunitaria - Start downloading submission 5 of 11
2025-12-19 10:34:01,686 [ForkJoinPool-5-worker-9] INFO  o.o.b.p.a.PullFromAggregateTracker - Pull Formulário da Vigilancia Hospitalar - Laboratório - Submission 13 of 20 downloaded
2025-12-19 10:34:01,686 [ForkJoinPool-5-worker-8] INFO  o.o.b.p.a.PullFromAggregateTracker - Pull Formulário da Vigilancia Hospitalar - Laboratório - Submission 12 of 20 downloaded
2025-12-19 10:34:01,688 [ForkJoinPool-5-worker-9] INFO  o.o.b.p.a.PullFromAggregateTracker - Pull Formulário da Vigilancia Hospitalar - Laboratório - Start downloading submission 15 of 20
2025-12-19 10:34:01,689 [ForkJoinPool-5-worker-8] INFO  o.o.b.p.a.PullFromAggregateTracker - Pull Formulário da Vigilancia Hospitalar - Laboratório - Start downloading submission 16 of 20
2025-12-19 10:34:01,697 [ForkJoinPool-5-worker-3] INFO  o.o.b.p.a.PullFromAggregateTracker - Pull Formulário da Vigilancia Hospitalar - Laboratório - Submission 17 of 37 downloaded
2025-12-19 10:34:01,699 [ForkJoinPool-5-worker-3] INFO  o.o.b.p.a.PullFromAggregateTracker - Pull Formulário da Vigilancia Hospitalar - Laboratório - Start downloading submission 20 of 37
2025-12-19 10:34:01,788 [ForkJoinPool-5-worker-4] INFO  o.o.b.p.a.PullFromAggregateTracker - Pull Formulário da Vigilancia Comunitaria - Submission 5 of 8 downloaded
2025-12-19 10:34:01,789 [ForkJoinPool-5-worker-4] INFO  o.o.b.p.a.PullFromAggregateTracker - Pull Formulário da Vigilancia Comunitaria - Start downloading submission 7 of 8
2025-12-19 10:34:01,795 [ForkJoinPool-5-worker-2] INFO  o.o.b.p.a.PullFromAggregateTracker - Pull Formulário da Vigilancia Hospitalar - Laboratório - Submission 14 of 20 downloaded
2025-12-19 10:34:01,797 [ForkJoinPool-5-worker-2] INFO  o.o.b.p.a.PullFromAggregateTracker - Pull Formulário da Vigilancia Hospitalar - Start downloading submission 6 of 14
2025-12-19 10:34:01,797 [ForkJoinPool-5-worker-11] INFO  o.o.b.p.a.PullFromAggregateTracker - Pull Formulário da Vigilancia Hospitalar - Laboratório - Submission 18 of 37 downloaded
2025-12-19 10:34:01,797 [ForkJoinPool-5-worker-15] INFO  o.o.b.p.a.PullFromAggregateTracker - Pull Formulário da Vigilancia Hospitalar - Submission 4 of 14 downloaded
2025-12-19 10:34:01,799 [ForkJoinPool-5-worker-11] INFO  o.o.b.p.a.PullFromAggregateTracker - Pull Formulário da Vigilancia Hospitalar - Laboratório - Start downloading submission 21 of 37
2025-12-19 10:34:01,799 [ForkJoinPool-5-worker-15] INFO  o.o.b.p.a.PullFromAggregateTracker - Pull Formulário da Vigilancia Hospitalar - Start downloading submission 7 of 14
2025-12-19 10:34:01,813 [ForkJoinPool-5-worker-13] INFO  o.o.b.p.a.PullFromAggregateTracker - Pull Formulário da Vigilancia Hospitalar - Submission 5 of 14 downloaded
2025-12-19 10:34:01,815 [ForkJoinPool-5-worker-13] INFO  o.o.b.p.a.PullFromAggregateTracker - Pull Formulário da Vigilancia Hospitalar - Start downloading submission 8 of 14
2025-12-19 10:34:01,939 [ForkJoinPool-5-worker-10] INFO  o.o.b.p.a.PullFromAggregateTracker - Pull Formulário da Vigilancia Hospitalar - Laboratório - Submission 19 of 37 downloaded
2025-12-19 10:34:01,940 [ForkJoinPool-5-worker-10] INFO  o.o.b.p.a.PullFromAggregateTracker - Pull Formulário da Vigilancia Hospitalar - Laboratório - Start downloading submission 22 of 37
2025-12-19 10:34:01,985 [ForkJoinPool-5-worker-1] INFO  o.o.b.p.a.PullFromAggregateTracker - Pull Formulário da Vigilancia Comunitaria - Submission 5 of 11 downloaded
2025-12-19 10:34:01,986 [ForkJoinPool-5-worker-6] INFO  o.o.b.p.a.PullFromAggregateTracker - Pull Formulário da Vigilancia Comunitaria - Submission 6 of 8 downloaded
2025-12-19 10:34:01,986 [ForkJoinPool-5-worker-1] INFO  o.o.b.p.a.PullFromAggregateTracker - Pull Formulário da Vigilancia Comunitaria - Start downloading submission 6 of 11
2025-12-19 10:34:01,986 [ForkJoinPool-5-worker-6] INFO  o.o.b.p.a.PullFromAggregateTracker - Pull Formulário da Vigilancia Hospitalar - Start downloading submission 9 of 14
2025-12-19 10:34:02,090 [ForkJoinPool-5-worker-2] INFO  o.o.b.p.a.PullFromAggregateTracker - Pull Formulário da Vigilancia Hospitalar - Submission 6 of 14 downloaded
2025-12-19 10:34:02,090 [ForkJoinPool-5-worker-9] INFO  o.o.b.p.a.PullFromAggregateTracker - Pull Formulário da Vigilancia Hospitalar - Laboratório - Submission 15 of 20 downloaded
2025-12-19 10:34:02,090 [ForkJoinPool-5-worker-3] INFO  o.o.b.p.a.PullFromAggregateTracker - Pull Formulário da Vigilancia Hospitalar - Laboratório - Submission 20 of 37 downloaded
2025-12-19 10:34:02,090 [ForkJoinPool-5-worker-4] INFO  o.o.b.p.a.PullFromAggregateTracker - Pull Formulário da Vigilancia Comunitaria - Submission 7 of 8 downloaded
2025-12-19 10:34:02,090 [ForkJoinPool-5-worker-8] INFO  o.o.b.p.a.PullFromAggregateTracker - Pull Formulário da Vigilancia Hospitalar - Laboratório - Submission 16 of 20 downloaded
2025-12-19 10:34:02,093 [ForkJoinPool-5-worker-2] INFO  o.o.b.p.a.PullFromAggregateTracker - Pull Formulário da Vigilancia Hospitalar - Start downloading submission 10 of 14
2025-12-19 10:34:02,093 [ForkJoinPool-5-worker-9] INFO  o.o.b.p.a.PullFromAggregateTracker - Pull Formulário da Vigilancia Hospitalar - Laboratório - Start downloading submission 17 of 20
2025-12-19 10:34:02,093 [ForkJoinPool-5-worker-4] INFO  o.o.b.p.a.PullFromAggregateTracker - Pull Formulário da Vigilancia Comunitaria - Start downloading submission 8 of 8
2025-12-19 10:34:02,093 [ForkJoinPool-5-worker-3] INFO  o.o.b.p.a.PullFromAggregateTracker - Pull Formulário da Vigilancia Hospitalar - Start downloading submission 11 of 14
2025-12-19 10:34:02,093 [ForkJoinPool-5-worker-8] INFO  o.o.b.p.a.PullFromAggregateTracker - Pull Formulário da Vigilancia Hospitalar - Laboratório - Start downloading submission 18 of 20
2025-12-19 10:34:02,187 [ForkJoinPool-5-worker-11] INFO  o.o.b.p.a.PullFromAggregateTracker - Pull Formulário da Vigilancia Hospitalar - Laboratório - Submission 21 of 37 downloaded
2025-12-19 10:34:02,190 [ForkJoinPool-5-worker-11] INFO  o.o.b.p.a.PullFromAggregateTracker - Pull Formulário da Vigilancia Hospitalar - Laboratório - Start downloading submission 23 of 37
2025-12-19 10:34:02,243 [ForkJoinPool-5-worker-15] INFO  o.o.b.p.a.PullFromAggregateTracker - Pull Formulário da Vigilancia Hospitalar - Submission 7 of 14 downloaded
2025-12-19 10:34:02,248 [ForkJoinPool-5-worker-15] INFO  o.o.b.p.a.PullFromAggregateTracker - Pull Formulário da Vigilancia Hospitalar - Start downloading submission 12 of 14
2025-12-19 10:34:02,285 [ForkJoinPool-5-worker-13] INFO  o.o.b.p.a.PullFromAggregateTracker - Pull Formulário da Vigilancia Hospitalar - Submission 8 of 14 downloaded
2025-12-19 10:34:02,285 [ForkJoinPool-5-worker-13] INFO  o.o.b.p.a.PullFromAggregateTracker - Pull VIGILÂNCIA  AMBIENTAL - Start pulling form and submissions
2025-12-19 10:34:02,285 [ForkJoinPool-5-worker-13] INFO  o.o.b.p.a.PullFromAggregateTracker - Pull VIGILÂNCIA  AMBIENTAL - Start downloading form
2025-12-19 10:34:02,328 [ForkJoinPool-5-worker-10] INFO  o.o.b.p.a.PullFromAggregateTracker - Pull Formulário da Vigilancia Hospitalar - Laboratório - Submission 22 of 37 downloaded
2025-12-19 10:34:02,329 [ForkJoinPool-5-worker-10] INFO  o.o.b.p.a.PullFromAggregateTracker - Pull Formulário da Vigilancia Hospitalar - Laboratório - Start downloading submission 24 of 37
2025-12-19 10:34:02,339 [ForkJoinPool-5-worker-9] INFO  o.o.b.p.a.PullFromAggregateTracker - Pull Formulário da Vigilancia Hospitalar - Laboratório - Submission 17 of 20 downloaded
2025-12-19 10:34:02,341 [ForkJoinPool-5-worker-9] INFO  o.o.b.p.a.PullFromAggregateTracker - Pull Formulário da Vigilancia Hospitalar - Laboratório - Start downloading submission 19 of 20
2025-12-19 10:34:02,365 [ForkJoinPool-5-worker-6] INFO  o.o.b.p.a.PullFromAggregateTracker - Pull Formulário da Vigilancia Hospitalar - Submission 9 of 14 downloaded
2025-12-19 10:34:02,365 [ForkJoinPool-5-worker-1] INFO  o.o.b.p.a.PullFromAggregateTracker - Pull Formulário da Vigilancia Comunitaria - Submission 6 of 11 downloaded
2025-12-19 10:34:02,365 [ForkJoinPool-5-worker-2] INFO  o.o.b.p.a.PullFromAggregateTracker - Pull Formulário da Vigilancia Hospitalar - Submission 10 of 14 downloaded
2025-12-19 10:34:02,366 [ForkJoinPool-5-worker-1] INFO  o.o.b.p.a.PullFromAggregateTracker - Pull Formulário da Vigilancia Comunitaria - Start downloading submission 7 of 11
2025-12-19 10:34:02,367 [ForkJoinPool-5-worker-6] INFO  o.o.b.p.a.PullFromAggregateTracker - Pull Formulário da Vigilancia Hospitalar - Laboratório - Start downloading submission 20 of 20
2025-12-19 10:34:02,367 [ForkJoinPool-5-worker-2] INFO  o.o.b.p.a.PullFromAggregateTracker - Pull Formulário da Vigilancia Hospitalar - Start downloading submission 13 of 14
2025-12-19 10:34:02,454 [ForkJoinPool-5-worker-3] INFO  o.o.b.p.a.PullFromAggregateTracker - Pull Formulário da Vigilancia Hospitalar - Submission 11 of 14 downloaded
2025-12-19 10:34:02,454 [ForkJoinPool-5-worker-3] INFO  o.o.b.p.a.PullFromAggregateTracker - Pull Formulário da Vigilancia Hospitalar - Laboratório - Start downloading submission 25 of 37
2025-12-19 10:34:02,494 [ForkJoinPool-5-worker-4] INFO  o.o.b.p.a.PullFromAggregateTracker - Pull Formulário da Vigilancia Comunitaria - Submission 8 of 8 downloaded
2025-12-19 10:34:02,494 [ForkJoinPool-5-worker-4] INFO  o.o.b.p.a.PullFromAggregateTracker - Pull Formulário da Vigilancia Comunitaria - Success
2025-12-19 10:34:02,495 [ForkJoinPool-5-worker-4] INFO  o.o.b.p.a.PullFromAggregateTracker - Pull Formulário da Vigilancia Hospitalar - Start downloading submission 14 of 14
2025-12-19 10:34:02,528 [ForkJoinPool-5-worker-8] INFO  o.o.b.p.a.PullFromAggregateTracker - Pull Formulário da Vigilancia Hospitalar - Laboratório - Submission 18 of 20 downloaded
2025-12-19 10:34:02,528 [ForkJoinPool-5-worker-8] INFO  o.o.b.p.a.PullFromAggregateTracker - Pull Formulário da Vigilancia Hospitalar - Laboratório - Start downloading submission 26 of 37
2025-12-19 10:34:02,572 [ForkJoinPool-5-worker-11] INFO  o.o.b.p.a.PullFromAggregateTracker - Pull Formulário da Vigilancia Hospitalar - Laboratório - Submission 23 of 37 downloaded
2025-12-19 10:34:02,575 [ForkJoinPool-5-worker-11] INFO  o.o.b.p.a.PullFromAggregateTracker - Pull Formulário da Vigilancia Hospitalar - Laboratório - Start downloading submission 27 of 37
2025-12-19 10:34:02,618 [ForkJoinPool-5-worker-9] INFO  o.o.b.p.a.PullFromAggregateTracker - Pull Formulário da Vigilancia Hospitalar - Laboratório - Submission 19 of 20 downloaded
2025-12-19 10:34:02,618 [ForkJoinPool-5-worker-10] INFO  o.o.b.p.a.PullFromAggregateTracker - Pull Formulário da Vigilancia Hospitalar - Laboratório - Submission 24 of 37 downloaded
2025-12-19 10:34:02,620 [ForkJoinPool-5-worker-15] INFO  o.o.b.p.a.PullFromAggregateTracker - Pull Formulário da Vigilancia Hospitalar - Submission 12 of 14 downloaded
2025-12-19 10:34:02,620 [ForkJoinPool-5-worker-10] INFO  o.o.b.p.a.PullFromAggregateTracker - Pull Formulário da Vigilancia Hospitalar - Laboratório - Start downloading submission 28 of 37
2025-12-19 10:34:02,624 [ForkJoinPool-5-worker-13] INFO  o.o.b.p.a.PullFromAggregateTracker - Pull VIGILÂNCIA  AMBIENTAL - Form downloaded
2025-12-19 10:34:02,624 [ForkJoinPool-5-worker-13] INFO  o.o.b.p.a.PullFromAggregateTracker - Pull VIGILÂNCIA  AMBIENTAL - Start getting submission IDs
2025-12-19 10:34:02,714 [ForkJoinPool-5-worker-6] INFO  o.o.b.p.a.PullFromAggregateTracker - Pull Formulário da Vigilancia Hospitalar - Laboratório - Submission 20 of 20 downloaded
2025-12-19 10:34:02,714 [ForkJoinPool-5-worker-6] INFO  o.o.b.p.a.PullFromAggregateTracker - Pull Formulário da Vigilancia Hospitalar - Laboratório - Start downloading submission 29 of 37
2025-12-19 10:34:02,714 [ForkJoinPool-5-worker-9] INFO  o.o.b.p.a.PullFromAggregateTracker - Pull Formulário da Vigilancia Hospitalar - Laboratório - Success
2025-12-19 10:34:02,717 [ForkJoinPool-5-worker-9] INFO  o.o.b.p.a.PullFromAggregateTracker - Pull Formulário da Vigilancia Comunitaria - Start pulling form and submissions
2025-12-19 10:34:02,717 [ForkJoinPool-5-worker-9] INFO  o.o.b.p.a.PullFromAggregateTracker - Pull Formulário da Vigilancia Comunitaria - Start downloading form
2025-12-19 10:34:02,751 [ForkJoinPool-5-worker-2] INFO  o.o.b.p.a.PullFromAggregateTracker - Pull Formulário da Vigilancia Hospitalar - Submission 13 of 14 downloaded
2025-12-19 10:34:02,751 [ForkJoinPool-5-worker-2] INFO  o.o.b.p.a.PullFromAggregateTracker - Pull Formulário da Vigilancia Hospitalar - Start pulling form and submissions
2025-12-19 10:34:02,751 [ForkJoinPool-5-worker-2] INFO  o.o.b.p.a.PullFromAggregateTracker - Pull Formulário da Vigilancia Hospitalar - Start downloading form
2025-12-19 10:34:02,767 [AWT-EventQueue-0] INFO  XFormParser - Reading XML and parsing with kXML2 finished in 1.266 ms
2025-12-19 10:34:02,769 [AWT-EventQueue-0] INFO  XFormParser - Consolidating text finished in 1.020 ms
2025-12-19 10:34:02,769 [AWT-EventQueue-0] INFO  XFormParser - Parsing form...
2025-12-19 10:34:02,769 [AWT-EventQueue-0] INFO  XFormParser - Title: "VIGILÂNCIA  AMBIENTAL"
2025-12-19 10:34:02,769 [AWT-EventQueue-0] WARN  XFormParser - XForm Parse Warning: Warning: 1 Unrecognized attributes found in Element [model] and will be ignored: [xforms-version] 
    Problem found at nodeset: /html/head/model
    With element <model xforms-version="1.0.0"><instance><data id="VIGILÂNCIA  AMBIENTAL_v3" version="3" prefix="VIGILÂNCIA  AMBIENTAL_v3" delimiter="$">...

2025-12-19 10:34:02,776 [ForkJoinPool-5-worker-1] INFO  o.o.b.p.a.PullFromAggregateTracker - Pull Formulário da Vigilancia Comunitaria - Submission 7 of 11 downloaded
2025-12-19 10:34:02,777 [ForkJoinPool-5-worker-1] INFO  o.o.b.p.a.PullFromAggregateTracker - Pull Formulário da Vigilancia Comunitaria - Start downloading submission 8 of 11
2025-12-19 10:34:02,790 [AWT-EventQueue-0] INFO  XFormParser - Creating FormDef from parsed XML finished in 20.367 ms
2025-12-19 10:34:02,812 [ForkJoinPool-5-worker-3] INFO  o.o.b.p.a.PullFromAggregateTracker - Pull Formulário da Vigilancia Hospitalar - Laboratório - Submission 25 of 37 downloaded
2025-12-19 10:34:02,813 [ForkJoinPool-5-worker-3] INFO  o.o.b.p.a.PullFromAggregateTracker - Pull Formulário da Vigilancia Hospitalar - Laboratório - Start downloading submission 30 of 37
2025-12-19 10:34:02,873 [ForkJoinPool-5-worker-8] INFO  o.o.b.p.a.PullFromAggregateTracker - Pull Formulário da Vigilancia Hospitalar - Laboratório - Submission 26 of 37 downloaded
2025-12-19 10:34:02,873 [ForkJoinPool-5-worker-10] INFO  o.o.b.p.a.PullFromAggregateTracker - Pull Formulário da Vigilancia Hospitalar - Laboratório - Submission 28 of 37 downloaded
2025-12-19 10:34:02,873 [ForkJoinPool-5-worker-11] INFO  o.o.b.p.a.PullFromAggregateTracker - Pull Formulário da Vigilancia Hospitalar - Laboratório - Submission 27 of 37 downloaded
2025-12-19 10:34:02,876 [ForkJoinPool-5-worker-11] INFO  o.o.b.p.a.PullFromAggregateTracker - Pull Formulário da Vigilancia Hospitalar - Laboratório - Start downloading submission 32 of 37
2025-12-19 10:34:02,876 [ForkJoinPool-5-worker-10] INFO  o.o.b.p.a.PullFromAggregateTracker - Pull Formulário da Vigilancia Hospitalar - Laboratório - Start downloading submission 33 of 37
2025-12-19 10:34:02,876 [ForkJoinPool-5-worker-8] INFO  o.o.b.p.a.PullFromAggregateTracker - Pull Formulário da Vigilancia Hospitalar - Laboratório - Start downloading submission 31 of 37
2025-12-19 10:34:02,877 [ForkJoinPool-5-worker-4] INFO  o.o.b.p.a.PullFromAggregateTracker - Pull Formulário da Vigilancia Hospitalar - Submission 14 of 14 downloaded
2025-12-19 10:34:02,879 [ForkJoinPool-5-worker-4] INFO  o.o.b.p.a.PullFromAggregateTracker - Pull Formulário da Vigilancia Hospitalar - Laboratório - Start downloading submission 34 of 37
2025-12-19 10:34:02,880 [ForkJoinPool-5-worker-15] INFO  o.o.b.p.a.PullFromAggregateTracker - Pull Formulário da Vigilancia Hospitalar - Success
2025-12-19 10:34:02,882 [ForkJoinPool-5-worker-15] INFO  o.o.b.p.a.PullFromAggregateTracker - Pull Formulário da Vigilancia Hospitalar - Laboratório - Start downloading submission 35 of 37
2025-12-19 10:34:02,957 [ForkJoinPool-5-worker-13] INFO  o.o.b.p.a.PullFromAggregateTracker - Pull VIGILÂNCIA  AMBIENTAL - Got all the submission IDs
2025-12-19 10:34:02,962 [ForkJoinPool-5-worker-13] INFO  o.o.b.p.a.PullFromAggregateTracker - Push VIGILÂNCIA  AMBIENTAL - There are no submissions to download
2025-12-19 10:34:02,964 [ForkJoinPool-5-worker-13] INFO  o.o.b.p.a.PullFromAggregateTracker - Pull VIGILÂNCIA  AMBIENTAL - Success
2025-12-19 10:34:02,965 [ForkJoinPool-5-worker-13] INFO  o.o.b.p.a.PullFromAggregateTracker - Pull Formulário da Vigilancia Hospitalar - Laboratório - Start downloading submission 36 of 37
2025-12-19 10:34:02,993 [ForkJoinPool-5-worker-6] INFO  o.o.b.p.a.PullFromAggregateTracker - Pull Formulário da Vigilancia Hospitalar - Laboratório - Submission 29 of 37 downloaded
2025-12-19 10:34:02,994 [ForkJoinPool-5-worker-6] INFO  o.o.b.p.a.PullFromAggregateTracker - Pull VIGILÂNCIA  AMBIENTAL - Start pulling form and submissions
2025-12-19 10:34:02,994 [ForkJoinPool-5-worker-6] INFO  o.o.b.p.a.PullFromAggregateTracker - Pull VIGILÂNCIA  AMBIENTAL - Start downloading form
2025-12-19 10:34:03,184 [ForkJoinPool-5-worker-3] INFO  o.o.b.p.a.PullFromAggregateTracker - Pull Formulário da Vigilancia Hospitalar - Laboratório - Submission 30 of 37 downloaded
2025-12-19 10:34:03,185 [ForkJoinPool-5-worker-8] INFO  o.o.b.p.a.PullFromAggregateTracker - Pull Formulário da Vigilancia Hospitalar - Laboratório - Submission 31 of 37 downloaded
2025-12-19 10:34:03,186 [ForkJoinPool-5-worker-1] INFO  o.o.b.p.a.PullFromAggregateTracker - Pull Formulário da Vigilancia Comunitaria - Submission 8 of 11 downloaded
2025-12-19 10:34:03,187 [ForkJoinPool-5-worker-10] INFO  o.o.b.p.a.PullFromAggregateTracker - Pull Formulário da Vigilancia Hospitalar - Laboratório - Submission 33 of 37 downloaded
2025-12-19 10:34:03,187 [ForkJoinPool-5-worker-1] INFO  o.o.b.p.a.PullFromAggregateTracker - Pull Formulário da Vigilancia Comunitaria - Start downloading submission 9 of 11
2025-12-19 10:34:03,187 [ForkJoinPool-5-worker-3] INFO  o.o.b.p.a.PullFromAggregateTracker - Pull Formulário da Vigilancia Hospitalar - Laboratório - Start downloading submission 37 of 37
2025-12-19 10:34:03,187 [ForkJoinPool-5-worker-8] INFO  o.o.b.p.a.PullFromAggregateTracker - Pull Formulário da Vigilancia Comunitaria - Start downloading submission 10 of 11
2025-12-19 10:34:03,196 [ForkJoinPool-5-worker-11] INFO  o.o.b.p.a.PullFromAggregateTracker - Pull Formulário da Vigilancia Hospitalar - Laboratório - Submission 32 of 37 downloaded
2025-12-19 10:34:03,196 [ForkJoinPool-5-worker-11] INFO  o.o.b.p.a.PullFromAggregateTracker - Pull Formulário da Vigilancia Comunitaria - Start downloading submission 11 of 11
2025-12-19 10:34:03,232 [ForkJoinPool-5-worker-4] INFO  o.o.b.p.a.PullFromAggregateTracker - Pull Formulário da Vigilancia Hospitalar - Laboratório - Submission 34 of 37 downloaded
2025-12-19 10:34:03,233 [ForkJoinPool-5-worker-4] INFO  o.o.b.p.a.PullFromAggregateTracker - Pull Formulário da Vigilancia Comunitaria - Start pulling form and submissions
2025-12-19 10:34:03,234 [ForkJoinPool-5-worker-4] INFO  o.o.b.p.a.PullFromAggregateTracker - Pull Formulário da Vigilancia Comunitaria - Start downloading form
2025-12-19 10:34:03,353 [ForkJoinPool-5-worker-2] INFO  o.o.b.p.a.PullFromAggregateTracker - Pull Formulário da Vigilancia Hospitalar - Form downloaded
2025-12-19 10:34:03,355 [ForkJoinPool-5-worker-2] INFO  o.o.b.p.a.PullFromAggregateTracker - Pull Formulário da Vigilancia Hospitalar - Start getting submission IDs
2025-12-19 10:34:03,373 [ForkJoinPool-5-worker-9] INFO  o.o.b.p.a.PullFromAggregateTracker - Pull Formulário da Vigilancia Comunitaria - Form downloaded
2025-12-19 10:34:03,373 [ForkJoinPool-5-worker-9] INFO  o.o.b.p.a.PullFromAggregateTracker - Pull Formulário da Vigilancia Comunitaria - Start getting submission IDs
2025-12-19 10:34:03,452 [ForkJoinPool-5-worker-3] INFO  o.o.b.p.a.PullFromAggregateTracker - Pull Formulário da Vigilancia Hospitalar - Laboratório - Submission 37 of 37 downloaded
2025-12-19 10:34:03,453 [ForkJoinPool-5-worker-15] INFO  o.o.b.p.a.PullFromAggregateTracker - Pull Formulário da Vigilancia Hospitalar - Laboratório - Submission 35 of 37 downloaded
2025-12-19 10:34:03,452 [ForkJoinPool-5-worker-13] INFO  o.o.b.p.a.PullFromAggregateTracker - Pull Formulário da Vigilancia Hospitalar - Laboratório - Submission 36 of 37 downloaded
2025-12-19 10:34:03,453 [ForkJoinPool-5-worker-13] INFO  o.o.b.p.a.PullFromAggregateTracker - Pull Formulário da Vigilancia Hospitalar - Start pulling form and submissions
2025-12-19 10:34:03,453 [ForkJoinPool-5-worker-13] INFO  o.o.b.p.a.PullFromAggregateTracker - Pull Formulário da Vigilancia Hospitalar - Start downloading form
2025-12-19 10:34:03,456 [ForkJoinPool-5-worker-10] INFO  o.o.b.p.a.PullFromAggregateTracker - Pull Formulário da Vigilancia Hospitalar - Laboratório - Success
2025-12-19 10:34:03,457 [ForkJoinPool-5-worker-6] INFO  o.o.b.p.a.PullFromAggregateTracker - Pull VIGILÂNCIA  AMBIENTAL - Form downloaded
2025-12-19 10:34:03,457 [ForkJoinPool-5-worker-6] INFO  o.o.b.p.a.PullFromAggregateTracker - Pull VIGILÂNCIA  AMBIENTAL - Start getting submission IDs
2025-12-19 10:34:03,461 [ForkJoinPool-5-worker-8] INFO  o.o.b.p.a.PullFromAggregateTracker - Pull Formulário da Vigilancia Comunitaria - Submission 10 of 11 downloaded
2025-12-19 10:34:03,470 [ForkJoinPool-5-worker-1] INFO  o.o.b.p.a.PullFromAggregateTracker - Pull Formulário da Vigilancia Comunitaria - Submission 9 of 11 downloaded
2025-12-19 10:34:03,513 [AWT-EventQueue-0] INFO  XFormParser - Reading XML and parsing with kXML2 finished in 13.405 ms
2025-12-19 10:34:03,533 [AWT-EventQueue-0] INFO  XFormParser - Consolidating text finished in 18.388 ms
2025-12-19 10:34:03,533 [AWT-EventQueue-0] INFO  XFormParser - Parsing form...
2025-12-19 10:34:03,533 [AWT-EventQueue-0] INFO  XFormParser - Title: "Formulário da Vigilancia Comunitaria"
2025-12-19 10:34:03,533 [AWT-EventQueue-0] WARN  XFormParser - XForm Parse Warning: Warning: 1 Unrecognized attributes found in Element [model] and will be ignored: [xforms-version] 
    Problem found at nodeset: /html/head/model
    With element <model xforms-version="1.0.0"><instance><data id="Comunidade_v3" version="1" prefix="Comunidade_v3" delimiter="$">...

2025-12-19 10:34:03,580 [AWT-EventQueue-0] INFO  XFormParser - Creating FormDef from parsed XML finished in 47.014 ms
2025-12-19 10:34:03,592 [ForkJoinPool-5-worker-11] INFO  o.o.b.p.a.PullFromAggregateTracker - Pull Formulário da Vigilancia Comunitaria - Submission 11 of 11 downloaded
2025-12-19 10:34:03,594 [ForkJoinPool-5-worker-1] INFO  o.o.b.p.a.PullFromAggregateTracker - Pull Formulário da Vigilancia Comunitaria - Success
2025-12-19 10:34:03,615 [AWT-EventQueue-0] INFO  XFormParser - Reading XML and parsing with kXML2 finished in 14.959 ms
2025-12-19 10:34:03,622 [AWT-EventQueue-0] INFO  XFormParser - Consolidating text finished in 7.847 ms
2025-12-19 10:34:03,622 [AWT-EventQueue-0] INFO  XFormParser - Parsing form...
2025-12-19 10:34:03,622 [AWT-EventQueue-0] INFO  XFormParser - Title: "Formulário da Vigilancia Hospitalar"
2025-12-19 10:34:03,622 [AWT-EventQueue-0] WARN  XFormParser - XForm Parse Warning: Warning: 1 Unrecognized attributes found in Element [model] and will be ignored: [xforms-version] 
    Problem found at nodeset: /html/head/model
    With element <model xforms-version="1.0.0"><instance><data id="hospitalar_v4" version="1" prefix="hospitalar_v4" delimiter="$">...

2025-12-19 10:34:03,686 [AWT-EventQueue-0] INFO  XFormParser - Creating FormDef from parsed XML finished in 62.431 ms
2025-12-19 10:34:03,700 [AWT-EventQueue-0] INFO  XFormParser - Reading XML and parsing with kXML2 finished in 3.240 ms
2025-12-19 10:34:03,702 [AWT-EventQueue-0] INFO  XFormParser - Consolidating text finished in 1.011 ms
2025-12-19 10:34:03,702 [AWT-EventQueue-0] INFO  XFormParser - Parsing form...
2025-12-19 10:34:03,702 [AWT-EventQueue-0] INFO  XFormParser - Title: "VIGILÂNCIA  AMBIENTAL"
2025-12-19 10:34:03,702 [AWT-EventQueue-0] WARN  XFormParser - XForm Parse Warning: Warning: 1 Unrecognized attributes found in Element [model] and will be ignored: [xforms-version] 
    Problem found at nodeset: /html/head/model
    With element <model xforms-version="1.0.0"><instance><data id="VIGILÂNCIA AMBIENTAL_v4" version="4" prefix="VIGILÂNCIA AMBIENTAL_v4" delimiter="$">...

2025-12-19 10:34:03,706 [ForkJoinPool-5-worker-2] INFO  o.o.b.p.a.PullFromAggregateTracker - Pull Formulário da Vigilancia Hospitalar - Got all the submission IDs
2025-12-19 10:34:03,706 [ForkJoinPool-5-worker-9] INFO  o.o.b.p.a.PullFromAggregateTracker - Pull Formulário da Vigilancia Comunitaria - Got all the submission IDs
2025-12-19 10:34:03,710 [ForkJoinPool-5-worker-6] INFO  o.o.b.p.a.PullFromAggregateTracker - Pull VIGILÂNCIA  AMBIENTAL - Got all the submission IDs
2025-12-19 10:34:03,716 [ForkJoinPool-5-worker-6] INFO  o.o.b.p.a.PullFromAggregateTracker - Push VIGILÂNCIA  AMBIENTAL - There are no submissions to download
2025-12-19 10:34:03,718 [AWT-EventQueue-0] INFO  XFormParser - Creating FormDef from parsed XML finished in 15.631 ms
2025-12-19 10:34:03,719 [ForkJoinPool-5-worker-6] INFO  o.o.b.p.a.PullFromAggregateTracker - Pull VIGILÂNCIA  AMBIENTAL - Success
2025-12-19 10:34:03,819 [ForkJoinPool-5-worker-9] INFO  o.o.b.p.a.PullFromAggregateTracker - Push Formulário da Vigilancia Comunitaria - There are no submissions to download
2025-12-19 10:34:03,820 [ForkJoinPool-5-worker-2] INFO  o.o.b.p.a.PullFromAggregateTracker - Push Formulário da Vigilancia Hospitalar - There are no submissions to download
2025-12-19 10:34:03,821 [ForkJoinPool-5-worker-9] INFO  o.o.b.p.a.PullFromAggregateTracker - Pull Formulário da Vigilancia Comunitaria - Success
2025-12-19 10:34:03,821 [ForkJoinPool-5-worker-2] INFO  o.o.b.p.a.PullFromAggregateTracker - Pull Formulário da Vigilancia Hospitalar - Success
2025-12-19 10:34:03,957 [ForkJoinPool-5-worker-4] INFO  o.o.b.p.a.PullFromAggregateTracker - Pull Formulário da Vigilancia Comunitaria - Form downloaded
2025-12-19 10:34:03,958 [ForkJoinPool-5-worker-4] INFO  o.o.b.p.a.PullFromAggregateTracker - Pull Formulário da Vigilancia Comunitaria - Start getting submission IDs
2025-12-19 10:34:03,984 [AWT-EventQueue-0] INFO  XFormParser - Reading XML and parsing with kXML2 finished in 16.431 ms
2025-12-19 10:34:03,995 [AWT-EventQueue-0] INFO  XFormParser - Consolidating text finished in 7.612 ms
2025-12-19 10:34:03,995 [AWT-EventQueue-0] INFO  XFormParser - Parsing form...
2025-12-19 10:34:03,995 [AWT-EventQueue-0] INFO  XFormParser - Title: "Formulário da Vigilancia Comunitaria"
2025-12-19 10:34:03,995 [AWT-EventQueue-0] WARN  XFormParser - XForm Parse Warning: Warning: 1 Unrecognized attributes found in Element [model] and will be ignored: [xforms-version] 
    Problem found at nodeset: /html/head/model
    With element <model xforms-version="1.0.0"><instance><data id="Comunidade_v4" version="1" prefix="Comunidade_v4" delimiter="$">...

2025-12-19 10:34:03,996 [ForkJoinPool-5-worker-13] INFO  o.o.b.p.a.PullFromAggregateTracker - Pull Formulário da Vigilancia Hospitalar - Form downloaded
2025-12-19 10:34:03,997 [ForkJoinPool-5-worker-13] INFO  o.o.b.p.a.PullFromAggregateTracker - Pull Formulário da Vigilancia Hospitalar - Start getting submission IDs
2025-12-19 10:34:04,062 [AWT-EventQueue-0] INFO  XFormParser - Creating FormDef from parsed XML finished in 67.044 ms
2025-12-19 10:34:04,097 [AWT-EventQueue-0] INFO  XFormParser - Reading XML and parsing with kXML2 finished in 16.489 ms
2025-12-19 10:34:04,105 [AWT-EventQueue-0] INFO  XFormParser - Consolidating text finished in 7.007 ms
2025-12-19 10:34:04,105 [AWT-EventQueue-0] INFO  XFormParser - Parsing form...
2025-12-19 10:34:04,105 [AWT-EventQueue-0] INFO  XFormParser - Title: "Formulário da Vigilancia Hospitalar"
2025-12-19 10:34:04,105 [AWT-EventQueue-0] WARN  XFormParser - XForm Parse Warning: Warning: 1 Unrecognized attributes found in Element [model] and will be ignored: [xforms-version] 
    Problem found at nodeset: /html/head/model
    With element <model xforms-version="1.0.0"><instance><data id="hospitalar_v5" version="1" prefix="hospitalar_v5" delimiter="$">...

2025-12-19 10:34:04,231 [ForkJoinPool-5-worker-4] INFO  o.o.b.p.a.PullFromAggregateTracker - Pull Formulário da Vigilancia Comunitaria - Got all the submission IDs
2025-12-19 10:34:04,239 [ForkJoinPool-5-worker-13] INFO  o.o.b.p.a.PullFromAggregateTracker - Pull Formulário da Vigilancia Hospitalar - Got all the submission IDs
2025-12-19 10:34:04,247 [AWT-EventQueue-0] INFO  XFormParser - Creating FormDef from parsed XML finished in 141.691 ms
2025-12-19 10:34:04,331 [ForkJoinPool-5-worker-4] INFO  o.o.b.p.a.PullFromAggregateTracker - Push Formulário da Vigilancia Comunitaria - There are no submissions to download
2025-12-19 10:34:04,334 [ForkJoinPool-5-worker-13] INFO  o.o.b.p.a.PullFromAggregateTracker - Push Formulário da Vigilancia Hospitalar - There are no submissions to download
2025-12-19 10:34:04,334 [ForkJoinPool-5-worker-4] INFO  o.o.b.p.a.PullFromAggregateTracker - Pull Formulário da Vigilancia Comunitaria - Success
2025-12-19 10:34:04,336 [ForkJoinPool-5-worker-13] INFO  o.o.b.p.a.PullFromAggregateTracker - Pull Formulário da Vigilancia Hospitalar - Success
2025-12-19 10:34:04,361 [AWT-EventQueue-0] INFO  XFormParser - Reading XML and parsing with kXML2 finished in 23.065 ms
2025-12-19 10:34:04,370 [AWT-EventQueue-0] INFO  XFormParser - Consolidating text finished in 9.353 ms
2025-12-19 10:34:04,370 [AWT-EventQueue-0] INFO  XFormParser - Parsing form...
2025-12-19 10:34:04,370 [AWT-EventQueue-0] INFO  XFormParser - Title: "Formulário da Vigilancia Comunitaria"
2025-12-19 10:34:04,370 [AWT-EventQueue-0] WARN  XFormParser - XForm Parse Warning: Warning: 1 Unrecognized attributes found in Element [model] and will be ignored: [xforms-version] 
    Problem found at nodeset: /html/head/model
    With element <model xforms-version="1.0.0"><instance><data id="Comunidade_v4" version="1" prefix="Comunidade_v4" delimiter="$">...

2025-12-19 10:34:04,422 [AWT-EventQueue-0] INFO  XFormParser - Creating FormDef from parsed XML finished in 50.351 ms
2025-12-19 10:34:34,948 [Thread-9] INFO  org.javarosa.core.model.FormDef - Dynamic select question has no choices! [instance(dis)/root/item]. If this occurs while filling out a form (and not while saving an incomplete form), the filter condition may have eliminated all the choices. Is that what you intended?
2025-12-19 10:34:34,955 [Thread-9] INFO  org.javarosa.core.model.FormDef - Dynamic select question has no choices! [instance(bairro)/root/item]. If this occurs while filling out a form (and not while saving an incomplete form), the filter condition may have eliminated all the choices. Is that what you intended?
2025-12-19 10:34:35,031 [Thread-9] INFO  XFormParser - Reading XML and parsing with kXML2 finished in 2.501 ms
2025-12-19 10:34:35,035 [Thread-9] INFO  XFormParser - Consolidating text finished in 2.965 ms
2025-12-19 10:34:35,035 [Thread-9] INFO  XFormParser - Parsing form...
2025-12-19 10:34:35,035 [Thread-9] INFO  XFormParser - Title: "Formulário de Colheita de Dados Cabo Delgado"
2025-12-19 10:34:35,035 [Thread-9] WARN  XFormParser - XForm Parse Warning: Warning: 1 Unrecognized attributes found in Element [model] and will be ignored: [xforms-version] 
    Problem found at nodeset: /html/head/model
    With element <model xforms-version="1.0.0"><instance><aEw6eXnJptPMjwvEq4VUkg id="Formulario_6_Colheita_Dados_Cabo_Delgado">...

2025-12-19 10:34:35,057 [Thread-9] WARN  XFormParser - XForm Parse Warning: choice value [v_rus_da_imunodefici_ncia_humana_e_terap] is too long; max. suggested length 32 chars
    Problem found at nodeset: /html/body/select[@ref=/aEw6eXnJptPMjwvEq4VUkg/area_de_estudo]/item/value
    With element <value>

2025-12-19 10:34:35,070 [Thread-9] INFO  XFormParser - Creating FormDef from parsed XML finished in 35.278 ms
2025-12-19 10:34:35,163 [Thread-9] INFO  org.javarosa.core.model.FormDef - Dynamic select question has no choices! [instance(Distrito_option_type)/root/item]. If this occurs while filling out a form (and not while saving an incomplete form), the filter condition may have eliminated all the choices. Is that what you intended?
2025-12-19 10:34:35,181 [Thread-9] INFO  org.javarosa.core.model.FormDef - Dynamic select question has no choices! [instance(Unidade_sanitaria_options)/root/item]. If this occurs while filling out a form (and not while saving an incomplete form), the filter condition may have eliminated all the choices. Is that what you intended?
2025-12-19 10:34:35,182 [Thread-9] INFO  org.javarosa.core.model.FormDef - Dynamic select question has no choices! [instance(tipo_amostra_options)/root/item]. If this occurs while filling out a form (and not while saving an incomplete form), the filter condition may have eliminated all the choices. Is that what you intended?
2025-12-19 10:34:35,325 [Thread-9] INFO  org.javarosa.core.model.FormDef - Dynamic select question has no choices! [instance(Distrito_option_type)/root/item]. If this occurs while filling out a form (and not while saving an incomplete form), the filter condition may have eliminated all the choices. Is that what you intended?
2025-12-19 10:34:35,625 [Thread-9] INFO  org.javarosa.core.model.FormDef - Dynamic select question has no choices! [instance(dis)/root/item]. If this occurs while filling out a form (and not while saving an incomplete form), the filter condition may have eliminated all the choices. Is that what you intended?
2025-12-19 10:34:35,632 [Thread-9] INFO  org.javarosa.core.model.FormDef - Dynamic select question has no choices! [instance(bairro)/root/item]. If this occurs while filling out a form (and not while saving an incomplete form), the filter condition may have eliminated all the choices. Is that what you intended?
2025-12-19 10:34:35,636 [ForkJoinPool-6-worker-2] INFO  o.o.b.export.ExportProcessTracker - Exported in 00:00:00.6166581
2025-12-19 10:34:36,475 [ForkJoinPool-6-worker-11] INFO  o.o.b.export.ExportProcessTracker - Exported in 00:00:01.3829175
2025-12-19 10:34:36,512 [ForkJoinPool-6-worker-15] INFO  o.o.b.export.ExportProcessTracker - Exported in 00:00:00.9833647
2025-12-19 10:34:37,585 [ForkJoinPool-6-worker-8] INFO  o.o.b.export.ExportProcessTracker - Exported in 00:00:02.0420481
2025-12-19 10:34:49,070 [ForkJoinPool-6-worker-9] INFO  o.o.b.export.ExportProcessTracker - Exported in 00:00:14.0938257
2025-12-19 10:34:49,753 [ForkJoinPool-6-worker-2] INFO  o.o.b.export.ExportProcessTracker - Exported in 00:00:14.1023906
2025-12-19 10:34:53,522 [ForkJoinPool-6-worker-1] INFO  o.o.b.export.ExportProcessTracker - Exported in 00:00:17.9424584
2025-12-19 10:34:56,751 [ForkJoinPool-6-worker-3] INFO  o.o.b.export.ExportProcessTracker - Exported in 00:00:21.5590476
