/*C1*/SET SCHEMA SYSTEM_LOBS
INSERT INTO BLOCKS VALUES(0,2147483647,0)
COMMIT
/*C3*/SET SCHEMA PUBLIC
CREATE TABLE recorded_instance (instanceId varchar(256) primary key, directory varchar(4096))
INSERT INTO RECORDED_INSTANCE VALUES('uuid:33b8b567-29f4-46bd-9178-507173a48786','instances\u005cuuid33b8b567-29f4-46bd-9178-507173a48786')
COMMIT
DISCONNECT
/*C2*/SET SCHEMA PUBLIC
INSERT INTO RECORDED_INSTANCE VALUES('uuid:a39d610e-b93f-44f6-957a-ed5ecf7aa078','instances\u005cuuida39d610e-b93f-44f6-957a-ed5ecf7aa078')
COMMIT
INSERT INTO RECORDED_INSTANCE VALUES('uuid:2a8d31e2-a2a5-4d7d-be5c-49366957aa6f','instances\u005cuuid2a8d31e2-a2a5-4d7d-be5c-49366957aa6f')
COMMIT
INSERT INTO RECORDED_INSTANCE VALUES('uuid:7d77ee59-509d-4ae9-b459-ba1c5cbec9ad','instances\u005cuuid7d77ee59-509d-4ae9-b459-ba1c5cbec9ad')
COMMIT
INSERT INTO RECORDED_INSTANCE VALUES('uuid:cf288a53-7401-4003-9ce3-c0752f888215','instances\u005cuuidcf288a53-7401-4003-9ce3-c0752f888215')
COMMIT
INSERT INTO RECORDED_INSTANCE VALUES('uuid:e58a4187-a021-4ccd-b46c-5fb0a0b1327f','instances\u005cuuide58a4187-a021-4ccd-b46c-5fb0a0b1327f')
COMMIT
INSERT INTO RECORDED_INSTANCE VALUES('uuid:2efd8a83-39df-4921-b1fb-ac12bdf4c8b7','instances\u005cuuid2efd8a83-39df-4921-b1fb-ac12bdf4c8b7')
COMMIT
INSERT INTO RECORDED_INSTANCE VALUES('uuid:87d491f2-dd57-4085-8a9f-21e070f90aa9','instances\u005cuuid87d491f2-dd57-4085-8a9f-21e070f90aa9')
COMMIT
INSERT INTO RECORDED_INSTANCE VALUES('uuid:fd1f9d92-c1cc-4917-ab6d-6ea9f03afad6','instances\u005cuuidfd1f9d92-c1cc-4917-ab6d-6ea9f03afad6')
COMMIT
INSERT INTO RECORDED_INSTANCE VALUES('uuid:d01e4c80-1656-4858-8444-d933825c2b80','instances\u005cuuidd01e4c80-1656-4858-8444-d933825c2b80')
COMMIT
INSERT INTO RECORDED_INSTANCE VALUES('uuid:1271fe37-eb21-4b1b-8075-ac1784c7df71','instances\u005cuuid1271fe37-eb21-4b1b-8075-ac1784c7df71')
COMMIT
INSERT INTO RECORDED_INSTANCE VALUES('uuid:dda12748-74ef-4899-ad94-d06a4e829a25','instances\u005cuuiddda12748-74ef-4899-ad94-d06a4e829a25')
COMMIT
INSERT INTO RECORDED_INSTANCE VALUES('uuid:7e7c3c75-f703-4875-9069-971e1c08cea0','instances\u005cuuid7e7c3c75-f703-4875-9069-971e1c08cea0')
COMMIT
INSERT INTO RECORDED_INSTANCE VALUES('uuid:6177c65a-ac31-4596-abb2-d6447855a7c3','instances\u005cuuid6177c65a-ac31-4596-abb2-d6447855a7c3')
COMMIT
INSERT INTO RECORDED_INSTANCE VALUES('uuid:172be1c9-b9d0-45c9-a9f4-758e81bee124','instances\u005cuuid172be1c9-b9d0-45c9-a9f4-758e81bee124')
COMMIT
INSERT INTO RECORDED_INSTANCE VALUES('uuid:5032c0a9-9bed-416f-8ba5-d683868647ea','instances\u005cuuid5032c0a9-9bed-416f-8ba5-d683868647ea')
COMMIT
INSERT INTO RECORDED_INSTANCE VALUES('uuid:5230a987-3fb8-49fd-a74c-9a447893fbe9','instances\u005cuuid5230a987-3fb8-49fd-a74c-9a447893fbe9')
COMMIT
INSERT INTO RECORDED_INSTANCE VALUES('uuid:18199c37-b639-4203-8a7f-0f0e04537e8d','instances\u005cuuid18199c37-b639-4203-8a7f-0f0e04537e8d')
COMMIT
INSERT INTO RECORDED_INSTANCE VALUES('uuid:6cc05a18-07fd-4508-a9c1-edad0682fe25','instances\u005cuuid6cc05a18-07fd-4508-a9c1-edad0682fe25')
COMMIT
INSERT INTO RECORDED_INSTANCE VALUES('uuid:e6309701-18af-4e76-8b9f-6b3a888590ba','instances\u005cuuide6309701-18af-4e76-8b9f-6b3a888590ba')
COMMIT
INSERT INTO RECORDED_INSTANCE VALUES('uuid:fc7aabda-dd15-4147-9caa-4757bebed822','instances\u005cuuidfc7aabda-dd15-4147-9caa-4757bebed822')
COMMIT
INSERT INTO RECORDED_INSTANCE VALUES('uuid:227adb9b-b081-4215-9201-ac9261f483a0','instances\u005cuuid227adb9b-b081-4215-9201-ac9261f483a0')
COMMIT
INSERT INTO RECORDED_INSTANCE VALUES('uuid:2f1037fd-1cb9-4b62-8615-1137dd4d928b','instances\u005cuuid2f1037fd-1cb9-4b62-8615-1137dd4d928b')
COMMIT
INSERT INTO RECORDED_INSTANCE VALUES('uuid:0c5a6c42-f89d-4ab5-b4b8-e5b4106abfa1','instances\u005cuuid0c5a6c42-f89d-4ab5-b4b8-e5b4106abfa1')
COMMIT
INSERT INTO RECORDED_INSTANCE VALUES('uuid:c4a8181a-214b-4263-9004-f36e1c0f5071','instances\u005cuuidc4a8181a-214b-4263-9004-f36e1c0f5071')
COMMIT
INSERT INTO RECORDED_INSTANCE VALUES('uuid:5cf6aa78-f338-4ef8-a3bb-ef60c26c1aca','instances\u005cuuid5cf6aa78-f338-4ef8-a3bb-ef60c26c1aca')
COMMIT
DISCONNECT
