/*C1*/SET SCHEMA SYSTEM_LOBS
INSERT INTO BLOCKS VALUES(0,2147483647,0)
COMMIT
/*C2*/SET SCHEMA PUBLIC
CREATE TABLE recorded_instance (instanceId varchar(256) primary key, directory varchar(4096))
INSERT INTO RECORDED_INSTANCE VALUES('uuid:a641e8d3-517e-44ce-a244-4883af17bb84','instances\u005cuuida641e8d3-517e-44ce-a244-4883af17bb84')
COMMIT
INSERT INTO RECORDED_INSTANCE VALUES('uuid:063fedbe-b425-43eb-8a8e-59f8417f7645','instances\u005cuuid063fedbe-b425-43eb-8a8e-59f8417f7645')
COMMIT
INSERT INTO RECORDED_INSTANCE VALUES('uuid:0d70d2b1-ee5c-47fb-978d-9ab929a3b878','instances\u005cuuid0d70d2b1-ee5c-47fb-978d-9ab929a3b878')
COMMIT
INSERT INTO RECORDED_INSTANCE VALUES('uuid:eaec871b-3a29-406c-9eed-4b3544ec5839','instances\u005cuuideaec871b-3a29-406c-9eed-4b3544ec5839')
COMMIT
INSERT INTO RECORDED_INSTANCE VALUES('uuid:f13e45b7-07ee-415a-b3f7-28f1b8f115a8','instances\u005cuuidf13e45b7-07ee-415a-b3f7-28f1b8f115a8')
COMMIT
INSERT INTO RECORDED_INSTANCE VALUES('uuid:04592c7a-b92c-49c8-8152-182a1667db54','instances\u005cuuid04592c7a-b92c-49c8-8152-182a1667db54')
COMMIT
INSERT INTO RECORDED_INSTANCE VALUES('uuid:5ab69c25-cec0-4dcb-82af-0853c1dc4ac5','instances\u005cuuid5ab69c25-cec0-4dcb-82af-0853c1dc4ac5')
COMMIT
INSERT INTO RECORDED_INSTANCE VALUES('uuid:55a3baf5-f5d7-41c2-8f23-7af35b571182','instances\u005cuuid55a3baf5-f5d7-41c2-8f23-7af35b571182')
COMMIT
INSERT INTO RECORDED_INSTANCE VALUES('uuid:aab7563b-26da-4491-97c7-3c51ab49da8f','instances\u005cuuidaab7563b-26da-4491-97c7-3c51ab49da8f')
COMMIT
INSERT INTO RECORDED_INSTANCE VALUES('uuid:c5c09a6c-9837-442c-974a-f70c2227d688','instances\u005cuuidc5c09a6c-9837-442c-974a-f70c2227d688')
COMMIT
INSERT INTO RECORDED_INSTANCE VALUES('uuid:a7605e86-88bc-42ca-8312-ba1679e4f1df','instances\u005cuuida7605e86-88bc-42ca-8312-ba1679e4f1df')
COMMIT
INSERT INTO RECORDED_INSTANCE VALUES('uuid:6b864a6e-3289-40ee-bb45-66a6afcc9e7d','instances\u005cuuid6b864a6e-3289-40ee-bb45-66a6afcc9e7d')
COMMIT
INSERT INTO RECORDED_INSTANCE VALUES('uuid:4a102b0b-f24d-422a-a59e-fb68fcd8fb05','instances\u005cuuid4a102b0b-f24d-422a-a59e-fb68fcd8fb05')
COMMIT
INSERT INTO RECORDED_INSTANCE VALUES('uuid:76ef0672-d504-4e52-a816-c77d9eb2f203','instances\u005cuuid76ef0672-d504-4e52-a816-c77d9eb2f203')
COMMIT
INSERT INTO RECORDED_INSTANCE VALUES('uuid:58ce74c7-34be-4aaf-bdae-3ae14080a363','instances\u005cuuid58ce74c7-34be-4aaf-bdae-3ae14080a363')
COMMIT
INSERT INTO RECORDED_INSTANCE VALUES('uuid:959ed643-a83c-4b12-8916-b84c467aaef8','instances\u005cuuid959ed643-a83c-4b12-8916-b84c467aaef8')
COMMIT
INSERT INTO RECORDED_INSTANCE VALUES('uuid:9e2e71ab-8635-442e-b836-caa5033415fc','instances\u005cuuid9e2e71ab-8635-442e-b836-caa5033415fc')
COMMIT
INSERT INTO RECORDED_INSTANCE VALUES('uuid:06d4e7ea-7426-4393-96d8-b6aafc406093','instances\u005cuuid06d4e7ea-7426-4393-96d8-b6aafc406093')
COMMIT
INSERT INTO RECORDED_INSTANCE VALUES('uuid:8abec015-af1b-45f0-8be8-0e7fc584f1e4','instances\u005cuuid8abec015-af1b-45f0-8be8-0e7fc584f1e4')
COMMIT
INSERT INTO RECORDED_INSTANCE VALUES('uuid:e86e0df4-dc43-49ea-baeb-4b58d30dac1b','instances\u005cuuide86e0df4-dc43-49ea-baeb-4b58d30dac1b')
COMMIT
INSERT INTO RECORDED_INSTANCE VALUES('uuid:30573a33-a406-4a00-9ae2-16933363696c','instances\u005cuuid30573a33-a406-4a00-9ae2-16933363696c')
COMMIT
INSERT INTO RECORDED_INSTANCE VALUES('uuid:931265bd-b2d1-493e-bbe4-29a5f45cb211','instances\u005cuuid931265bd-b2d1-493e-bbe4-29a5f45cb211')
COMMIT
INSERT INTO RECORDED_INSTANCE VALUES('uuid:3df2090b-21e0-44de-b471-f0bea967760e','instances\u005cuuid3df2090b-21e0-44de-b471-f0bea967760e')
COMMIT
INSERT INTO RECORDED_INSTANCE VALUES('uuid:3323317c-71ed-4bd1-a490-2483aa8dc886','instances\u005cuuid3323317c-71ed-4bd1-a490-2483aa8dc886')
COMMIT
INSERT INTO RECORDED_INSTANCE VALUES('uuid:70c53be0-5e79-4e56-b212-9621f2c6078a','instances\u005cuuid70c53be0-5e79-4e56-b212-9621f2c6078a')
COMMIT
INSERT INTO RECORDED_INSTANCE VALUES('uuid:cbac6aa4-de7c-4f99-ba9e-41414166ba9e','instances\u005cuuidcbac6aa4-de7c-4f99-ba9e-41414166ba9e')
COMMIT
INSERT INTO RECORDED_INSTANCE VALUES('uuid:b326ea2d-41cb-45ed-9a4c-7fe8fa5fb1a0','instances\u005cuuidb326ea2d-41cb-45ed-9a4c-7fe8fa5fb1a0')
COMMIT
INSERT INTO RECORDED_INSTANCE VALUES('uuid:a519889b-5588-4dc8-b7a5-26044dc0b9b4','instances\u005cuuida519889b-5588-4dc8-b7a5-26044dc0b9b4')
COMMIT
INSERT INTO RECORDED_INSTANCE VALUES('uuid:0505b6aa-a6fa-42be-8969-0e384c1e5c8f','instances\u005cuuid0505b6aa-a6fa-42be-8969-0e384c1e5c8f')
COMMIT
INSERT INTO RECORDED_INSTANCE VALUES('uuid:01b1b4d4-6aff-44f9-a7c6-0b0182dcfb4f','instances\u005cuuid01b1b4d4-6aff-44f9-a7c6-0b0182dcfb4f')
COMMIT
INSERT INTO RECORDED_INSTANCE VALUES('uuid:aade0920-5ae9-4c07-ac28-9e80b3b9c0c8','instances\u005cuuidaade0920-5ae9-4c07-ac28-9e80b3b9c0c8')
COMMIT
INSERT INTO RECORDED_INSTANCE VALUES('uuid:57032f20-394d-4a9d-adfe-44f62eb8a143','instances\u005cuuid57032f20-394d-4a9d-adfe-44f62eb8a143')
COMMIT
INSERT INTO RECORDED_INSTANCE VALUES('uuid:ecef4164-9af8-46e0-8245-51d3f783807d','instances\u005cuuidecef4164-9af8-46e0-8245-51d3f783807d')
COMMIT
INSERT INTO RECORDED_INSTANCE VALUES('uuid:379defd4-ecd0-444e-ab75-8e2f2b244ab3','instances\u005cuuid379defd4-ecd0-444e-ab75-8e2f2b244ab3')
COMMIT
INSERT INTO RECORDED_INSTANCE VALUES('uuid:395df8da-042f-4f82-8bfc-9ff76a7ea569','instances\u005cuuid395df8da-042f-4f82-8bfc-9ff76a7ea569')
COMMIT
INSERT INTO RECORDED_INSTANCE VALUES('uuid:e7dbdc0b-3ec4-44fa-9b49-62e1903466da','instances\u005cuuide7dbdc0b-3ec4-44fa-9b49-62e1903466da')
COMMIT
INSERT INTO RECORDED_INSTANCE VALUES('uuid:10bdd913-5422-449f-9dd1-f4d5a2d6cba1','instances\u005cuuid10bdd913-5422-449f-9dd1-f4d5a2d6cba1')
COMMIT
INSERT INTO RECORDED_INSTANCE VALUES('uuid:dcfbba3f-1849-4835-8bd4-082952078fd2','instances\u005cuuiddcfbba3f-1849-4835-8bd4-082952078fd2')
COMMIT
INSERT INTO RECORDED_INSTANCE VALUES('uuid:34ffeb2f-005e-4cdb-8b08-0a3b29289d2b','instances\u005cuuid34ffeb2f-005e-4cdb-8b08-0a3b29289d2b')
COMMIT
INSERT INTO RECORDED_INSTANCE VALUES('uuid:716cfc1f-1ae0-4c38-aec4-a3a74c743a1d','instances\u005cuuid716cfc1f-1ae0-4c38-aec4-a3a74c743a1d')
COMMIT
INSERT INTO RECORDED_INSTANCE VALUES('uuid:7f934646-6ce0-4261-8806-13829069703c','instances\u005cuuid7f934646-6ce0-4261-8806-13829069703c')
COMMIT
INSERT INTO RECORDED_INSTANCE VALUES('uuid:54edd6ea-0b1b-47a4-9aca-97260e813f7a','instances\u005cuuid54edd6ea-0b1b-47a4-9aca-97260e813f7a')
COMMIT
INSERT INTO RECORDED_INSTANCE VALUES('uuid:0a23dd9d-e023-4fc1-8262-cf2ff5930c00','instances\u005cuuid0a23dd9d-e023-4fc1-8262-cf2ff5930c00')
COMMIT
INSERT INTO RECORDED_INSTANCE VALUES('uuid:3b432930-d5f5-44da-bf85-8f1cabd5a261','instances\u005cuuid3b432930-d5f5-44da-bf85-8f1cabd5a261')
COMMIT
INSERT INTO RECORDED_INSTANCE VALUES('uuid:40dcbd99-d796-4025-b429-1a438897391b','instances\u005cuuid40dcbd99-d796-4025-b429-1a438897391b')
COMMIT
INSERT INTO RECORDED_INSTANCE VALUES('uuid:cc5483e7-f5aa-4215-8bcb-77db450ee13e','instances\u005cuuidcc5483e7-f5aa-4215-8bcb-77db450ee13e')
COMMIT
INSERT INTO RECORDED_INSTANCE VALUES('uuid:7f069a93-bf1f-4916-8a43-549de0829390','instances\u005cuuid7f069a93-bf1f-4916-8a43-549de0829390')
COMMIT
INSERT INTO RECORDED_INSTANCE VALUES('uuid:1a14ddb6-393d-47d7-8d86-fade6a11b3c4','instances\u005cuuid1a14ddb6-393d-47d7-8d86-fade6a11b3c4')
COMMIT
INSERT INTO RECORDED_INSTANCE VALUES('uuid:1d5455ed-c076-489a-90c7-7bbb555a78d8','instances\u005cuuid1d5455ed-c076-489a-90c7-7bbb555a78d8')
COMMIT
INSERT INTO RECORDED_INSTANCE VALUES('uuid:b0775520-f907-4f01-b47f-256a056cb333','instances\u005cuuidb0775520-f907-4f01-b47f-256a056cb333')
COMMIT
INSERT INTO RECORDED_INSTANCE VALUES('uuid:f82fc559-a3e1-4ef8-a1f9-cfa1c88abad8','instances\u005cuuidf82fc559-a3e1-4ef8-a1f9-cfa1c88abad8')
COMMIT
INSERT INTO RECORDED_INSTANCE VALUES('uuid:0fac2f14-864f-4908-a887-fc08ad85b038','instances\u005cuuid0fac2f14-864f-4908-a887-fc08ad85b038')
COMMIT
INSERT INTO RECORDED_INSTANCE VALUES('uuid:77d82a8b-b1e2-4ae2-97b8-8c47440c171e','instances\u005cuuid77d82a8b-b1e2-4ae2-97b8-8c47440c171e')
COMMIT
INSERT INTO RECORDED_INSTANCE VALUES('uuid:1ff237bb-cb6a-44d1-aefb-7eda178792e7','instances\u005cuuid1ff237bb-cb6a-44d1-aefb-7eda178792e7')
COMMIT
INSERT INTO RECORDED_INSTANCE VALUES('uuid:a03ef704-d669-432e-a45b-f2cb26e51742','instances\u005cuuida03ef704-d669-432e-a45b-f2cb26e51742')
COMMIT
INSERT INTO RECORDED_INSTANCE VALUES('uuid:5170685b-588d-4643-9bb1-cdd7b684a75a','instances\u005cuuid5170685b-588d-4643-9bb1-cdd7b684a75a')
COMMIT
INSERT INTO RECORDED_INSTANCE VALUES('uuid:bf27d487-929d-471e-9995-e1039ebbb4e3','instances\u005cuuidbf27d487-929d-471e-9995-e1039ebbb4e3')
COMMIT
INSERT INTO RECORDED_INSTANCE VALUES('uuid:08cade6a-ffc4-46ed-be18-21d584416f65','instances\u005cuuid08cade6a-ffc4-46ed-be18-21d584416f65')
COMMIT
INSERT INTO RECORDED_INSTANCE VALUES('uuid:d968ab2d-497e-47e3-95fe-73a36ad50558','instances\u005cuuidd968ab2d-497e-47e3-95fe-73a36ad50558')
COMMIT
INSERT INTO RECORDED_INSTANCE VALUES('uuid:567bde5b-aedd-4ebc-9e12-3a36e4871e48','instances\u005cuuid567bde5b-aedd-4ebc-9e12-3a36e4871e48')
COMMIT
INSERT INTO RECORDED_INSTANCE VALUES('uuid:e9ffbb77-e8d1-4235-8455-988409041d41','instances\u005cuuide9ffbb77-e8d1-4235-8455-988409041d41')
COMMIT
INSERT INTO RECORDED_INSTANCE VALUES('uuid:db60c1f2-a823-43df-a5e2-aa25ebe1cd4a','instances\u005cuuiddb60c1f2-a823-43df-a5e2-aa25ebe1cd4a')
COMMIT
INSERT INTO RECORDED_INSTANCE VALUES('uuid:73ffbec2-1f98-4cd9-89e7-e51659e342e9','instances\u005cuuid73ffbec2-1f98-4cd9-89e7-e51659e342e9')
COMMIT
INSERT INTO RECORDED_INSTANCE VALUES('uuid:89844627-c67d-4bda-8576-638f2cf5d2df','instances\u005cuuid89844627-c67d-4bda-8576-638f2cf5d2df')
COMMIT
INSERT INTO RECORDED_INSTANCE VALUES('uuid:120b7692-1965-4225-96fb-905316a0f264','instances\u005cuuid120b7692-1965-4225-96fb-905316a0f264')
COMMIT
INSERT INTO RECORDED_INSTANCE VALUES('uuid:2585afaf-5337-4788-8d61-2c174a9915f0','instances\u005cuuid2585afaf-5337-4788-8d61-2c174a9915f0')
COMMIT
INSERT INTO RECORDED_INSTANCE VALUES('uuid:faae88ee-0d7d-4cb8-b5c2-df9e0696f7f9','instances\u005cuuidfaae88ee-0d7d-4cb8-b5c2-df9e0696f7f9')
COMMIT
INSERT INTO RECORDED_INSTANCE VALUES('uuid:0ab30cd8-cbe0-4e49-b2d4-76e8a2d29c6d','instances\u005cuuid0ab30cd8-cbe0-4e49-b2d4-76e8a2d29c6d')
COMMIT
INSERT INTO RECORDED_INSTANCE VALUES('uuid:45f64e7b-46a1-427a-b2f3-b378f44507bc','instances\u005cuuid45f64e7b-46a1-427a-b2f3-b378f44507bc')
COMMIT
INSERT INTO RECORDED_INSTANCE VALUES('uuid:667c1d6b-4481-4184-83f9-cf9fd5463b8f','instances\u005cuuid667c1d6b-4481-4184-83f9-cf9fd5463b8f')
COMMIT
INSERT INTO RECORDED_INSTANCE VALUES('uuid:49c850b1-e59b-4e74-a1d5-2a929c061c06','instances\u005cuuid49c850b1-e59b-4e74-a1d5-2a929c061c06')
COMMIT
INSERT INTO RECORDED_INSTANCE VALUES('uuid:06ef5796-0d26-421d-bb5b-915855afa2d4','instances\u005cuuid06ef5796-0d26-421d-bb5b-915855afa2d4')
COMMIT
INSERT INTO RECORDED_INSTANCE VALUES('uuid:62e0a9b8-ad98-4859-ba15-aa93c69850f3','instances\u005cuuid62e0a9b8-ad98-4859-ba15-aa93c69850f3')
COMMIT
INSERT INTO RECORDED_INSTANCE VALUES('uuid:c16d5648-27a4-4193-b96d-eb09508150ef','instances\u005cuuidc16d5648-27a4-4193-b96d-eb09508150ef')
COMMIT
INSERT INTO RECORDED_INSTANCE VALUES('uuid:a835dc04-5eb9-4d09-8f6a-a99d6a3cd197','instances\u005cuuida835dc04-5eb9-4d09-8f6a-a99d6a3cd197')
COMMIT
INSERT INTO RECORDED_INSTANCE VALUES('uuid:078cfb00-6569-406f-bbe5-6c1dc3c8102b','instances\u005cuuid078cfb00-6569-406f-bbe5-6c1dc3c8102b')
COMMIT
INSERT INTO RECORDED_INSTANCE VALUES('uuid:bc5f87ed-e840-4972-8d21-ee6bbfcf74f2','instances\u005cuuidbc5f87ed-e840-4972-8d21-ee6bbfcf74f2')
COMMIT
INSERT INTO RECORDED_INSTANCE VALUES('uuid:ad282814-0398-4d07-b29f-96b9095d9600','instances\u005cuuidad282814-0398-4d07-b29f-96b9095d9600')
COMMIT
INSERT INTO RECORDED_INSTANCE VALUES('uuid:2fded444-ac86-4bfb-807c-b29b680de915','instances\u005cuuid2fded444-ac86-4bfb-807c-b29b680de915')
COMMIT
INSERT INTO RECORDED_INSTANCE VALUES('uuid:c97db57f-f690-41ed-aeb1-3f26a74b3008','instances\u005cuuidc97db57f-f690-41ed-aeb1-3f26a74b3008')
COMMIT
INSERT INTO RECORDED_INSTANCE VALUES('uuid:8bdad4f7-d09f-44c0-a386-4c58955fc76c','instances\u005cuuid8bdad4f7-d09f-44c0-a386-4c58955fc76c')
COMMIT
INSERT INTO RECORDED_INSTANCE VALUES('uuid:d1d44116-17af-4359-9aeb-812a57aa4237','instances\u005cuuidd1d44116-17af-4359-9aeb-812a57aa4237')
COMMIT
INSERT INTO RECORDED_INSTANCE VALUES('uuid:42421977-b8c0-4b84-8726-0a2aca704271','instances\u005cuuid42421977-b8c0-4b84-8726-0a2aca704271')
COMMIT
INSERT INTO RECORDED_INSTANCE VALUES('uuid:ef6c2d6b-8b9d-4d91-9c2c-2415602addf9','instances\u005cuuidef6c2d6b-8b9d-4d91-9c2c-2415602addf9')
COMMIT
INSERT INTO RECORDED_INSTANCE VALUES('uuid:cb55535a-2979-4530-a2cc-65b90eb2072a','instances\u005cuuidcb55535a-2979-4530-a2cc-65b90eb2072a')
COMMIT
INSERT INTO RECORDED_INSTANCE VALUES('uuid:7a5399fc-cd4f-4a98-8b3d-479fea949b4f','instances\u005cuuid7a5399fc-cd4f-4a98-8b3d-479fea949b4f')
COMMIT
INSERT INTO RECORDED_INSTANCE VALUES('uuid:0a15afdb-f206-4776-a077-6420839c1e60','instances\u005cuuid0a15afdb-f206-4776-a077-6420839c1e60')
COMMIT
INSERT INTO RECORDED_INSTANCE VALUES('uuid:6655e8cb-e45e-44b1-86a1-41b6d45f3609','instances\u005cuuid6655e8cb-e45e-44b1-86a1-41b6d45f3609')
COMMIT
INSERT INTO RECORDED_INSTANCE VALUES('uuid:b34c72c9-b8f6-420c-a6fa-d155a236dd93','instances\u005cuuidb34c72c9-b8f6-420c-a6fa-d155a236dd93')
COMMIT
INSERT INTO RECORDED_INSTANCE VALUES('uuid:3c776eee-6a23-4c46-999e-49e6833dc291','instances\u005cuuid3c776eee-6a23-4c46-999e-49e6833dc291')
COMMIT
INSERT INTO RECORDED_INSTANCE VALUES('uuid:be897cb9-4e71-4cb4-8852-42ec649da2d3','instances\u005cuuidbe897cb9-4e71-4cb4-8852-42ec649da2d3')
COMMIT
INSERT INTO RECORDED_INSTANCE VALUES('uuid:265383fc-3ca9-403b-aea9-bc904ec869ce','instances\u005cuuid265383fc-3ca9-403b-aea9-bc904ec869ce')
COMMIT
INSERT INTO RECORDED_INSTANCE VALUES('uuid:4361be7f-93b3-496f-bf1b-a6dc1c9929f5','instances\u005cuuid4361be7f-93b3-496f-bf1b-a6dc1c9929f5')
COMMIT
INSERT INTO RECORDED_INSTANCE VALUES('uuid:b4dde803-4253-4cb1-a918-b4283d2c0709','instances\u005cuuidb4dde803-4253-4cb1-a918-b4283d2c0709')
COMMIT
INSERT INTO RECORDED_INSTANCE VALUES('uuid:761e0217-e33c-479d-b788-5791ca76e793','instances\u005cuuid761e0217-e33c-479d-b788-5791ca76e793')
COMMIT
INSERT INTO RECORDED_INSTANCE VALUES('uuid:7e65abcc-d07d-4b79-87b5-5c0baf10fdab','instances\u005cuuid7e65abcc-d07d-4b79-87b5-5c0baf10fdab')
COMMIT
INSERT INTO RECORDED_INSTANCE VALUES('uuid:26e44d89-7341-45c0-9c2f-237bed6cf970','instances\u005cuuid26e44d89-7341-45c0-9c2f-237bed6cf970')
COMMIT
INSERT INTO RECORDED_INSTANCE VALUES('uuid:41b2cd81-c84a-418b-bfbc-144f25cb87f5','instances\u005cuuid41b2cd81-c84a-418b-bfbc-144f25cb87f5')
COMMIT
INSERT INTO RECORDED_INSTANCE VALUES('uuid:bb30a0f2-9e26-478c-8e51-91c88172ed51','instances\u005cuuidbb30a0f2-9e26-478c-8e51-91c88172ed51')
COMMIT
INSERT INTO RECORDED_INSTANCE VALUES('uuid:150d07e2-0241-4654-a052-8ff62f3008d4','instances\u005cuuid150d07e2-0241-4654-a052-8ff62f3008d4')
COMMIT
INSERT INTO RECORDED_INSTANCE VALUES('uuid:465d350d-6a44-466e-ae82-199b268a0ff9','instances\u005cuuid465d350d-6a44-466e-ae82-199b268a0ff9')
COMMIT
INSERT INTO RECORDED_INSTANCE VALUES('uuid:37d22195-6ae9-4d6d-a6c1-600a8e13e740','instances\u005cuuid37d22195-6ae9-4d6d-a6c1-600a8e13e740')
COMMIT
INSERT INTO RECORDED_INSTANCE VALUES('uuid:f6b5ea3f-05b4-490a-a3b1-3718319d5474','instances\u005cuuidf6b5ea3f-05b4-490a-a3b1-3718319d5474')
COMMIT
INSERT INTO RECORDED_INSTANCE VALUES('uuid:7a5ee6d7-20ce-411b-b477-f656e9235f58','instances\u005cuuid7a5ee6d7-20ce-411b-b477-f656e9235f58')
COMMIT
INSERT INTO RECORDED_INSTANCE VALUES('uuid:82760b87-f703-4fba-bb35-12ec71e8e8a5','instances\u005cuuid82760b87-f703-4fba-bb35-12ec71e8e8a5')
COMMIT
INSERT INTO RECORDED_INSTANCE VALUES('uuid:3999c2c5-1642-46c6-8162-98340e66c4cd','instances\u005cuuid3999c2c5-1642-46c6-8162-98340e66c4cd')
COMMIT
INSERT INTO RECORDED_INSTANCE VALUES('uuid:f8d808b1-7fab-49b0-ac8b-015dfc906471','instances\u005cuuidf8d808b1-7fab-49b0-ac8b-015dfc906471')
COMMIT
INSERT INTO RECORDED_INSTANCE VALUES('uuid:becfb612-3d15-4487-adc7-f77d3fdb1a25','instances\u005cuuidbecfb612-3d15-4487-adc7-f77d3fdb1a25')
COMMIT
INSERT INTO RECORDED_INSTANCE VALUES('uuid:53c18c4b-5868-49f5-ba2b-06c50d512548','instances\u005cuuid53c18c4b-5868-49f5-ba2b-06c50d512548')
COMMIT
INSERT INTO RECORDED_INSTANCE VALUES('uuid:bdd74801-7396-45f3-a702-9164fd0a2702','instances\u005cuuidbdd74801-7396-45f3-a702-9164fd0a2702')
COMMIT
INSERT INTO RECORDED_INSTANCE VALUES('uuid:34923a84-d43d-4703-bbf9-a771365ef96d','instances\u005cuuid34923a84-d43d-4703-bbf9-a771365ef96d')
COMMIT
INSERT INTO RECORDED_INSTANCE VALUES('uuid:950898bb-bcb8-4fbc-b6f9-b760c4d525fd','instances\u005cuuid950898bb-bcb8-4fbc-b6f9-b760c4d525fd')
COMMIT
INSERT INTO RECORDED_INSTANCE VALUES('uuid:87ba2a0a-8849-4d83-a950-883e11774dab','instances\u005cuuid87ba2a0a-8849-4d83-a950-883e11774dab')
COMMIT
INSERT INTO RECORDED_INSTANCE VALUES('uuid:fe24bbcb-333e-4678-bc7a-a914ffdfd3ea','instances\u005cuuidfe24bbcb-333e-4678-bc7a-a914ffdfd3ea')
COMMIT
INSERT INTO RECORDED_INSTANCE VALUES('uuid:0fb7005f-7a80-481f-8e54-5ade19eb9f01','instances\u005cuuid0fb7005f-7a80-481f-8e54-5ade19eb9f01')
COMMIT
INSERT INTO RECORDED_INSTANCE VALUES('uuid:0567e9a5-ac48-452c-92f9-ed1962151950','instances\u005cuuid0567e9a5-ac48-452c-92f9-ed1962151950')
COMMIT
INSERT INTO RECORDED_INSTANCE VALUES('uuid:9da0473b-1f68-4e1b-ae7a-7004532faf98','instances\u005cuuid9da0473b-1f68-4e1b-ae7a-7004532faf98')
COMMIT
INSERT INTO RECORDED_INSTANCE VALUES('uuid:fb62953f-320d-4b5b-99a0-cda264336af7','instances\u005cuuidfb62953f-320d-4b5b-99a0-cda264336af7')
COMMIT
INSERT INTO RECORDED_INSTANCE VALUES('uuid:165be67b-7f7e-4e83-953a-0e3a4a56c344','instances\u005cuuid165be67b-7f7e-4e83-953a-0e3a4a56c344')
COMMIT
INSERT INTO RECORDED_INSTANCE VALUES('uuid:fc05f827-65ef-4145-889b-a0d6ce03114a','instances\u005cuuidfc05f827-65ef-4145-889b-a0d6ce03114a')
COMMIT
INSERT INTO RECORDED_INSTANCE VALUES('uuid:e707c6c6-7ee6-4445-ba36-6fc3fbc14e35','instances\u005cuuide707c6c6-7ee6-4445-ba36-6fc3fbc14e35')
COMMIT
INSERT INTO RECORDED_INSTANCE VALUES('uuid:220eb353-3118-42fa-8214-0214f1e032a2','instances\u005cuuid220eb353-3118-42fa-8214-0214f1e032a2')
COMMIT
INSERT INTO RECORDED_INSTANCE VALUES('uuid:b087eba5-5f04-4cd9-be74-a939033b798d','instances\u005cuuidb087eba5-5f04-4cd9-be74-a939033b798d')
COMMIT
INSERT INTO RECORDED_INSTANCE VALUES('uuid:5e587f9a-3111-4f39-a1a9-727c3556209c','instances\u005cuuid5e587f9a-3111-4f39-a1a9-727c3556209c')
COMMIT
INSERT INTO RECORDED_INSTANCE VALUES('uuid:0bb2eff2-8ede-4ace-9d16-b0bbd1bce50c','instances\u005cuuid0bb2eff2-8ede-4ace-9d16-b0bbd1bce50c')
COMMIT
INSERT INTO RECORDED_INSTANCE VALUES('uuid:e6ed3a3e-7752-4baa-ba0d-31f6f38159a3','instances\u005cuuide6ed3a3e-7752-4baa-ba0d-31f6f38159a3')
COMMIT
INSERT INTO RECORDED_INSTANCE VALUES('uuid:0d11c578-dda0-4947-b7b5-3a020c259830','instances\u005cuuid0d11c578-dda0-4947-b7b5-3a020c259830')
COMMIT
INSERT INTO RECORDED_INSTANCE VALUES('uuid:526694e3-9c2d-4a42-87f7-87ac91a93cc8','instances\u005cuuid526694e3-9c2d-4a42-87f7-87ac91a93cc8')
COMMIT
INSERT INTO RECORDED_INSTANCE VALUES('uuid:f8350a8f-db27-4de3-8e85-92321d331966','instances\u005cuuidf8350a8f-db27-4de3-8e85-92321d331966')
COMMIT
INSERT INTO RECORDED_INSTANCE VALUES('uuid:fa278f13-1945-4287-94b7-9e7e31ccc184','instances\u005cuuidfa278f13-1945-4287-94b7-9e7e31ccc184')
COMMIT
INSERT INTO RECORDED_INSTANCE VALUES('uuid:46267b88-b5ac-4c19-be80-5972ef70ab63','instances\u005cuuid46267b88-b5ac-4c19-be80-5972ef70ab63')
COMMIT
INSERT INTO RECORDED_INSTANCE VALUES('uuid:a51ca5f3-2fea-41a9-b494-97af58a2e61f','instances\u005cuuida51ca5f3-2fea-41a9-b494-97af58a2e61f')
COMMIT
INSERT INTO RECORDED_INSTANCE VALUES('uuid:f03f56bb-d725-4ee9-900c-2deb3d55501e','instances\u005cuuidf03f56bb-d725-4ee9-900c-2deb3d55501e')
COMMIT
INSERT INTO RECORDED_INSTANCE VALUES('uuid:3ecc8006-60c7-4c49-957e-f148efdc3667','instances\u005cuuid3ecc8006-60c7-4c49-957e-f148efdc3667')
COMMIT
INSERT INTO RECORDED_INSTANCE VALUES('uuid:2639252a-45d8-45a1-8691-26d138531a8e','instances\u005cuuid2639252a-45d8-45a1-8691-26d138531a8e')
COMMIT
INSERT INTO RECORDED_INSTANCE VALUES('uuid:fe770ae5-d0f5-46fe-9107-f3c01260f0be','instances\u005cuuidfe770ae5-d0f5-46fe-9107-f3c01260f0be')
COMMIT
INSERT INTO RECORDED_INSTANCE VALUES('uuid:84761650-825c-46ec-87cd-ad9bffd28276','instances\u005cuuid84761650-825c-46ec-87cd-ad9bffd28276')
COMMIT
INSERT INTO RECORDED_INSTANCE VALUES('uuid:2b319cd6-c1f6-416d-b0a3-22e7c5e15b15','instances\u005cuuid2b319cd6-c1f6-416d-b0a3-22e7c5e15b15')
COMMIT
DISCONNECT
