/*C10*/SET SCHEMA PUBLIC
INSERT INTO RECORDED_INSTANCE VALUES('uuid:436a5eab-0315-4bb2-8d4e-1ca005739a9e','instances\u005cuuid436a5eab-0315-4bb2-8d4e-1ca005739a9e')
COMMIT
INSERT INTO RECORDED_INSTANCE VALUES('uuid:1efb5d4e-948f-42ab-9f41-b7d10a992483','instances\u005cuuid1efb5d4e-948f-42ab-9f41-b7d10a992483')
COMMIT
INSERT INTO RECORDED_INSTANCE VALUES('uuid:bc7abbcb-3301-4242-8fdc-612991904400','instances\u005cuuidbc7abbcb-3301-4242-8fdc-612991904400')
COMMIT
INSERT INTO RECORDED_INSTANCE VALUES('uuid:bae06d9e-aad8-467f-9a16-db7b808a0bd6','instances\u005cuuidbae06d9e-aad8-467f-9a16-db7b808a0bd6')
COMMIT
INSERT INTO RECORDED_INSTANCE VALUES('uuid:715810ab-4cf8-457d-b0ff-241ba340f982','instances\u005cuuid715810ab-4cf8-457d-b0ff-241ba340f982')
COMMIT
INSERT INTO RECORDED_INSTANCE VALUES('uuid:ea150825-1e4f-47fd-9b24-3a0d1840f9ab','instances\u005cuuidea150825-1e4f-47fd-9b24-3a0d1840f9ab')
COMMIT
INSERT INTO RECORDED_INSTANCE VALUES('uuid:93ea4d01-ce0f-4996-a321-83bbdd1576ca','instances\u005cuuid93ea4d01-ce0f-4996-a321-83bbdd1576ca')
COMMIT
INSERT INTO RECORDED_INSTANCE VALUES('uuid:e9b88f3c-d1ae-405b-8624-e2d997dda679','instances\u005cuuide9b88f3c-d1ae-405b-8624-e2d997dda679')
COMMIT
INSERT INTO RECORDED_INSTANCE VALUES('uuid:abc24828-7a62-4f36-b28c-5a590b383f9e','instances\u005cuuidabc24828-7a62-4f36-b28c-5a590b383f9e')
COMMIT
INSERT INTO RECORDED_INSTANCE VALUES('uuid:09aa2514-e7d5-4a31-a6a7-df725007cba1','instances\u005cuuid09aa2514-e7d5-4a31-a6a7-df725007cba1')
COMMIT
DISCONNECT
/*C11*/SET SCHEMA PUBLIC
INSERT INTO RECORDED_INSTANCE VALUES('uuid:58d07e7c-f96d-4521-873a-000c3557d2f7','instances\u005cuuid58d07e7c-f96d-4521-873a-000c3557d2f7')
COMMIT
INSERT INTO RECORDED_INSTANCE VALUES('uuid:a5659527-9726-4396-ae09-943cff8258e7','instances\u005cuuida5659527-9726-4396-ae09-943cff8258e7')
COMMIT
INSERT INTO RECORDED_INSTANCE VALUES('uuid:c6133694-bfaa-446f-96a8-e8db73b0d4ce','instances\u005cuuidc6133694-bfaa-446f-96a8-e8db73b0d4ce')
COMMIT
INSERT INTO RECORDED_INSTANCE VALUES('uuid:92ba4412-41a3-4c52-8c2f-50e7a4f765cc','instances\u005cuuid92ba4412-41a3-4c52-8c2f-50e7a4f765cc')
COMMIT
INSERT INTO RECORDED_INSTANCE VALUES('uuid:5cbe7626-99d1-4c27-b764-9da2bb2681e5','instances\u005cuuid5cbe7626-99d1-4c27-b764-9da2bb2681e5')
COMMIT
INSERT INTO RECORDED_INSTANCE VALUES('uuid:398b7fe9-1b54-4b19-8b7e-0046ec025bc8','instances\u005cuuid398b7fe9-1b54-4b19-8b7e-0046ec025bc8')
COMMIT
INSERT INTO RECORDED_INSTANCE VALUES('uuid:7294b597-b90a-446b-9bb8-2ae0e2f9ae93','instances\u005cuuid7294b597-b90a-446b-9bb8-2ae0e2f9ae93')
COMMIT
INSERT INTO RECORDED_INSTANCE VALUES('uuid:dc2c65f5-2a0b-40eb-8ecd-2521d621ee8a','instances\u005cuuiddc2c65f5-2a0b-40eb-8ecd-2521d621ee8a')
COMMIT
INSERT INTO RECORDED_INSTANCE VALUES('uuid:45b67135-48ff-42e6-b7c4-a377a9b128d6','instances\u005cuuid45b67135-48ff-42e6-b7c4-a377a9b128d6')
COMMIT
INSERT INTO RECORDED_INSTANCE VALUES('uuid:6e39b3d3-04a2-4097-b00f-7f5f11085533','instances\u005cuuid6e39b3d3-04a2-4097-b00f-7f5f11085533')
COMMIT
INSERT INTO RECORDED_INSTANCE VALUES('uuid:2e876965-6ac0-48f2-acb1-c0a1d54ecf6a','instances\u005cuuid2e876965-6ac0-48f2-acb1-c0a1d54ecf6a')
COMMIT
INSERT INTO RECORDED_INSTANCE VALUES('uuid:710e8d20-9547-435b-86df-c341b9f9a6fe','instances\u005cuuid710e8d20-9547-435b-86df-c341b9f9a6fe')
COMMIT
INSERT INTO RECORDED_INSTANCE VALUES('uuid:1b654146-fc48-4b1b-8201-23cdd84c2815','instances\u005cuuid1b654146-fc48-4b1b-8201-23cdd84c2815')
COMMIT
INSERT INTO RECORDED_INSTANCE VALUES('uuid:8670cc97-45bb-4d93-8c98-e844f7fa9534','instances\u005cuuid8670cc97-45bb-4d93-8c98-e844f7fa9534')
COMMIT
INSERT INTO RECORDED_INSTANCE VALUES('uuid:e9b17acf-5b03-49be-8619-c7e47ca3c3f4','instances\u005cuuide9b17acf-5b03-49be-8619-c7e47ca3c3f4')
COMMIT
INSERT INTO RECORDED_INSTANCE VALUES('uuid:3538aa96-9cee-4311-b510-78aa67c8eec1','instances\u005cuuid3538aa96-9cee-4311-b510-78aa67c8eec1')
COMMIT
INSERT INTO RECORDED_INSTANCE VALUES('uuid:500da5d0-2d5a-4ae9-8525-619d647d59db','instances\u005cuuid500da5d0-2d5a-4ae9-8525-619d647d59db')
COMMIT
INSERT INTO RECORDED_INSTANCE VALUES('uuid:5eab4c94-65af-4296-8276-eade840d3c9a','instances\u005cuuid5eab4c94-65af-4296-8276-eade840d3c9a')
COMMIT
INSERT INTO RECORDED_INSTANCE VALUES('uuid:9b2844e0-f007-4f2b-967c-d0f062618a4b','instances\u005cuuid9b2844e0-f007-4f2b-967c-d0f062618a4b')
COMMIT
INSERT INTO RECORDED_INSTANCE VALUES('uuid:4cdfe27e-e521-477b-8d34-6bc121a25629','instances\u005cuuid4cdfe27e-e521-477b-8d34-6bc121a25629')
COMMIT
INSERT INTO RECORDED_INSTANCE VALUES('uuid:8adceac6-0f2f-44ba-8656-70d97a89ec7f','instances\u005cuuid8adceac6-0f2f-44ba-8656-70d97a89ec7f')
COMMIT
INSERT INTO RECORDED_INSTANCE VALUES('uuid:015f8b8e-f7b1-4788-85e4-ac0f7a7e9954','instances\u005cuuid015f8b8e-f7b1-4788-85e4-ac0f7a7e9954')
COMMIT
INSERT INTO RECORDED_INSTANCE VALUES('uuid:089a437f-feee-424d-8816-a6af2f47d4b8','instances\u005cuuid089a437f-feee-424d-8816-a6af2f47d4b8')
COMMIT
INSERT INTO RECORDED_INSTANCE VALUES('uuid:33439fbc-a0b8-4841-8e40-08e01189ad5b','instances\u005cuuid33439fbc-a0b8-4841-8e40-08e01189ad5b')
COMMIT
INSERT INTO RECORDED_INSTANCE VALUES('uuid:c6a3e2c3-911b-4a63-8720-64c43ae997ba','instances\u005cuuidc6a3e2c3-911b-4a63-8720-64c43ae997ba')
COMMIT
DISCONNECT
/*C12*/SET SCHEMA PUBLIC
DISCONNECT
/*C13*/SET SCHEMA PUBLIC
INSERT INTO RECORDED_INSTANCE VALUES('uuid:17ae6363-515d-49c8-b3c2-f6f06890864d','instances\u005cuuid17ae6363-515d-49c8-b3c2-f6f06890864d')
COMMIT
INSERT INTO RECORDED_INSTANCE VALUES('uuid:1b6a4f51-6ed5-40f9-a76b-d2e72fa9af42','instances\u005cuuid1b6a4f51-6ed5-40f9-a76b-d2e72fa9af42')
COMMIT
INSERT INTO RECORDED_INSTANCE VALUES('uuid:6842c136-1d6f-4002-83af-e75f76b03a33','instances\u005cuuid6842c136-1d6f-4002-83af-e75f76b03a33')
COMMIT
INSERT INTO RECORDED_INSTANCE VALUES('uuid:e631c226-9f1a-4a6e-8b75-61c888bd8557','instances\u005cuuide631c226-9f1a-4a6e-8b75-61c888bd8557')
COMMIT
INSERT INTO RECORDED_INSTANCE VALUES('uuid:5e46040e-f950-49fa-8c45-7add92cb52ff','instances\u005cuuid5e46040e-f950-49fa-8c45-7add92cb52ff')
COMMIT
INSERT INTO RECORDED_INSTANCE VALUES('uuid:fcfa52cc-29f7-4c99-b701-41e5f0d31c6f','instances\u005cuuidfcfa52cc-29f7-4c99-b701-41e5f0d31c6f')
COMMIT
INSERT INTO RECORDED_INSTANCE VALUES('uuid:8ab33383-3d29-44c5-9548-1586639f41d3','instances\u005cuuid8ab33383-3d29-44c5-9548-1586639f41d3')
COMMIT
INSERT INTO RECORDED_INSTANCE VALUES('uuid:5262085f-6736-4fe8-95ff-bbf8391f6917','instances\u005cuuid5262085f-6736-4fe8-95ff-bbf8391f6917')
COMMIT
INSERT INTO RECORDED_INSTANCE VALUES('uuid:18388073-8d30-4fc4-829f-b450c178f096','instances\u005cuuid18388073-8d30-4fc4-829f-b450c178f096')
COMMIT
DISCONNECT
