/*C14*/SET SCHEMA PUBLIC
DISCONNECT
/*C15*/SET SCHEMA PUBLIC
DISCONNECT
/*C16*/SET SCHEMA PUBLIC
DISCONNECT
/*C17*/SET SCHEMA PUBLIC
INSERT INTO RECORDED_INSTANCE VALUES('uuid:bbe517cc-b344-4c81-aca9-87070c143086','instances\u005cuuidbbe517cc-b344-4c81-aca9-87070c143086')
COMMIT
INSERT INTO RECORDED_INSTANCE VALUES('uuid:bd9288cf-5cf4-4721-b2df-69b8941557f8','instances\u005cuuidbd9288cf-5cf4-4721-b2df-69b8941557f8')
COMMIT
INSERT INTO RECORDED_INSTANCE VALUES('uuid:8433f8f6-e450-41e8-ac7c-690fa9318ffc','instances\u005cuuid8433f8f6-e450-41e8-ac7c-690fa9318ffc')
COMMIT
INSERT INTO RECORDED_INSTANCE VALUES('uuid:d1c0f7fb-0791-42c0-a21d-3f8a2603de91','instances\u005cuuidd1c0f7fb-0791-42c0-a21d-3f8a2603de91')
COMMIT
INSERT INTO RECORDED_INSTANCE VALUES('uuid:e2a469b9-2f3c-40dd-abcb-b2bd8269e9a1','instances\u005cuuide2a469b9-2f3c-40dd-abcb-b2bd8269e9a1')
COMMIT
INSERT INTO RECORDED_INSTANCE VALUES('uuid:bea4afe7-6936-455f-a361-b9dd0b870450','instances\u005cuuidbea4afe7-6936-455f-a361-b9dd0b870450')
COMMIT
INSERT INTO RECORDED_INSTANCE VALUES('uuid:d0cdfd8c-c92b-4e16-ab3b-c4f100ee5974','instances\u005cuuidd0cdfd8c-c92b-4e16-ab3b-c4f100ee5974')
COMMIT
INSERT INTO RECORDED_INSTANCE VALUES('uuid:9e788844-d48e-4acb-9f85-76fb1d01da27','instances\u005cuuid9e788844-d48e-4acb-9f85-76fb1d01da27')
COMMIT
INSERT INTO RECORDED_INSTANCE VALUES('uuid:dfc55d62-07e4-46aa-adc3-401612eaf7eb','instances\u005cuuiddfc55d62-07e4-46aa-adc3-401612eaf7eb')
COMMIT
INSERT INTO RECORDED_INSTANCE VALUES('uuid:d7dd1dfd-63cc-4cbf-b67d-85d5179804ab','instances\u005cuuidd7dd1dfd-63cc-4cbf-b67d-85d5179804ab')
COMMIT
INSERT INTO RECORDED_INSTANCE VALUES('uuid:4fa7ef7a-6315-46f7-a47b-ba92be03bee9','instances\u005cuuid4fa7ef7a-6315-46f7-a47b-ba92be03bee9')
COMMIT
INSERT INTO RECORDED_INSTANCE VALUES('uuid:657170a7-8bcd-4385-85d7-b048c9986bf7','instances\u005cuuid657170a7-8bcd-4385-85d7-b048c9986bf7')
COMMIT
INSERT INTO RECORDED_INSTANCE VALUES('uuid:a669faae-0c4c-413d-a06c-85af7ee0d765','instances\u005cuuida669faae-0c4c-413d-a06c-85af7ee0d765')
COMMIT
INSERT INTO RECORDED_INSTANCE VALUES('uuid:49819c86-17fb-4b46-a185-02e403b016c3','instances\u005cuuid49819c86-17fb-4b46-a185-02e403b016c3')
COMMIT
INSERT INTO RECORDED_INSTANCE VALUES('uuid:9c5d20f2-e650-4a4d-9746-6f0ecb8ff1fe','instances\u005cuuid9c5d20f2-e650-4a4d-9746-6f0ecb8ff1fe')
COMMIT
INSERT INTO RECORDED_INSTANCE VALUES('uuid:33d18211-f1da-4cde-a11f-95efc0a9242d','instances\u005cuuid33d18211-f1da-4cde-a11f-95efc0a9242d')
COMMIT
INSERT INTO RECORDED_INSTANCE VALUES('uuid:0852e725-1bde-4e62-bdbf-c67b7153c76b','instances\u005cuuid0852e725-1bde-4e62-bdbf-c67b7153c76b')
COMMIT
INSERT INTO RECORDED_INSTANCE VALUES('uuid:8f7e2389-4a14-4a23-b7ba-36b6489cba38','instances\u005cuuid8f7e2389-4a14-4a23-b7ba-36b6489cba38')
COMMIT
INSERT INTO RECORDED_INSTANCE VALUES('uuid:c1a5135a-e9b7-495d-a5d3-67f313d5804d','instances\u005cuuidc1a5135a-e9b7-495d-a5d3-67f313d5804d')
COMMIT
INSERT INTO RECORDED_INSTANCE VALUES('uuid:324c0fc8-127d-4d16-9321-573417b56be4','instances\u005cuuid324c0fc8-127d-4d16-9321-573417b56be4')
COMMIT
INSERT INTO RECORDED_INSTANCE VALUES('uuid:c7162a80-c403-48b6-8a1e-a052d1da767d','instances\u005cuuidc7162a80-c403-48b6-8a1e-a052d1da767d')
COMMIT
INSERT INTO RECORDED_INSTANCE VALUES('uuid:a7ba0788-d63f-46f9-abf7-bc97f6e800fb','instances\u005cuuida7ba0788-d63f-46f9-abf7-bc97f6e800fb')
COMMIT
DISCONNECT
/*C18*/SET SCHEMA PUBLIC
DISCONNECT
/*C19*/SET SCHEMA PUBLIC
DISCONNECT
/*C20*/SET SCHEMA PUBLIC
DISCONNECT
/*C21*/SET SCHEMA PUBLIC
DISCONNECT
/*C22*/SET SCHEMA PUBLIC
DISCONNECT
/*C23*/SET SCHEMA PUBLIC
DISCONNECT
/*C24*/SET SCHEMA PUBLIC
DISCONNECT
/*C25*/SET SCHEMA PUBLIC
INSERT INTO RECORDED_INSTANCE VALUES('uuid:537e0fe1-ae7d-402f-b380-5fcefe3e599c','instances\u005cuuid537e0fe1-ae7d-402f-b380-5fcefe3e599c')
COMMIT
INSERT INTO RECORDED_INSTANCE VALUES('uuid:7fc6e262-2c6d-4fb8-8665-f87e20042704','instances\u005cuuid7fc6e262-2c6d-4fb8-8665-f87e20042704')
COMMIT
INSERT INTO RECORDED_INSTANCE VALUES('uuid:caa2ed40-405b-4159-9e8e-94873a293993','instances\u005cuuidcaa2ed40-405b-4159-9e8e-94873a293993')
COMMIT
INSERT INTO RECORDED_INSTANCE VALUES('uuid:172b9442-637c-4b2b-a795-abf71cabbbe2','instances\u005cuuid172b9442-637c-4b2b-a795-abf71cabbbe2')
COMMIT
INSERT INTO RECORDED_INSTANCE VALUES('uuid:ba8e678b-1cdf-432e-a6d6-8e51efa51242','instances\u005cuuidba8e678b-1cdf-432e-a6d6-8e51efa51242')
COMMIT
INSERT INTO RECORDED_INSTANCE VALUES('uuid:88978026-0698-4077-bd66-35ad0f00645d','instances\u005cuuid88978026-0698-4077-bd66-35ad0f00645d')
COMMIT
INSERT INTO RECORDED_INSTANCE VALUES('uuid:37627050-f790-425f-967d-397448495e88','instances\u005cuuid37627050-f790-425f-967d-397448495e88')
COMMIT
INSERT INTO RECORDED_INSTANCE VALUES('uuid:6b4bb133-a2f3-4a03-8560-d83ca0b1fa0c','instances\u005cuuid6b4bb133-a2f3-4a03-8560-d83ca0b1fa0c')
COMMIT
INSERT INTO RECORDED_INSTANCE VALUES('uuid:e02663aa-ea13-454d-8244-3a7e65e5324d','instances\u005cuuide02663aa-ea13-454d-8244-3a7e65e5324d')
COMMIT
INSERT INTO RECORDED_INSTANCE VALUES('uuid:5e69a155-570f-4ac1-9997-13a552957f71','instances\u005cuuid5e69a155-570f-4ac1-9997-13a552957f71')
COMMIT
INSERT INTO RECORDED_INSTANCE VALUES('uuid:16e29ace-605b-4f0a-86bf-9f1b80674d6c','instances\u005cuuid16e29ace-605b-4f0a-86bf-9f1b80674d6c')
COMMIT
INSERT INTO RECORDED_INSTANCE VALUES('uuid:9ee6b139-0b0f-4dc3-8003-eed93b47f208','instances\u005cuuid9ee6b139-0b0f-4dc3-8003-eed93b47f208')
COMMIT
INSERT INTO RECORDED_INSTANCE VALUES('uuid:34d0a398-c7e5-457d-8cb4-02f3aeb9aa45','instances\u005cuuid34d0a398-c7e5-457d-8cb4-02f3aeb9aa45')
COMMIT
DISCONNECT
/*C26*/SET SCHEMA PUBLIC
DISCONNECT
/*C27*/SET SCHEMA PUBLIC
DISCONNECT
/*C28*/SET SCHEMA PUBLIC
DISCONNECT
/*C29*/SET SCHEMA PUBLIC
DISCONNECT
/*C30*/SET SCHEMA PUBLIC
DISCONNECT
/*C31*/SET SCHEMA PUBLIC
DISCONNECT
/*C32*/SET SCHEMA PUBLIC
DISCONNECT
/*C33*/SET SCHEMA PUBLIC
DISCONNECT
/*C34*/SET SCHEMA PUBLIC
DISCONNECT
/*C35*/SET SCHEMA PUBLIC
DISCONNECT
/*C36*/SET SCHEMA PUBLIC
DISCONNECT
/*C37*/SET SCHEMA PUBLIC
DISCONNECT
/*C38*/SET SCHEMA PUBLIC
DISCONNECT
/*C39*/SET SCHEMA PUBLIC
DISCONNECT
/*C40*/SET SCHEMA PUBLIC
DISCONNECT
/*C41*/SET SCHEMA PUBLIC
DISCONNECT
/*C42*/SET SCHEMA PUBLIC
DISCONNECT
/*C43*/SET SCHEMA PUBLIC
DISCONNECT
/*C44*/SET SCHEMA PUBLIC
DISCONNECT
/*C45*/SET SCHEMA PUBLIC
DISCONNECT
/*C46*/SET SCHEMA PUBLIC
DISCONNECT
/*C47*/SET SCHEMA PUBLIC
DISCONNECT
/*C48*/SET SCHEMA PUBLIC
DISCONNECT
/*C49*/SET SCHEMA PUBLIC
DISCONNECT
/*C50*/SET SCHEMA PUBLIC
DISCONNECT
/*C51*/SET SCHEMA PUBLIC
DISCONNECT
/*C52*/SET SCHEMA PUBLIC
DISCONNECT
/*C53*/SET SCHEMA PUBLIC
DISCONNECT
/*C54*/SET SCHEMA PUBLIC
DISCONNECT
/*C55*/SET SCHEMA PUBLIC
DISCONNECT
/*C56*/SET SCHEMA PUBLIC
DISCONNECT
/*C57*/SET SCHEMA PUBLIC
DISCONNECT
/*C58*/SET SCHEMA PUBLIC
DISCONNECT
/*C59*/SET SCHEMA PUBLIC
DISCONNECT
/*C60*/SET SCHEMA PUBLIC
DISCONNECT
/*C61*/SET SCHEMA PUBLIC
DISCONNECT
/*C62*/SET SCHEMA PUBLIC
DISCONNECT
/*C63*/SET SCHEMA PUBLIC
DISCONNECT
/*C64*/SET SCHEMA PUBLIC
DISCONNECT
/*C65*/SET SCHEMA PUBLIC
DISCONNECT
