/*C6*/SET SCHEMA PUBLIC
INSERT INTO RECORDED_INSTANCE VALUES('uuid:d07e0df7-d68e-456c-a63d-7ed0570c5005','instances\u005cuuidd07e0df7-d68e-456c-a63d-7ed0570c5005')
COMMIT
INSERT INTO RECORDED_INSTANCE VALUES('uuid:6cfa490a-3e5a-48fa-89b8-c4147f4556d1','instances\u005cuuid6cfa490a-3e5a-48fa-89b8-c4147f4556d1')
COMMIT
INSERT INTO RECORDED_INSTANCE VALUES('uuid:8960955e-481d-4a67-8775-12101c106557','instances\u005cuuid8960955e-481d-4a67-8775-12101c106557')
COMMIT
INSERT INTO RECORDED_INSTANCE VALUES('uuid:c6544901-94c7-4547-8508-ad9fc47a35de','instances\u005cuuidc6544901-94c7-4547-8508-ad9fc47a35de')
COMMIT
INSERT INTO RECORDED_INSTANCE VALUES('uuid:3ac8e1e5-62c2-470b-824b-796f4a6c7bba','instances\u005cuuid3ac8e1e5-62c2-470b-824b-796f4a6c7bba')
COMMIT
INSERT INTO RECORDED_INSTANCE VALUES('uuid:c7de58cb-d07d-40de-ae9b-dace183f1abd','instances\u005cuuidc7de58cb-d07d-40de-ae9b-dace183f1abd')
COMMIT
INSERT INTO RECORDED_INSTANCE VALUES('uuid:8c6dde16-62c0-4b38-bc76-3f0ed12d9f56','instances\u005cuuid8c6dde16-62c0-4b38-bc76-3f0ed12d9f56')
COMMIT
INSERT INTO RECORDED_INSTANCE VALUES('uuid:9c0ddec2-7bb7-45de-a736-679637d7a08c','instances\u005cuuid9c0ddec2-7bb7-45de-a736-679637d7a08c')
COMMIT
INSERT INTO RECORDED_INSTANCE VALUES('uuid:27287b33-4e62-43ee-8590-7fb6c6245207','instances\u005cuuid27287b33-4e62-43ee-8590-7fb6c6245207')
COMMIT
INSERT INTO RECORDED_INSTANCE VALUES('uuid:776e6e67-404e-4238-8dbd-2de3c24481a2','instances\u005cuuid776e6e67-404e-4238-8dbd-2de3c24481a2')
COMMIT
INSERT INTO RECORDED_INSTANCE VALUES('uuid:adbfc021-d405-4d8d-8b15-aa0a5323e581','instances\u005cuuidadbfc021-d405-4d8d-8b15-aa0a5323e581')
COMMIT
INSERT INTO RECORDED_INSTANCE VALUES('uuid:d68f5ac4-4cfe-425b-b9ed-17b2b2386c91','instances\u005cuuidd68f5ac4-4cfe-425b-b9ed-17b2b2386c91')
COMMIT
INSERT INTO RECORDED_INSTANCE VALUES('uuid:56e93b4d-2c95-4768-89dd-8f4a67ea6f96','instances\u005cuuid56e93b4d-2c95-4768-89dd-8f4a67ea6f96')
COMMIT
INSERT INTO RECORDED_INSTANCE VALUES('uuid:59b32bd2-e9cf-47ad-956c-25d7985b2286','instances\u005cuuid59b32bd2-e9cf-47ad-956c-25d7985b2286')
COMMIT
INSERT INTO RECORDED_INSTANCE VALUES('uuid:ea0c2078-39db-4141-9771-b2826fc4a304','instances\u005cuuidea0c2078-39db-4141-9771-b2826fc4a304')
COMMIT
INSERT INTO RECORDED_INSTANCE VALUES('uuid:95934330-c46e-4e61-b499-7439371d090a','instances\u005cuuid95934330-c46e-4e61-b499-7439371d090a')
COMMIT
/*C7*/SET SCHEMA PUBLIC
INSERT INTO RECORDED_INSTANCE VALUES('uuid:8c2a6c93-c03b-4f62-be7b-e0dd219e4d58','instances\u005cuuid8c2a6c93-c03b-4f62-be7b-e0dd219e4d58')
COMMIT
/*C6*/INSERT INTO RECORDED_INSTANCE VALUES('uuid:9dd55b96-719b-40b0-9718-fdc0e9795520','instances\u005cuuid9dd55b96-719b-40b0-9718-fdc0e9795520')
COMMIT
INSERT INTO RECORDED_INSTANCE VALUES('uuid:99177800-6434-4065-9e4c-47ffd96b8c1d','instances\u005cuuid99177800-6434-4065-9e4c-47ffd96b8c1d')
COMMIT
/*C7*/INSERT INTO RECORDED_INSTANCE VALUES('uuid:da3b4a51-4828-4a17-823c-0af6b96b0385','instances\u005cuuidda3b4a51-4828-4a17-823c-0af6b96b0385')
COMMIT
/*C6*/INSERT INTO RECORDED_INSTANCE VALUES('uuid:280fb2ba-8380-43a0-976e-f59e3a1ab56b','instances\u005cuuid280fb2ba-8380-43a0-976e-f59e3a1ab56b')
COMMIT
INSERT INTO RECORDED_INSTANCE VALUES('uuid:a3e2b689-c11c-4928-a8bd-1c49dc9fb1f2','instances\u005cuuida3e2b689-c11c-4928-a8bd-1c49dc9fb1f2')
COMMIT
/*C7*/INSERT INTO RECORDED_INSTANCE VALUES('uuid:f67d565b-51ec-4ebf-ba4e-6ed7ae693b99','instances\u005cuuidf67d565b-51ec-4ebf-ba4e-6ed7ae693b99')
COMMIT
/*C6*/INSERT INTO RECORDED_INSTANCE VALUES('uuid:af2ab5c2-028f-402e-aec7-86770145a7de','instances\u005cuuidaf2ab5c2-028f-402e-aec7-86770145a7de')
COMMIT
INSERT INTO RECORDED_INSTANCE VALUES('uuid:28d54f20-6f25-45d3-a011-d6522be3ead6','instances\u005cuuid28d54f20-6f25-45d3-a011-d6522be3ead6')
COMMIT
/*C7*/INSERT INTO RECORDED_INSTANCE VALUES('uuid:c4b91883-50ff-42e6-8d02-f3b8ed5afc6c','instances\u005cuuidc4b91883-50ff-42e6-8d02-f3b8ed5afc6c')
COMMIT
/*C6*/INSERT INTO RECORDED_INSTANCE VALUES('uuid:2bc29134-ff57-4bde-a62c-5a80ecec519d','instances\u005cuuid2bc29134-ff57-4bde-a62c-5a80ecec519d')
COMMIT
INSERT INTO RECORDED_INSTANCE VALUES('uuid:311ebf8a-627d-4ccd-b113-86b9606c6c9c','instances\u005cuuid311ebf8a-627d-4ccd-b113-86b9606c6c9c')
COMMIT
/*C7*/INSERT INTO RECORDED_INSTANCE VALUES('uuid:7652cc08-51fb-498e-9e7d-a971815855ee','instances\u005cuuid7652cc08-51fb-498e-9e7d-a971815855ee')
COMMIT
/*C6*/INSERT INTO RECORDED_INSTANCE VALUES('uuid:55883be5-cb11-401d-89f9-9fb6a5486f2d','instances\u005cuuid55883be5-cb11-401d-89f9-9fb6a5486f2d')
COMMIT
INSERT INTO RECORDED_INSTANCE VALUES('uuid:9466deee-4188-4e4b-b98b-1735bc78ad2e','instances\u005cuuid9466deee-4188-4e4b-b98b-1735bc78ad2e')
COMMIT
/*C7*/INSERT INTO RECORDED_INSTANCE VALUES('uuid:9de7be28-68ee-4436-a448-644d5d9d55c5','instances\u005cuuid9de7be28-68ee-4436-a448-644d5d9d55c5')
COMMIT
/*C6*/INSERT INTO RECORDED_INSTANCE VALUES('uuid:7e169dce-bfde-4afb-b5d5-14ee160f7305','instances\u005cuuid7e169dce-bfde-4afb-b5d5-14ee160f7305')
COMMIT
INSERT INTO RECORDED_INSTANCE VALUES('uuid:6c800409-c4f0-4093-8c5d-5314f5f409d0','instances\u005cuuid6c800409-c4f0-4093-8c5d-5314f5f409d0')
COMMIT
/*C7*/INSERT INTO RECORDED_INSTANCE VALUES('uuid:117061ba-3b0d-4509-a367-e5b3cda8b67a','instances\u005cuuid117061ba-3b0d-4509-a367-e5b3cda8b67a')
COMMIT
/*C6*/INSERT INTO RECORDED_INSTANCE VALUES('uuid:7b2ceb46-01de-4606-9e92-36bf1cbef675','instances\u005cuuid7b2ceb46-01de-4606-9e92-36bf1cbef675')
COMMIT
INSERT INTO RECORDED_INSTANCE VALUES('uuid:f32f3799-5d6d-4af9-9214-deb324cb681a','instances\u005cuuidf32f3799-5d6d-4af9-9214-deb324cb681a')
COMMIT
INSERT INTO RECORDED_INSTANCE VALUES('uuid:4c10c066-aa96-4e99-90a9-51f6e30c71ba','instances\u005cuuid4c10c066-aa96-4e99-90a9-51f6e30c71ba')
COMMIT
INSERT INTO RECORDED_INSTANCE VALUES('uuid:088e9942-c976-43c8-8a4f-ea8b9a83ec70','instances\u005cuuid088e9942-c976-43c8-8a4f-ea8b9a83ec70')
COMMIT
/*C7*/INSERT INTO RECORDED_INSTANCE VALUES('uuid:9bbe50d0-da86-4f85-945f-35c69b153e00','instances\u005cuuid9bbe50d0-da86-4f85-945f-35c69b153e00')
COMMIT
/*C6*/INSERT INTO RECORDED_INSTANCE VALUES('uuid:311032c7-59a7-47c9-ab16-031df6a92516','instances\u005cuuid311032c7-59a7-47c9-ab16-031df6a92516')
COMMIT
INSERT INTO RECORDED_INSTANCE VALUES('uuid:7ba72a5b-f36d-49d5-8476-858412db2149','instances\u005cuuid7ba72a5b-f36d-49d5-8476-858412db2149')
COMMIT
/*C7*/INSERT INTO RECORDED_INSTANCE VALUES('uuid:bc8cb9f8-94b4-494a-8c6e-3355e839b0a6','instances\u005cuuidbc8cb9f8-94b4-494a-8c6e-3355e839b0a6')
COMMIT
/*C6*/INSERT INTO RECORDED_INSTANCE VALUES('uuid:8ed41104-8a22-4443-8321-bd26520c0262','instances\u005cuuid8ed41104-8a22-4443-8321-bd26520c0262')
COMMIT
INSERT INTO RECORDED_INSTANCE VALUES('uuid:bb22a485-ef87-44e2-a0f8-0cef074386c9','instances\u005cuuidbb22a485-ef87-44e2-a0f8-0cef074386c9')
COMMIT
INSERT INTO RECORDED_INSTANCE VALUES('uuid:abfed7bb-cd81-4938-adac-b4acaae1a08f','instances\u005cuuidabfed7bb-cd81-4938-adac-b4acaae1a08f')
COMMIT
INSERT INTO RECORDED_INSTANCE VALUES('uuid:4485ad6f-c547-4c27-a19b-acae2ddbe89f','instances\u005cuuid4485ad6f-c547-4c27-a19b-acae2ddbe89f')
COMMIT
INSERT INTO RECORDED_INSTANCE VALUES('uuid:f7b0ad90-cc7e-4b40-8366-3dba99e63d55','instances\u005cuuidf7b0ad90-cc7e-4b40-8366-3dba99e63d55')
COMMIT
INSERT INTO RECORDED_INSTANCE VALUES('uuid:fd2fa6b2-e394-4dbf-83d6-6f29d5060a00','instances\u005cuuidfd2fa6b2-e394-4dbf-83d6-6f29d5060a00')
COMMIT
/*C7*/INSERT INTO RECORDED_INSTANCE VALUES('uuid:80386567-7978-469e-b9d0-269f5952a788','instances\u005cuuid80386567-7978-469e-b9d0-269f5952a788')
COMMIT
/*C6*/INSERT INTO RECORDED_INSTANCE VALUES('uuid:c68cbd6e-bec7-4efb-a73e-cca16423271c','instances\u005cuuidc68cbd6e-bec7-4efb-a73e-cca16423271c')
COMMIT
INSERT INTO RECORDED_INSTANCE VALUES('uuid:6788ac9a-8701-46f2-9a3b-ac5e99e203bc','instances\u005cuuid6788ac9a-8701-46f2-9a3b-ac5e99e203bc')
COMMIT
INSERT INTO RECORDED_INSTANCE VALUES('uuid:48aa30ef-826e-4677-b5e7-2a321cffd9c6','instances\u005cuuid48aa30ef-826e-4677-b5e7-2a321cffd9c6')
COMMIT
INSERT INTO RECORDED_INSTANCE VALUES('uuid:aa40dcac-2e44-45e0-a3dd-c39db985d832','instances\u005cuuidaa40dcac-2e44-45e0-a3dd-c39db985d832')
COMMIT
INSERT INTO RECORDED_INSTANCE VALUES('uuid:8ceed29a-38db-4667-9cdf-e2eec0a1d208','instances\u005cuuid8ceed29a-38db-4667-9cdf-e2eec0a1d208')
COMMIT
INSERT INTO RECORDED_INSTANCE VALUES('uuid:20f5a818-a450-47ab-a5c9-a4e75f8c0956','instances\u005cuuid20f5a818-a450-47ab-a5c9-a4e75f8c0956')
COMMIT
INSERT INTO RECORDED_INSTANCE VALUES('uuid:ce1a45ea-94e5-4aba-aa57-c22711352ad7','instances\u005cuuidce1a45ea-94e5-4aba-aa57-c22711352ad7')
COMMIT
/*C7*/INSERT INTO RECORDED_INSTANCE VALUES('uuid:d990f053-2999-405c-9dc7-04a76f48628a','instances\u005cuuidd990f053-2999-405c-9dc7-04a76f48628a')
COMMIT
/*C6*/INSERT INTO RECORDED_INSTANCE VALUES('uuid:82783afa-721a-447d-8228-053f6df4bb5d','instances\u005cuuid82783afa-721a-447d-8228-053f6df4bb5d')
COMMIT
INSERT INTO RECORDED_INSTANCE VALUES('uuid:549e021a-ec95-4c2a-9a9f-e6b54649266a','instances\u005cuuid549e021a-ec95-4c2a-9a9f-e6b54649266a')
COMMIT
INSERT INTO RECORDED_INSTANCE VALUES('uuid:b0b37e4e-691f-4660-b57f-c1f683e6724c','instances\u005cuuidb0b37e4e-691f-4660-b57f-c1f683e6724c')
COMMIT
INSERT INTO RECORDED_INSTANCE VALUES('uuid:c4073dfe-73d7-4d2d-9252-b717ed446b32','instances\u005cuuidc4073dfe-73d7-4d2d-9252-b717ed446b32')
COMMIT
/*C7*/INSERT INTO RECORDED_INSTANCE VALUES('uuid:7ecc1641-afe6-430a-b4e6-62b60ea6093b','instances\u005cuuid7ecc1641-afe6-430a-b4e6-62b60ea6093b')
COMMIT
/*C6*/INSERT INTO RECORDED_INSTANCE VALUES('uuid:442e64f8-5196-4948-9a09-83532bdb57e7','instances\u005cuuid442e64f8-5196-4948-9a09-83532bdb57e7')
COMMIT
INSERT INTO RECORDED_INSTANCE VALUES('uuid:677ef047-eb76-492f-b90d-269b57db885f','instances\u005cuuid677ef047-eb76-492f-b90d-269b57db885f')
COMMIT
/*C7*/INSERT INTO RECORDED_INSTANCE VALUES('uuid:0b4a9c2a-10d0-444d-9a9f-b870bd098b03','instances\u005cuuid0b4a9c2a-10d0-444d-9a9f-b870bd098b03')
COMMIT
/*C6*/INSERT INTO RECORDED_INSTANCE VALUES('uuid:536074a5-9b56-4b7a-95b3-9547c632b129','instances\u005cuuid536074a5-9b56-4b7a-95b3-9547c632b129')
COMMIT
INSERT INTO RECORDED_INSTANCE VALUES('uuid:ea5913fb-b688-4b01-8e29-b759ff23bcb9','instances\u005cuuidea5913fb-b688-4b01-8e29-b759ff23bcb9')
COMMIT
INSERT INTO RECORDED_INSTANCE VALUES('uuid:8c59393d-c5c6-4dd2-a951-005fcc8acf91','instances\u005cuuid8c59393d-c5c6-4dd2-a951-005fcc8acf91')
COMMIT
INSERT INTO RECORDED_INSTANCE VALUES('uuid:85ae003f-2cb1-4dcb-b1a5-bb87b322a62e','instances\u005cuuid85ae003f-2cb1-4dcb-b1a5-bb87b322a62e')
COMMIT
INSERT INTO RECORDED_INSTANCE VALUES('uuid:fa74b3cf-499a-4cea-8f30-10e9d314ce56','instances\u005cuuidfa74b3cf-499a-4cea-8f30-10e9d314ce56')
COMMIT
INSERT INTO RECORDED_INSTANCE VALUES('uuid:2fb9cc36-5d2b-44b3-889f-aee0b5611a16','instances\u005cuuid2fb9cc36-5d2b-44b3-889f-aee0b5611a16')
COMMIT
INSERT INTO RECORDED_INSTANCE VALUES('uuid:b6e84cd0-4f68-437f-91a3-8d91bb47327a','instances\u005cuuidb6e84cd0-4f68-437f-91a3-8d91bb47327a')
COMMIT
/*C7*/INSERT INTO RECORDED_INSTANCE VALUES('uuid:6d54be52-f059-44bf-b838-4d638fbc4b7b','instances\u005cuuid6d54be52-f059-44bf-b838-4d638fbc4b7b')
COMMIT
/*C6*/INSERT INTO RECORDED_INSTANCE VALUES('uuid:e36c66bc-53f1-46bd-98ba-607191d40c53','instances\u005cuuide36c66bc-53f1-46bd-98ba-607191d40c53')
COMMIT
INSERT INTO RECORDED_INSTANCE VALUES('uuid:b7713f01-1d66-41c7-9ff1-345b7575e3ac','instances\u005cuuidb7713f01-1d66-41c7-9ff1-345b7575e3ac')
COMMIT
INSERT INTO RECORDED_INSTANCE VALUES('uuid:d3c2f37f-b74f-40e7-85d9-ea92e639f283','instances\u005cuuidd3c2f37f-b74f-40e7-85d9-ea92e639f283')
COMMIT
INSERT INTO RECORDED_INSTANCE VALUES('uuid:7978e874-2705-43c5-a376-f9ddcbfb55eb','instances\u005cuuid7978e874-2705-43c5-a376-f9ddcbfb55eb')
COMMIT
/*C7*/INSERT INTO RECORDED_INSTANCE VALUES('uuid:f2c87ead-c156-4cfc-bf1c-192eb22879e3','instances\u005cuuidf2c87ead-c156-4cfc-bf1c-192eb22879e3')
COMMIT
/*C6*/INSERT INTO RECORDED_INSTANCE VALUES('uuid:8c87bedc-bbd0-4427-b63c-935aa30c278b','instances\u005cuuid8c87bedc-bbd0-4427-b63c-935aa30c278b')
COMMIT
INSERT INTO RECORDED_INSTANCE VALUES('uuid:d643447d-297d-48c3-ab1b-60b5b5ccae39','instances\u005cuuidd643447d-297d-48c3-ab1b-60b5b5ccae39')
COMMIT
INSERT INTO RECORDED_INSTANCE VALUES('uuid:ea26545e-514c-4269-b0d7-dfb701c9359a','instances\u005cuuidea26545e-514c-4269-b0d7-dfb701c9359a')
COMMIT
/*C7*/INSERT INTO RECORDED_INSTANCE VALUES('uuid:d0051fac-9c1c-46de-ae64-9378a311898a','instances\u005cuuidd0051fac-9c1c-46de-ae64-9378a311898a')
COMMIT
/*C6*/INSERT INTO RECORDED_INSTANCE VALUES('uuid:9dd26aa8-d944-4933-b9a2-eb7329b6aa50','instances\u005cuuid9dd26aa8-d944-4933-b9a2-eb7329b6aa50')
COMMIT
INSERT INTO RECORDED_INSTANCE VALUES('uuid:90a68a7a-e076-4fdb-85f0-2679729aa159','instances\u005cuuid90a68a7a-e076-4fdb-85f0-2679729aa159')
COMMIT
INSERT INTO RECORDED_INSTANCE VALUES('uuid:9df0f9c9-bf5c-4082-874b-53170881c67f','instances\u005cuuid9df0f9c9-bf5c-4082-874b-53170881c67f')
COMMIT
INSERT INTO RECORDED_INSTANCE VALUES('uuid:482c2538-bb91-4ae9-a038-87bc36978322','instances\u005cuuid482c2538-bb91-4ae9-a038-87bc36978322')
COMMIT
INSERT INTO RECORDED_INSTANCE VALUES('uuid:3850734f-71a1-405a-b2fb-34a86308a206','instances\u005cuuid3850734f-71a1-405a-b2fb-34a86308a206')
COMMIT
INSERT INTO RECORDED_INSTANCE VALUES('uuid:1b66fbdd-4e85-4fc0-bbdb-3ef3278a113d','instances\u005cuuid1b66fbdd-4e85-4fc0-bbdb-3ef3278a113d')
COMMIT
INSERT INTO RECORDED_INSTANCE VALUES('uuid:613a9379-fb11-4269-8562-8bb28f5ba3f5','instances\u005cuuid613a9379-fb11-4269-8562-8bb28f5ba3f5')
COMMIT
DISCONNECT
/*C7*/INSERT INTO RECORDED_INSTANCE VALUES('uuid:010eb92b-b643-4f61-b31b-28b2edfeb443','instances\u005cuuid010eb92b-b643-4f61-b31b-28b2edfeb443')
COMMIT
INSERT INTO RECORDED_INSTANCE VALUES('uuid:c1d34a26-2ef5-4127-838e-75e47fadc915','instances\u005cuuidc1d34a26-2ef5-4127-838e-75e47fadc915')
COMMIT
INSERT INTO RECORDED_INSTANCE VALUES('uuid:7b8c64fb-c952-49db-b427-e9b3254b89de','instances\u005cuuid7b8c64fb-c952-49db-b427-e9b3254b89de')
COMMIT
INSERT INTO RECORDED_INSTANCE VALUES('uuid:1d9abfae-2c05-4910-ba97-f63723a5ae0e','instances\u005cuuid1d9abfae-2c05-4910-ba97-f63723a5ae0e')
COMMIT
INSERT INTO RECORDED_INSTANCE VALUES('uuid:e06721f0-e514-42b5-bab8-e8571a30bd91','instances\u005cuuide06721f0-e514-42b5-bab8-e8571a30bd91')
COMMIT
INSERT INTO RECORDED_INSTANCE VALUES('uuid:9425d96e-9ccc-42d9-baab-a13be3fb6063','instances\u005cuuid9425d96e-9ccc-42d9-baab-a13be3fb6063')
COMMIT
INSERT INTO RECORDED_INSTANCE VALUES('uuid:c0270ba4-7ea5-44cd-a948-a73b953163cf','instances\u005cuuidc0270ba4-7ea5-44cd-a948-a73b953163cf')
COMMIT
INSERT INTO RECORDED_INSTANCE VALUES('uuid:772542d3-3fa3-4c40-b953-e9925b1fba78','instances\u005cuuid772542d3-3fa3-4c40-b953-e9925b1fba78')
COMMIT
INSERT INTO RECORDED_INSTANCE VALUES('uuid:8ae96a79-fa22-4f21-b93c-2696aa240912','instances\u005cuuid8ae96a79-fa22-4f21-b93c-2696aa240912')
COMMIT
INSERT INTO RECORDED_INSTANCE VALUES('uuid:3701850e-2cd7-4ad3-839c-aa7776cebbb0','instances\u005cuuid3701850e-2cd7-4ad3-839c-aa7776cebbb0')
COMMIT
INSERT INTO RECORDED_INSTANCE VALUES('uuid:51b438e2-70ac-4554-827c-968a1c76b9de','instances\u005cuuid51b438e2-70ac-4554-827c-968a1c76b9de')
COMMIT
INSERT INTO RECORDED_INSTANCE VALUES('uuid:780f4f3e-cb33-451b-9dd4-b3b2647eac6e','instances\u005cuuid780f4f3e-cb33-451b-9dd4-b3b2647eac6e')
COMMIT
INSERT INTO RECORDED_INSTANCE VALUES('uuid:fa4d3403-83f5-4c83-a6a3-343032a32110','instances\u005cuuidfa4d3403-83f5-4c83-a6a3-343032a32110')
COMMIT
INSERT INTO RECORDED_INSTANCE VALUES('uuid:67efb420-66f1-493c-9f00-3f2f540015da','instances\u005cuuid67efb420-66f1-493c-9f00-3f2f540015da')
COMMIT
INSERT INTO RECORDED_INSTANCE VALUES('uuid:8d9fd78f-4893-4958-ad7e-a48d32e6430b','instances\u005cuuid8d9fd78f-4893-4958-ad7e-a48d32e6430b')
COMMIT
INSERT INTO RECORDED_INSTANCE VALUES('uuid:a69091a8-69dc-440d-8745-fbe095c30a73','instances\u005cuuida69091a8-69dc-440d-8745-fbe095c30a73')
COMMIT
INSERT INTO RECORDED_INSTANCE VALUES('uuid:0ec6173b-44bd-4b14-a79c-ef342828d219','instances\u005cuuid0ec6173b-44bd-4b14-a79c-ef342828d219')
COMMIT
INSERT INTO RECORDED_INSTANCE VALUES('uuid:bc2aa158-a35f-49eb-abdb-9d25efb0b339','instances\u005cuuidbc2aa158-a35f-49eb-abdb-9d25efb0b339')
COMMIT
INSERT INTO RECORDED_INSTANCE VALUES('uuid:4ee06aad-cce7-43c9-8f7f-6dd9887eca83','instances\u005cuuid4ee06aad-cce7-43c9-8f7f-6dd9887eca83')
COMMIT
DISCONNECT
