LOGGFIL FOR SOSI->SHAPE KONV
E:\PUMATEC\bin\sosi2shp.exe  versjon 2.0 1998-04-01
GD-lib.  versjon 2.0 1998-04-01
GD-koord versjon 1.0b1 1997-10-05

Prosjektfil..................: C:\TEMP\GDp7
Inifil for prosjekt..........: E:\PUMATEC\bin\sosi2av.ini
Loggfil......................: L:\mine\pemba.log

Nivå.........................: 3

OPPSETT

SOSIDEF_FIL..................: e:\pumatec\standard\sosidef.txt
Flateformat..................: 2
GJEMME_OPPRINNELSE...........: 1
ARV_FRA_HODE.................: 1
Maks_kordelengde.............: 5.000
Maks_retningsendring.........: 5.000
ANNO_NAVN....................: TEKST
REGION_NAVN..................: POLY


SOSI-filer :
	E:\Data\Basemaps\SC_5000\PEMBA\Pemba.sos


Resultatfiler (SHAPE):
	L:\mine\pembap (PUNKT)
	L:\mine\pembal (LINJE)
	L:\mine\pembat (TEKST)


KONVERTERING
Start konvertering :
Fri Sep 22 08:42:18 2000

Leser E:\Data\Basemaps\SC_5000\PEMBA\Pemba.sos

HODE:
ADVR! Linjenr 15: ENHET-H er ikke definert i hodet. Verdi for ENHET benyttes.
ADVR! Linjenr 15: ENHET-D er ikke definert i hodet. Verdi for ENHET benyttes.
..ENHET 0.010000
..TEGNSETT DOSN8
..ORIGO-NØ	8560000	657500
..OMRÅDE
...MIN-NØ	8560000	657500
...MAX-NØ	8569000	671500
..KOORDSYS 99


RESULTAT PUNKT:
Ant. supportert i SOSI-filene: 2739
Ant. skrevet.................: 2739
Ant. egenskaper definert.....: 9
	PTEMA H4 1
	HØYDE D10.2 1
	MÅLEMETODE H2 1
	NØYAKTIGHET H5 1
	SYNBARHET H2 1
	H-MÅLEMETODE H2 1
	H-NØYAKTIGHET H5 1
	MAX-AVVIK H6 1
	DATO DATO 1
PTEMA og antall konvertert
	1000	13
	2101	788
	4201	49
	4202	438
	4210	49
	4211	150
	4213	198
	4232	27
	4241	19
	4251	2
	4261	9
	4262	3
	4401	760
	6111	8
	6201	15
	7201	2
	8101	158
	8102	41
	8901	10

RESULTAT LINJE:
Ant. supportert i SOSI-filene: 30939
Ant. skrevet.................: 30939
Ant. egenskaper definert.....: 10
	LTEMA H4 1
	HØYDE D10.2 1
	MÅLEMETODE H2 1
	NØYAKTIGHET H5 1
	SYNBARHET H2 1
	H-MÅLEMETODE H2 1
	H-NØYAKTIGHET H5 1
	MAX-AVVIK H6 1
	RADIUS D10.2 1
	DATO DATO 1
LTEMA og antall konvertert
	2001	1352
	2002	317
	2003	68
	2202	1
	3000	26
	3100	9
	3201	31
	3202	59
	3211	30
	4006	18
	4200	341
	4411	2
	5101	17583
	5131	12
	5132	42
	5191	5
	5192	31
	6001	188
	6101	6307
	6102	345
	6202	12
	6301	3
	6303	1
	6999	49
	7011	255
	7012	377
	7202	4
	7401	894
	7403	2541
	7502	10
	8001	26

RESULTAT TEKST:
Ant. supportert i SOSI-filene: 1109
Ant. skrevet.................: 1109
Ant. egenskaper definert.....: 9
	TTEMA H4 1
	MÅLEMETODE H2 1
	NØYAKTIGHET H5 1
	SYNBARHET H2 1
	H-MÅLEMETODE H2 1
	H-NØYAKTIGHET H5 1
	MAX-AVVIK H6 1
	STRENG T70 1
	DATO DATO 1
TTEMA og antall konvertert
	1000	26
	2101	773
	9202	17
	9402	32
	9411	114
	9500	14
	9501	8
	9503	1
	9601	124
