LOGGFIL FOR SOSI->SHAPE KONV
E:\PUMATEC\bin\sosi2shp.exe  versjon 2.0 1998-04-01
GD-lib.  versjon 2.0 1998-04-01
GD-koord versjon 1.0b1 1997-10-05

Prosjektfil..................: C:\TEMP\GDp7
Inifil for prosjekt..........: E:\PUMATEC\bin\sosi2av.ini
Loggfil......................: L:\mine\nampula.log

Nivå.........................: 3

OPPSETT

SOSIDEF_FIL..................: e:\pumatec\standard\sosidef.txt
Flateformat..................: 2
GJEMME_OPPRINNELSE...........: 1
ARV_FRA_HODE.................: 1
Maks_kordelengde.............: 5.000
Maks_retningsendring.........: 5.000
ANNO_NAVN....................: TEKST
REGION_NAVN..................: POLY


SOSI-filer :
	E:\Data\Basemaps\SC_5000\NAMPULA\B26043_2.sos
	E:\Data\Basemaps\SC_5000\NAMPULA\B26043_3.sos
	E:\Data\Basemaps\SC_5000\NAMPULA\B26043_4.sos
	E:\Data\Basemaps\SC_5000\NAMPULA\B26044_1.sos
	E:\Data\Basemaps\SC_5000\NAMPULA\B26044_2.sos
	E:\Data\Basemaps\SC_5000\NAMPULA\B26044_3.sos
	E:\Data\Basemaps\SC_5000\NAMPULA\B26044_4.sos
	E:\Data\Basemaps\SC_5000\NAMPULA\B27043_1.sos
	E:\Data\Basemaps\SC_5000\NAMPULA\B27043_3.sos
	E:\Data\Basemaps\SC_5000\NAMPULA\B27044_1.sos
	E:\Data\Basemaps\SC_5000\NAMPULA\B27044_2.sos
	E:\Data\Basemaps\SC_5000\NAMPULA\B27044_3.sos
	E:\Data\Basemaps\SC_5000\NAMPULA\B27044_4.sos


Resultatfiler (SHAPE):
	L:\mine\nampulap (PUNKT)
	L:\mine\nampulal (LINJE)
	L:\mine\nampulat (TEKST)


KONVERTERING
Start konvertering :
Fri Sep 22 08:49:11 2000

Leser E:\Data\Basemaps\SC_5000\NAMPULA\B26043_2.sos

HODE:
ADVR! Linjenr 15: ENHET-H er ikke definert i hodet. Verdi for ENHET benyttes.
ADVR! Linjenr 15: ENHET-D er ikke definert i hodet. Verdi for ENHET benyttes.
..ENHET 0.010000
..TEGNSETT DOSN8
..ORIGO-NØ	8338000	521000
..OMRÅDE
...MIN-NØ	8338000	521000
...MAX-NØ	8344000	528000
..KOORDSYS 99

Leser E:\Data\Basemaps\SC_5000\NAMPULA\B26043_3.sos
ADVR! Linjenr 15: ENHET-H er ikke definert i hodet. Verdi for ENHET benyttes.
ADVR! Linjenr 15: ENHET-D er ikke definert i hodet. Verdi for ENHET benyttes.
Leser E:\Data\Basemaps\SC_5000\NAMPULA\B26043_4.sos
ADVR! Linjenr 15: ENHET-H er ikke definert i hodet. Verdi for ENHET benyttes.
ADVR! Linjenr 15: ENHET-D er ikke definert i hodet. Verdi for ENHET benyttes.
Leser E:\Data\Basemaps\SC_5000\NAMPULA\B26044_1.sos
ADVR! Linjenr 15: ENHET-H er ikke definert i hodet. Verdi for ENHET benyttes.
ADVR! Linjenr 15: ENHET-D er ikke definert i hodet. Verdi for ENHET benyttes.
Leser E:\Data\Basemaps\SC_5000\NAMPULA\B26044_2.sos
ADVR! Linjenr 15: ENHET-H er ikke definert i hodet. Verdi for ENHET benyttes.
ADVR! Linjenr 15: ENHET-D er ikke definert i hodet. Verdi for ENHET benyttes.
ADVR! Linjenr 420546: egenskap NOYAKTIGHE, har for mange tegn (6), den vil bli kuttet til 5 tegn
Leser E:\Data\Basemaps\SC_5000\NAMPULA\B26044_3.sos
ADVR! Linjenr 15: ENHET-H er ikke definert i hodet. Verdi for ENHET benyttes.
ADVR! Linjenr 15: ENHET-D er ikke definert i hodet. Verdi for ENHET benyttes.
Leser E:\Data\Basemaps\SC_5000\NAMPULA\B26044_4.sos
ADVR! Linjenr 15: ENHET-H er ikke definert i hodet. Verdi for ENHET benyttes.
ADVR! Linjenr 15: ENHET-D er ikke definert i hodet. Verdi for ENHET benyttes.
Leser E:\Data\Basemaps\SC_5000\NAMPULA\B27043_1.sos
ADVR! Linjenr 15: ENHET-H er ikke definert i hodet. Verdi for ENHET benyttes.
ADVR! Linjenr 15: ENHET-D er ikke definert i hodet. Verdi for ENHET benyttes.
Leser E:\Data\Basemaps\SC_5000\NAMPULA\B27043_3.sos
ADVR! Linjenr 15: ENHET-H er ikke definert i hodet. Verdi for ENHET benyttes.
ADVR! Linjenr 15: ENHET-D er ikke definert i hodet. Verdi for ENHET benyttes.
Leser E:\Data\Basemaps\SC_5000\NAMPULA\B27044_1.sos
ADVR! Linjenr 15: ENHET-H er ikke definert i hodet. Verdi for ENHET benyttes.
ADVR! Linjenr 15: ENHET-D er ikke definert i hodet. Verdi for ENHET benyttes.
FEIL! Linjenr 97484: .BUE Radius 2.200000 er for liten, avstand mellom punkter er 4.408821!
FEIL! Linjenr 97527: .BUE Radius 2.410000 er for liten, avstand mellom punkter er 4.823287!
Leser E:\Data\Basemaps\SC_5000\NAMPULA\B27044_2.sos
ADVR! Linjenr 15: ENHET-H er ikke definert i hodet. Verdi for ENHET benyttes.
ADVR! Linjenr 15: ENHET-D er ikke definert i hodet. Verdi for ENHET benyttes.
Leser E:\Data\Basemaps\SC_5000\NAMPULA\B27044_3.sos
ADVR! Linjenr 15: ENHET-H er ikke definert i hodet. Verdi for ENHET benyttes.
ADVR! Linjenr 15: ENHET-D er ikke definert i hodet. Verdi for ENHET benyttes.
Leser E:\Data\Basemaps\SC_5000\NAMPULA\B27044_4.sos
ADVR! Linjenr 15: ENHET-H er ikke definert i hodet. Verdi for ENHET benyttes.
ADVR! Linjenr 15: ENHET-D er ikke definert i hodet. Verdi for ENHET benyttes.

RESULTAT PUNKT:
Ant. supportert i SOSI-filene: 15629
Ant. skrevet.................: 15629
Ant. egenskaper definert.....: 12
	PTEMA H4 1
	HØYDE D10.2 1
	MÅLEMETODE H2 1
	NØYAKTIGHET H5 1
	SYNBARHET H2 1
	H-MÅLEMETODE H2 1
	H-NØYAKTIGHET H5 1
	MAX-AVVIK H6 1
	KOMM H4 1
	FMIDGML T11 1
	DATO DATO 1
	HREF T3 1
PTEMA og antall konvertert
	1000	19
	2101	2143
	3201	1
	3301	263
	4201	1842
	4202	5482
	4210	444
	4211	189
	4212	30
	4213	2420
	4231	71
	4232	71
	4241	69
	4251	11
	4252	391
	4261	94
	4262	12
	4401	1115
	4411	210
	4415	53
	5000	2
	5192	6
	6111	13
	6201	25
	7201	2
	8001	28
	8101	531
	8102	60
	8601	14
	8901	18

RESULTAT LINJE:
Ant. supportert i SOSI-filene: 152387
Ant. skrevet.................: 152385
Ant. egenskaper definert.....: 13
	LTEMA H4 1
	HØYDE D10.2 1
	MÅLEMETODE H2 1
	NØYAKTIGHET H5 1
	SYNBARHET H2 1
	H-MÅLEMETODE H2 1
	H-NØYAKTIGHET H5 1
	MAX-AVVIK H6 1
	RADIUS D10.2 1
	KOMM H4 1
	MEDIUM T1 1
	DATO DATO 1
	HREF T3 1
LTEMA og antall konvertert
	2001	32117
	2002	479
	2003	201
	2201	1
	2202	1
	3100	102
	3201	677
	3202	192
	3211	67
	4006	71
	4200	3610
	5101	81215
	5131	547
	5132	808
	5191	10
	5192	41
	6001	262
	6101	12502
	6102	136
	6103	41
	6202	28
	6302	34
	6303	2
	6999	189
	7011	724
	7012	2558
	7101	142
	7202	4
	7401	1370
	7403	14088
	7501	28
	7502	14
	7504	18
	8001	85
	8501	20

RESULTAT TEKST:
Ant. supportert i SOSI-filene: 3372
Ant. skrevet.................: 3372
Ant. egenskaper definert.....: 10
	TTEMA H4 1
	MÅLEMETODE H2 1
	NØYAKTIGHET H5 1
	SYNBARHET H2 1
	H-MÅLEMETODE H2 1
	H-NØYAKTIGHET H5 1
	MAX-AVVIK H6 1
	STRENG T70 1
	KOMM H4 1
	DATO DATO 1
TTEMA og antall konvertert
	1000	38
	2003	1
	2101	2138
	9202	67
	9401	51
	9402	30
	9411	157
	9500	35
	9501	1
	9503	68
	9601	786
